---
source: tests/common/mod.rs
expression: funcspace_struct
---
name: "[filepath]"
start_line: 1
end_line: 97
kind: unit
spaces:
  - name: util
    start_line: 16
    end_line: 95
    kind: namespace
    spaces:
      - name: FileStream
        start_line: 18
        end_line: 93
        kind: class
        spaces:
          - name: FileStream
            start_line: 20
            end_line: 24
            kind: function
            spaces: []
            metrics:
              nargs:
                function_args: 2
                closure_args: 0
                function_args_average: 2
                closure_args_average: 0
                total: 2
                average: 2
                function_args_min: 2
                function_args_max: 2
                closure_args_min: 0
                closure_args_max: 0
              nexits:
                sum: 0
                average: 0
                min: 0
                max: 0
              cognitive:
                sum: 0
                value: 0
                average: 0
                min: 0
                max: 0
              cyclomatic:
                sum: 1
                value: 1
                average: 1
                min: 1
                max: 1
                modified:
                  sum: 1
                  value: 1
                  average: 1
                  min: 1
                  max: 1
              halstead:
                unique_operators: 13
                total_operators: 37
                unique_operands: 15
                total_operands: 24
                length: 61
                estimated_program_length: 106.709
                purity_ratio: 1.749
                vocabulary: 28
                volume: 293.249
                difficulty: 10.4
                level: 0.096
                effort: 3049.786
                time: 169.433
                bugs: 0.07
              loc:
                sloc: 5
                ploc: 5
                lloc: 0
                cloc: 0
                blank: 0
                sloc_average: 5
                ploc_average: 5
                lloc_average: 0
                cloc_average: 0
                blank_average: 0
                sloc_min: 5
                sloc_max: 5
                cloc_min: 0
                cloc_max: 0
                ploc_min: 5
                ploc_max: 5
                lloc_min: 0
                lloc_max: 0
                blank_min: 0
                blank_max: 0
              nom:
                functions: 1
                closures: 0
                functions_average: 1
                closures_average: 0
                total: 1
                average: 1
                functions_min: 1
                functions_max: 1
                closures_min: 0
                closures_max: 0
              tokens:
                tokens: 79
                average: 79
                min: 79
                max: 79
              mi:
                original: 115.156
                sei: 90.536
                visual_studio: 67.343
              abc:
                assignments: 0
                branches: 5
                conditions: 0
                magnitude: 5
                value: 5
                assignments_average: 0
                branches_average: 5
                conditions_average: 0
                assignments_min: 0
                assignments_max: 0
                branches_min: 5
                branches_max: 5
                conditions_min: 0
                conditions_max: 0
          - name: FileStream
            start_line: 27
            end_line: 30
            kind: function
            spaces: []
            metrics:
              nargs:
                function_args: 1
                closure_args: 0
                function_args_average: 1
                closure_args_average: 0
                total: 1
                average: 1
                function_args_min: 1
                function_args_max: 1
                closure_args_min: 0
                closure_args_max: 0
              nexits:
                sum: 0
                average: 0
                min: 0
                max: 0
              cognitive:
                sum: 0
                value: 0
                average: 0
                min: 0
                max: 0
              cyclomatic:
                sum: 2
                value: 2
                average: 2
                min: 2
                max: 2
                modified:
                  sum: 2
                  value: 2
                  average: 2
                  min: 2
                  max: 2
              halstead:
                unique_operators: 12
                total_operators: 32
                unique_operands: 9
                total_operands: 26
                length: 58
                estimated_program_length: 71.549
                purity_ratio: 1.234
                vocabulary: 21
                volume: 254.754
                difficulty: 17.333
                level: 0.058
                effort: 4415.743
                time: 245.319
                bugs: 0.09
              loc:
                sloc: 4
                ploc: 4
                lloc: 2
                cloc: 0
                blank: 0
                sloc_average: 4
                ploc_average: 4
                lloc_average: 2
                cloc_average: 0
                blank_average: 0
                sloc_min: 4
                sloc_max: 4
                cloc_min: 0
                cloc_max: 0
                ploc_min: 4
                ploc_max: 4
                lloc_min: 2
                lloc_max: 2
                blank_min: 0
                blank_max: 0
              nom:
                functions: 1
                closures: 0
                functions_average: 1
                closures_average: 0
                total: 1
                average: 1
                functions_min: 1
                functions_max: 1
                closures_min: 0
                closures_max: 0
              tokens:
                tokens: 68
                average: 68
                min: 68
                max: 68
              mi:
                original: 119.272
                sei: 96.577
                visual_studio: 69.75
              abc:
                assignments: 2
                branches: 3
                conditions: 0
                magnitude: 3.606
                value: 3.606
                assignments_average: 2
                branches_average: 3
                conditions_average: 0
                assignments_min: 2
                assignments_max: 2
                branches_min: 3
                branches_max: 3
                conditions_min: 0
                conditions_max: 0
          - name: ~FileStream
            start_line: 33
            end_line: 35
            kind: function
            spaces: []
            metrics:
              nargs:
                function_args: 0
                closure_args: 0
                function_args_average: 0
                closure_args_average: 0
                total: 0
                average: 0
                function_args_min: 0
                function_args_max: 0
                closure_args_min: 0
                closure_args_max: 0
              nexits:
                sum: 0
                average: 0
                min: 0
                max: 0
              cognitive:
                sum: 0
                value: 0
                average: 0
                min: 0
                max: 0
              cyclomatic:
                sum: 1
                value: 1
                average: 1
                min: 1
                max: 1
                modified:
                  sum: 1
                  value: 1
                  average: 1
                  min: 1
                  max: 1
              halstead:
                unique_operators: 4
                total_operators: 5
                unique_operands: 2
                total_operands: 2
                length: 7
                estimated_program_length: 10
                purity_ratio: 1.429
                vocabulary: 6
                volume: 18.095
                difficulty: 2
                level: 0.5
                effort: 36.189
                time: 2.011
                bugs: 0.004
              loc:
                sloc: 3
                ploc: 3
                lloc: 1
                cloc: 0
                blank: 0
                sloc_average: 3
                ploc_average: 3
                lloc_average: 1
                cloc_average: 0
                blank_average: 0
                sloc_min: 3
                sloc_max: 3
                cloc_min: 0
                cloc_max: 0
                ploc_min: 3
                ploc_max: 3
                lloc_min: 1
                lloc_max: 1
                blank_min: 0
                blank_max: 0
              nom:
                functions: 1
                closures: 0
                functions_average: 1
                closures_average: 0
                total: 1
                average: 1
                functions_min: 1
                functions_max: 1
                closures_min: 0
                closures_max: 0
              tokens:
                tokens: 10
                average: 10
                min: 10
                max: 10
              mi:
                original: 137.915
                sei: 123.371
                visual_studio: 80.652
              abc:
                assignments: 0
                branches: 1
                conditions: 0
                magnitude: 1
                value: 1
                assignments_average: 0
                branches_average: 1
                conditions_average: 0
                assignments_min: 0
                assignments_max: 0
                branches_min: 1
                branches_max: 1
                conditions_min: 0
                conditions_max: 0
          - name: SetFD
            start_line: 37
            end_line: 40
            kind: function
            spaces: []
            metrics:
              nargs:
                function_args: 1
                closure_args: 0
                function_args_average: 1
                closure_args_average: 0
                total: 1
                average: 1
                function_args_min: 1
                function_args_max: 1
                closure_args_min: 0
                closure_args_max: 0
              nexits:
                sum: 0
                average: 0
                min: 0
                max: 0
              cognitive:
                sum: 0
                value: 0
                average: 0
                min: 0
                max: 0
              cyclomatic:
                sum: 1
                value: 1
                average: 1
                min: 1
                max: 1
                modified:
                  sum: 1
                  value: 1
                  average: 1
                  min: 1
                  max: 1
              halstead:
                unique_operators: 6
                total_operators: 8
                unique_operands: 4
                total_operands: 5
                length: 13
                estimated_program_length: 23.51
                purity_ratio: 1.808
                vocabulary: 10
                volume: 43.185
                difficulty: 3.75
                level: 0.267
                effort: 161.944
                time: 8.997
                bugs: 0.01
              loc:
                sloc: 4
                ploc: 4
                lloc: 2
                cloc: 0
                blank: 0
                sloc_average: 4
                ploc_average: 4
                lloc_average: 2
                cloc_average: 0
                blank_average: 0
                sloc_min: 4
                sloc_max: 4
                cloc_min: 0
                cloc_max: 0
                ploc_min: 4
                ploc_max: 4
                lloc_min: 2
                lloc_max: 2
                blank_min: 0
                blank_max: 0
              nom:
                functions: 1
                closures: 0
                functions_average: 1
                closures_average: 0
                total: 1
                average: 1
                functions_min: 1
                functions_max: 1
                closures_min: 0
                closures_max: 0
              tokens:
                tokens: 16
                average: 16
                min: 16
                max: 16
              mi:
                original: 128.731
                sei: 110.121
                visual_studio: 75.282
              abc:
                assignments: 1
                branches: 1
                conditions: 0
                magnitude: 1.414
                value: 1.414
                assignments_average: 1
                branches_average: 1
                conditions_average: 0
                assignments_min: 1
                assignments_max: 1
                branches_min: 1
                branches_max: 1
                conditions_min: 0
                conditions_max: 0
          - name: flush
            start_line: 42
            end_line: 48
            kind: function
            spaces: []
            metrics:
              nargs:
                function_args: 0
                closure_args: 0
                function_args_average: 0
                closure_args_average: 0
                total: 0
                average: 0
                function_args_min: 0
                function_args_max: 0
                closure_args_min: 0
                closure_args_max: 0
              nexits:
                sum: 1
                average: 1
                min: 1
                max: 1
              cognitive:
                sum: 1
                value: 1
                average: 1
                min: 1
                max: 1
              cyclomatic:
                sum: 2
                value: 2
                average: 2
                min: 2
                max: 2
                modified:
                  sum: 2
                  value: 2
                  average: 2
                  min: 2
                  max: 2
              halstead:
                unique_operators: 16
                total_operators: 34
                unique_operands: 8
                total_operands: 16
                length: 50
                estimated_program_length: 88
                purity_ratio: 1.76
                vocabulary: 24
                volume: 229.248
                difficulty: 16
                level: 0.063
                effort: 3667.97
                time: 203.776
                bugs: 0.079
              loc:
                sloc: 7
                ploc: 7
                lloc: 4
                cloc: 0
                blank: 0
                sloc_average: 7
                ploc_average: 7
                lloc_average: 4
                cloc_average: 0
                blank_average: 0
                sloc_min: 7
                sloc_max: 7
                cloc_min: 0
                cloc_max: 0
                ploc_min: 7
                ploc_max: 7
                lloc_min: 4
                lloc_max: 4
                blank_min: 0
                blank_max: 0
              nom:
                functions: 1
                closures: 0
                functions_average: 1
                closures_average: 0
                total: 1
                average: 1
                functions_min: 1
                functions_max: 1
                closures_min: 0
                closures_max: 0
              tokens:
                tokens: 63
                average: 63
                min: 63
                max: 63
              mi:
                original: 110.755
                sei: 84.289
                visual_studio: 64.769
              abc:
                assignments: 1
                branches: 6
                conditions: 1
                magnitude: 6.164
                value: 6.164
                assignments_average: 1
                branches_average: 6
                conditions_average: 1
                assignments_min: 1
                assignments_max: 1
                branches_min: 6
                branches_max: 6
                conditions_min: 1
                conditions_max: 1
          - name: write
            start_line: 51
            end_line: 65
            kind: function
            spaces: []
            metrics:
              nargs:
                function_args: 0
                closure_args: 0
                function_args_average: 0
                closure_args_average: 0
                total: 0
                average: 0
                function_args_min: 0
                function_args_max: 0
                closure_args_min: 0
                closure_args_max: 0
              nexits:
                sum: 2
                average: 2
                min: 2
                max: 2
              cognitive:
                sum: 3
                value: 3
                average: 3
                min: 3
                max: 3
              cyclomatic:
                sum: 3
                value: 3
                average: 3
                min: 3
                max: 3
                modified:
                  sum: 3
                  value: 3
                  average: 3
                  min: 3
                  max: 3
              halstead:
                unique_operators: 14
                total_operators: 47
                unique_operands: 12
                total_operands: 29
                length: 76
                estimated_program_length: 96.323
                purity_ratio: 1.267
                vocabulary: 26
                volume: 357.233
                difficulty: 16.917
                level: 0.059
                effort: 6043.199
                time: 335.733
                bugs: 0.111
              loc:
                sloc: 15
                ploc: 15
                lloc: 10
                cloc: 0
                blank: 0
                sloc_average: 15
                ploc_average: 15
                lloc_average: 10
                cloc_average: 0
                blank_average: 0
                sloc_min: 15
                sloc_max: 15
                cloc_min: 0
                cloc_max: 0
                ploc_min: 15
                ploc_max: 15
                lloc_min: 10
                lloc_max: 10
                blank_min: 0
                blank_max: 0
              nom:
                functions: 1
                closures: 0
                functions_average: 1
                closures_average: 0
                total: 1
                average: 1
                functions_min: 1
                functions_max: 1
                closures_min: 0
                closures_max: 0
              tokens:
                tokens: 95
                average: 95
                min: 95
                max: 95
              mi:
                original: 95.872
                sei: 62.919
                visual_studio: 56.065
              abc:
                assignments: 2
                branches: 5
                conditions: 4
                magnitude: 6.708
                value: 6.708
                assignments_average: 2
                branches_average: 5
                conditions_average: 4
                assignments_min: 2
                assignments_max: 2
                branches_min: 5
                branches_max: 5
                conditions_min: 4
                conditions_max: 4
          - name: seekp
            start_line: 67
            end_line: 71
            kind: function
            spaces: []
            metrics:
              nargs:
                function_args: 0
                closure_args: 0
                function_args_average: 0
                closure_args_average: 0
                total: 0
                average: 0
                function_args_min: 0
                function_args_max: 0
                closure_args_min: 0
                closure_args_max: 0
              nexits:
                sum: 1
                average: 1
                min: 1
                max: 1
              cognitive:
                sum: 0
                value: 0
                average: 0
                min: 0
                max: 0
              cyclomatic:
                sum: 1
                value: 1
                average: 1
                min: 1
                max: 1
                modified:
                  sum: 1
                  value: 1
                  average: 1
                  min: 1
                  max: 1
              halstead:
                unique_operators: 9
                total_operators: 13
                unique_operands: 6
                total_operands: 7
                length: 20
                estimated_program_length: 44.039
                purity_ratio: 2.202
                vocabulary: 15
                volume: 78.138
                difficulty: 5.25
                level: 0.19
                effort: 410.224
                time: 22.79
                bugs: 0.018
              loc:
                sloc: 5
                ploc: 5
                lloc: 3
                cloc: 0
                blank: 0
                sloc_average: 5
                ploc_average: 5
                lloc_average: 3
                cloc_average: 0
                blank_average: 0
                sloc_min: 5
                sloc_max: 5
                cloc_min: 0
                cloc_max: 0
                ploc_min: 5
                ploc_max: 5
                lloc_min: 3
                lloc_max: 3
                blank_min: 0
                blank_max: 0
              nom:
                functions: 1
                closures: 0
                functions_average: 1
                closures_average: 0
                total: 1
                average: 1
                functions_min: 1
                functions_max: 1
                closures_min: 0
                closures_max: 0
              tokens:
                tokens: 26
                average: 26
                min: 26
                max: 26
              mi:
                original: 122.033
                sei: 100.457
                visual_studio: 71.364
              abc:
                assignments: 0
                branches: 2
                conditions: 0
                magnitude: 2
                value: 2
                assignments_average: 0
                branches_average: 2
                conditions_average: 0
                assignments_min: 0
                assignments_max: 0
                branches_min: 2
                branches_max: 2
                conditions_min: 0
                conditions_max: 0
          - name: Ensure
            start_line: 76
            end_line: 82
            kind: function
            spaces: []
            metrics:
              nargs:
                function_args: 0
                closure_args: 0
                function_args_average: 0
                closure_args_average: 0
                total: 0
                average: 0
                function_args_min: 0
                function_args_max: 0
                closure_args_min: 0
                closure_args_max: 0
              nexits:
                sum: 1
                average: 1
                min: 1
                max: 1
              cognitive:
                sum: 1
                value: 1
                average: 1
                min: 1
                max: 1
              cyclomatic:
                sum: 2
                value: 2
                average: 2
                min: 2
                max: 2
                modified:
                  sum: 2
                  value: 2
                  average: 2
                  min: 2
                  max: 2
              halstead:
                unique_operators: 11
                total_operators: 19
                unique_operands: 8
                total_operands: 13
                length: 32
                estimated_program_length: 62.054
                purity_ratio: 1.939
                vocabulary: 19
                volume: 135.934
                difficulty: 8.938
                level: 0.112
                effort: 1214.907
                time: 67.495
                bugs: 0.038
              loc:
                sloc: 7
                ploc: 7
                lloc: 4
                cloc: 0
                blank: 0
                sloc_average: 7
                ploc_average: 7
                lloc_average: 4
                cloc_average: 0
                blank_average: 0
                sloc_min: 7
                sloc_max: 7
                cloc_min: 0
                cloc_max: 0
                ploc_min: 7
                ploc_max: 7
                lloc_min: 4
                lloc_max: 4
                blank_min: 0
                blank_max: 0
              nom:
                functions: 1
                closures: 0
                functions_average: 1
                closures_average: 0
                total: 1
                average: 1
                functions_min: 1
                functions_max: 1
                closures_min: 0
                closures_max: 0
              tokens:
                tokens: 40
                average: 40
                min: 40
                max: 40
              mi:
                original: 113.473
                sei: 88.21
                visual_studio: 66.358
              abc:
                assignments: 0
                branches: 3
                conditions: 3
                magnitude: 4.243
                value: 4.243
                assignments_average: 0
                branches_average: 3
                conditions_average: 3
                assignments_min: 0
                assignments_max: 0
                branches_min: 3
                branches_max: 3
                conditions_min: 3
                conditions_max: 3
          - name: AdvanceTo
            start_line: 84
            end_line: 87
            kind: function
            spaces: []
            metrics:
              nargs:
                function_args: 1
                closure_args: 0
                function_args_average: 1
                closure_args_average: 0
                total: 1
                average: 1
                function_args_min: 1
                function_args_max: 1
                closure_args_min: 0
                closure_args_max: 0
              nexits:
                sum: 0
                average: 0
                min: 0
                max: 0
              cognitive:
                sum: 0
                value: 0
                average: 0
                min: 0
                max: 0
              cyclomatic:
                sum: 1
                value: 1
                average: 1
                min: 1
                max: 1
                modified:
                  sum: 1
                  value: 1
                  average: 1
                  min: 1
                  max: 1
              halstead:
                unique_operators: 8
                total_operators: 10
                unique_operands: 5
                total_operands: 7
                length: 17
                estimated_program_length: 35.61
                purity_ratio: 2.095
                vocabulary: 13
                volume: 62.907
                difficulty: 5.6
                level: 0.179
                effort: 352.282
                time: 19.571
                bugs: 0.017
              loc:
                sloc: 4
                ploc: 4
                lloc: 2
                cloc: 0
                blank: 0
                sloc_average: 4
                ploc_average: 4
                lloc_average: 2
                cloc_average: 0
                blank_average: 0
                sloc_min: 4
                sloc_max: 4
                cloc_min: 0
                cloc_max: 0
                ploc_min: 4
                ploc_max: 4
                lloc_min: 2
                lloc_max: 2
                blank_min: 0
                blank_max: 0
              nom:
                functions: 1
                closures: 0
                functions_average: 1
                closures_average: 0
                total: 1
                average: 1
                functions_min: 1
                functions_max: 1
                closures_min: 0
                closures_max: 0
              tokens:
                tokens: 20
                average: 20
                min: 20
                max: 20
              mi:
                original: 126.775
                sei: 107.299
                visual_studio: 74.138
              abc:
                assignments: 1
                branches: 1
                conditions: 1
                magnitude: 1.732
                value: 1.732
                assignments_average: 1
                branches_average: 1
                conditions_average: 1
                assignments_min: 1
                assignments_max: 1
                branches_min: 1
                branches_max: 1
                conditions_min: 1
                conditions_max: 1
        metrics:
          nargs:
            function_args: 5
            closure_args: 0
            function_args_average: 0.556
            closure_args_average: 0
            total: 5
            average: 0.556
            function_args_min: 0
            function_args_max: 2
            closure_args_min: 0
            closure_args_max: 0
          nexits:
            sum: 5
            average: 0.556
            min: 0
            max: 2
          cognitive:
            sum: 5
            value: 0
            average: 0.556
            min: 0
            max: 3
          cyclomatic:
            sum: 15
            value: 1
            average: 1.667
            min: 1
            max: 3
            modified:
              sum: 15
              value: 1
              average: 1.6666666666666667
              min: 1
              max: 3
          halstead:
            unique_operators: 27
            total_operators: 225
            unique_operands: 38
            total_operands: 141
            length: 366
            estimated_program_length: 327.803
            purity_ratio: 0.896
            vocabulary: 65
            volume: 2204.187
            difficulty: 50.092
            level: 0.02
            effort: 110412.348
            time: 6134.019
            bugs: 0.767
          loc:
            sloc: 76
            ploc: 65
            lloc: 28
            cloc: 2
            blank: 9
            sloc_average: 7.6
            ploc_average: 6.5
            lloc_average: 2.8
            cloc_average: 0.2
            blank_average: 0.9
            sloc_min: 3
            sloc_max: 76
            cloc_min: 0
            cloc_max: 2
            ploc_min: 3
            ploc_max: 65
            lloc_min: 0
            lloc_max: 28
            blank_min: 0
            blank_max: 9
          nom:
            functions: 9
            closures: 0
            functions_average: 0.9
            closures_average: 0
            total: 9
            average: 0.9
            functions_min: 0
            functions_max: 1
            closures_min: 0
            closures_max: 0
          tokens:
            tokens: 461
            average: 46.1
            min: 10
            max: 95
          mi:
            original: 57.362
            sei: 37.978
            visual_studio: 33.545
          abc:
            assignments: 7
            branches: 27
            conditions: 10
            magnitude: 29.631
            value: 1
            assignments_average: 0.7
            branches_average: 2.7
            conditions_average: 1
            assignments_min: 0
            assignments_max: 2
            branches_min: 0
            branches_max: 6
            conditions_min: 0
            conditions_max: 4
          wmc:
            class_wmc_sum: 14
            interface_wmc_sum: 0
            total: 14
          npm:
            class_npm_sum: 6
            interface_npm_sum: 0
            class_methods: 8
            interface_methods: 0
            class_coa: 0.75
            interface_coa: 0
            total: 6
            total_methods: 8
            coa: 0.75
          npa:
            class_npa_sum: 0
            interface_npa_sum: 0
            class_attributes: 4
            interface_attributes: 0
            class_cda: 0
            interface_cda: 0
            total: 0
            total_attributes: 4
            cda: 0
    metrics:
      nargs:
        function_args: 5
        closure_args: 0
        function_args_average: 0.556
        closure_args_average: 0
        total: 5
        average: 0.556
        function_args_min: 0
        function_args_max: 2
        closure_args_min: 0
        closure_args_max: 0
      nexits:
        sum: 5
        average: 0.556
        min: 0
        max: 2
      cognitive:
        sum: 5
        value: 0
        average: 0.556
        min: 0
        max: 3
      cyclomatic:
        sum: 16
        value: 1
        average: 1.778
        min: 1
        max: 3
        modified:
          sum: 16
          value: 1
          average: 1.7777777777777777
          min: 1
          max: 3
      halstead:
        unique_operators: 27
        total_operators: 227
        unique_operands: 39
        total_operands: 142
        length: 369
        estimated_program_length: 334.513
        purity_ratio: 0.907
        vocabulary: 66
        volume: 2230.381
        difficulty: 49.154
        level: 0.02
        effort: 109631.826
        time: 6090.657
        bugs: 0.764
      loc:
        sloc: 80
        ploc: 67
        lloc: 28
        cloc: 2
        blank: 11
        sloc_average: 7.273
        ploc_average: 6.091
        lloc_average: 2.545
        cloc_average: 0.182
        blank_average: 1
        sloc_min: 3
        sloc_max: 80
        cloc_min: 0
        cloc_max: 2
        ploc_min: 3
        ploc_max: 67
        lloc_min: 0
        lloc_max: 28
        blank_min: 0
        blank_max: 11
      nom:
        functions: 9
        closures: 0
        functions_average: 0.818
        closures_average: 0
        total: 9
        average: 0.818
        functions_min: 0
        functions_max: 1
        closures_min: 0
        closures_max: 0
      tokens:
        tokens: 466
        average: 42.364
        min: 5
        max: 95
      mi:
        original: 56.24
        sei: 38.973
        visual_studio: 32.889
      abc:
        assignments: 7
        branches: 27
        conditions: 10
        magnitude: 29.631
        value: 0
        assignments_average: 0.636
        branches_average: 2.455
        conditions_average: 0.909
        assignments_min: 0
        assignments_max: 2
        branches_min: 0
        branches_max: 6
        conditions_min: 0
        conditions_max: 4
      npm:
        class_npm_sum: 6
        interface_npm_sum: 0
        class_methods: 8
        interface_methods: 0
        class_coa: 0.75
        interface_coa: 0
        total: 6
        total_methods: 8
        coa: 0.75
      npa:
        class_npa_sum: 0
        interface_npa_sum: 0
        class_attributes: 4
        interface_attributes: 0
        class_cda: 0
        interface_cda: 0
        total: 0
        total_attributes: 4
        cda: 0
metrics:
  nargs:
    function_args: 5
    closure_args: 0
    function_args_average: 0.556
    closure_args_average: 0
    total: 5
    average: 0.556
    function_args_min: 0
    function_args_max: 2
    closure_args_min: 0
    closure_args_max: 0
  nexits:
    sum: 5
    average: 0.556
    min: 0
    max: 2
  cognitive:
    sum: 5
    value: 0
    average: 0.556
    min: 0
    max: 3
  cyclomatic:
    sum: 17
    value: 1
    average: 1.889
    min: 1
    max: 3
    modified:
      sum: 17
      value: 1
      average: 1.8888888888888888
      min: 1
      max: 3
  halstead:
    unique_operators: 27
    total_operators: 227
    unique_operands: 43
    total_operands: 147
    length: 374
    estimated_program_length: 361.711
    purity_ratio: 0.967
    vocabulary: 70
    volume: 2292.352
    difficulty: 46.151
    level: 0.022
    effort: 105794.703
    time: 5877.484
    bugs: 0.746
  loc:
    sloc: 97
    ploc: 76
    lloc: 28
    cloc: 6
    blank: 16
    sloc_average: 8.083
    ploc_average: 6.333
    lloc_average: 2.333
    cloc_average: 0.5
    blank_average: 1.333
    sloc_min: 3
    sloc_max: 97
    cloc_min: 0
    cloc_max: 6
    ploc_min: 3
    ploc_max: 76
    lloc_min: 0
    lloc_max: 28
    blank_min: 0
    blank_max: 16
  nom:
    functions: 9
    closures: 0
    functions_average: 0.75
    closures_average: 0
    total: 9
    average: 0.75
    functions_min: 0
    functions_max: 1
    closures_min: 0
    closures_max: 0
  tokens:
    tokens: 489
    average: 40.75
    min: 5
    max: 95
  mi:
    original: 52.746
    sei: -30.518
    visual_studio: 30.845
  abc:
    assignments: 7
    branches: 27
    conditions: 10
    magnitude: 29.631
    value: 0
    assignments_average: 0.583
    branches_average: 2.25
    conditions_average: 0.833
    assignments_min: 0
    assignments_max: 2
    branches_min: 0
    branches_max: 6
    conditions_min: 0
    conditions_max: 4
  wmc:
    class_wmc_sum: 14
    interface_wmc_sum: 0
    total: 14
  npm:
    class_npm_sum: 6
    interface_npm_sum: 0
    class_methods: 8
    interface_methods: 0
    class_coa: 0.75
    interface_coa: 0
    total: 6
    total_methods: 8
    coa: 0.75
  npa:
    class_npa_sum: 0
    interface_npa_sum: 0
    class_attributes: 4
    interface_attributes: 0
    class_cda: 0
    interface_cda: 0
    total: 0
    total_attributes: 4
    cda: 0
