---
source: tests/common/mod.rs
expression: funcspace_struct
---
name: "[filepath]"
start_line: 1
end_line: 899
kind: unit
spaces:
  - name: "<anonymous>"
    start_line: 23
    end_line: 95
    kind: function
    spaces: []
    metrics:
      nargs:
        function_args: 0
        closure_args: 1
        function_args_average: 0
        closure_args_average: 1
        total: 1
        average: 1
        function_args_min: 0
        function_args_max: 0
        closure_args_min: 1
        closure_args_max: 1
      nexits:
        sum: 0
        average: 0
        min: 0
        max: 0
      cognitive:
        sum: 0
        value: 0
        average: 0
        min: 0
        max: 0
      cyclomatic:
        sum: 1
        value: 1
        average: 1
        min: 1
        max: 1
        modified:
          sum: 1
          value: 1
          average: 1
          min: 1
          max: 1
      halstead:
        unique_operators: 8
        total_operators: 208
        unique_operands: 73
        total_operands: 205
        length: 413
        estimated_program_length: 475.857
        purity_ratio: 1.152
        vocabulary: 81
        volume: 2618.358
        difficulty: 11.233
        level: 0.089
        effort: 29411.693
        time: 1633.983
        bugs: 0.318
      loc:
        sloc: 73
        ploc: 70
        lloc: 68
        cloc: 2
        blank: 1
        sloc_average: 73
        ploc_average: 70
        lloc_average: 68
        cloc_average: 2
        blank_average: 1
        sloc_min: 73
        sloc_max: 73
        cloc_min: 2
        cloc_max: 2
        ploc_min: 70
        ploc_max: 70
        lloc_min: 68
        lloc_max: 68
        blank_min: 1
        blank_max: 1
      nom:
        functions: 0
        closures: 1
        functions_average: 0
        closures_average: 1
        total: 1
        average: 1
        functions_min: 0
        functions_max: 0
        closures_min: 1
        closures_max: 1
      tokens:
        tokens: 712
        average: 712
        min: 712
        max: 712
      mi:
        original: 60.339
        sei: 38.742
        visual_studio: 35.286
      abc:
        assignments: 68
        branches: 0
        conditions: 0
        magnitude: 68
        value: 68
        assignments_average: 68
        branches_average: 0
        conditions_average: 0
        assignments_min: 68
        assignments_max: 68
        branches_min: 0
        branches_max: 0
        conditions_min: 0
        conditions_max: 0
  - name: "<anonymous>"
    start_line: 98
    end_line: 117
    kind: function
    spaces: []
    metrics:
      nargs:
        function_args: 0
        closure_args: 1
        function_args_average: 0
        closure_args_average: 1
        total: 1
        average: 1
        function_args_min: 0
        function_args_max: 0
        closure_args_min: 1
        closure_args_max: 1
      nexits:
        sum: 0
        average: 0
        min: 0
        max: 0
      cognitive:
        sum: 0
        value: 0
        average: 0
        min: 0
        max: 0
      cyclomatic:
        sum: 1
        value: 1
        average: 1
        min: 1
        max: 1
        modified:
          sum: 1
          value: 1
          average: 1
          min: 1
          max: 1
      halstead:
        unique_operators: 8
        total_operators: 58
        unique_operands: 37
        total_operands: 55
        length: 113
        estimated_program_length: 216.75
        purity_ratio: 1.918
        vocabulary: 45
        volume: 620.579
        difficulty: 5.946
        level: 0.168
        effort: 3689.932
        time: 204.996
        bugs: 0.08
      loc:
        sloc: 20
        ploc: 20
        lloc: 18
        cloc: 0
        blank: 0
        sloc_average: 20
        ploc_average: 20
        lloc_average: 18
        cloc_average: 0
        blank_average: 0
        sloc_min: 20
        sloc_max: 20
        cloc_min: 0
        cloc_max: 0
        ploc_min: 20
        ploc_max: 20
        lloc_min: 18
        lloc_max: 18
        blank_min: 0
        blank_max: 0
      nom:
        functions: 0
        closures: 1
        functions_average: 0
        closures_average: 1
        total: 1
        average: 1
        functions_min: 0
        functions_max: 0
        closures_min: 1
        closures_max: 1
      tokens:
        tokens: 192
        average: 192
        min: 192
        max: 192
      mi:
        original: 88.8
        sei: 52.512
        visual_studio: 51.93
      abc:
        assignments: 18
        branches: 0
        conditions: 0
        magnitude: 18
        value: 18
        assignments_average: 18
        branches_average: 0
        conditions_average: 0
        assignments_min: 18
        assignments_max: 18
        branches_min: 0
        branches_max: 0
        conditions_min: 0
        conditions_max: 0
  - name: "<anonymous>"
    start_line: 123
    end_line: 167
    kind: function
    spaces: []
    metrics:
      nargs:
        function_args: 0
        closure_args: 1
        function_args_average: 0
        closure_args_average: 1
        total: 1
        average: 1
        function_args_min: 0
        function_args_max: 0
        closure_args_min: 1
        closure_args_max: 1
      nexits:
        sum: 0
        average: 0
        min: 0
        max: 0
      cognitive:
        sum: 0
        value: 0
        average: 0
        min: 0
        max: 0
      cyclomatic:
        sum: 1
        value: 1
        average: 1
        min: 1
        max: 1
        modified:
          sum: 1
          value: 1
          average: 1
          min: 1
          max: 1
      halstead:
        unique_operators: 8
        total_operators: 133
        unique_operands: 74
        total_operands: 130
        length: 263
        estimated_program_length: 483.5
        purity_ratio: 1.838
        vocabulary: 82
        volume: 1672.036
        difficulty: 7.027
        level: 0.142
        effort: 11749.443
        time: 652.747
        bugs: 0.172
      loc:
        sloc: 45
        ploc: 45
        lloc: 43
        cloc: 0
        blank: 0
        sloc_average: 45
        ploc_average: 45
        lloc_average: 43
        cloc_average: 0
        blank_average: 0
        sloc_min: 45
        sloc_max: 45
        cloc_min: 0
        cloc_max: 0
        ploc_min: 45
        ploc_max: 45
        lloc_min: 43
        lloc_max: 43
        blank_min: 0
        blank_max: 0
      nom:
        functions: 0
        closures: 1
        functions_average: 0
        closures_average: 1
        total: 1
        average: 1
        functions_min: 0
        functions_max: 0
        closures_min: 1
        closures_max: 1
      tokens:
        tokens: 458
        average: 458
        min: 458
        max: 458
      mi:
        original: 70.509
        sei: 26.124
        visual_studio: 41.233
      abc:
        assignments: 43
        branches: 0
        conditions: 0
        magnitude: 43
        value: 43
        assignments_average: 43
        branches_average: 0
        conditions_average: 0
        assignments_min: 43
        assignments_max: 43
        branches_min: 0
        branches_max: 0
        conditions_min: 0
        conditions_max: 0
  - name: "<anonymous>"
    start_line: 169
    end_line: 304
    kind: function
    spaces: []
    metrics:
      nargs:
        function_args: 0
        closure_args: 1
        function_args_average: 0
        closure_args_average: 1
        total: 1
        average: 1
        function_args_min: 0
        function_args_max: 0
        closure_args_min: 1
        closure_args_max: 1
      nexits:
        sum: 0
        average: 0
        min: 0
        max: 0
      cognitive:
        sum: 0
        value: 0
        average: 0
        min: 0
        max: 0
      cyclomatic:
        sum: 1
        value: 1
        average: 1
        min: 1
        max: 1
        modified:
          sum: 1
          value: 1
          average: 1
          min: 1
          max: 1
      halstead:
        unique_operators: 8
        total_operators: 406
        unique_operands: 136
        total_operands: 403
        length: 809
        estimated_program_length: 987.895
        purity_ratio: 1.221
        vocabulary: 144
        volume: 5800.469
        difficulty: 11.853
        level: 0.084
        effort: 68752.622
        time: 3819.59
        bugs: 0.559
      loc:
        sloc: 136
        ploc: 136
        lloc: 134
        cloc: 0
        blank: 0
        sloc_average: 136
        ploc_average: 136
        lloc_average: 134
        cloc_average: 0
        blank_average: 0
        sloc_min: 136
        sloc_max: 136
        cloc_min: 0
        cloc_max: 0
        ploc_min: 136
        ploc_max: 136
        lloc_min: 134
        lloc_max: 134
        blank_min: 0
        blank_max: 0
      nom:
        functions: 0
        closures: 1
        functions_average: 0
        closures_average: 1
        total: 1
        average: 1
        functions_min: 0
        functions_max: 0
        closures_min: 1
        closures_max: 1
      tokens:
        tokens: 960
        average: 960
        min: 960
        max: 960
      mi:
        original: 46.123
        sei: -9.057
        visual_studio: 26.973
      abc:
        assignments: 134
        branches: 0
        conditions: 0
        magnitude: 134
        value: 134
        assignments_average: 134
        branches_average: 0
        conditions_average: 0
        assignments_min: 134
        assignments_max: 134
        branches_min: 0
        branches_max: 0
        conditions_min: 0
        conditions_max: 0
  - name: "<anonymous>"
    start_line: 306
    end_line: 310
    kind: function
    spaces: []
    metrics:
      nargs:
        function_args: 0
        closure_args: 1
        function_args_average: 0
        closure_args_average: 1
        total: 1
        average: 1
        function_args_min: 0
        function_args_max: 0
        closure_args_min: 1
        closure_args_max: 1
      nexits:
        sum: 0
        average: 0
        min: 0
        max: 0
      cognitive:
        sum: 0
        value: 0
        average: 0
        min: 0
        max: 0
      cyclomatic:
        sum: 1
        value: 1
        average: 1
        min: 1
        max: 1
        modified:
          sum: 1
          value: 1
          average: 1
          min: 1
          max: 1
      halstead:
        unique_operators: 7
        total_operators: 13
        unique_operands: 5
        total_operands: 10
        length: 23
        estimated_program_length: 31.261
        purity_ratio: 1.359
        vocabulary: 12
        volume: 82.454
        difficulty: 7
        level: 0.143
        effort: 577.179
        time: 32.065
        bugs: 0.023
      loc:
        sloc: 5
        ploc: 5
        lloc: 3
        cloc: 0
        blank: 0
        sloc_average: 5
        ploc_average: 5
        lloc_average: 3
        cloc_average: 0
        blank_average: 0
        sloc_min: 5
        sloc_max: 5
        cloc_min: 0
        cloc_max: 0
        ploc_min: 5
        ploc_max: 5
        lloc_min: 3
        lloc_max: 3
        blank_min: 0
        blank_max: 0
      nom:
        functions: 0
        closures: 1
        functions_average: 0
        closures_average: 1
        total: 1
        average: 1
        functions_min: 0
        functions_max: 0
        closures_min: 1
        closures_max: 1
      tokens:
        tokens: 24
        average: 24
        min: 24
        max: 24
      mi:
        original: 121.753
        sei: 100.054
        visual_studio: 71.201
      abc:
        assignments: 3
        branches: 0
        conditions: 0
        magnitude: 3
        value: 3
        assignments_average: 3
        branches_average: 0
        conditions_average: 0
        assignments_min: 3
        assignments_max: 3
        branches_min: 0
        branches_max: 0
        conditions_min: 0
        conditions_max: 0
  - name: "<anonymous>"
    start_line: 315
    end_line: 748
    kind: function
    spaces: []
    metrics:
      nargs:
        function_args: 0
        closure_args: 1
        function_args_average: 0
        closure_args_average: 1
        total: 1
        average: 1
        function_args_min: 0
        function_args_max: 0
        closure_args_min: 1
        closure_args_max: 1
      nexits:
        sum: 0
        average: 0
        min: 0
        max: 0
      cognitive:
        sum: 0
        value: 0
        average: 0
        min: 0
        max: 0
      cyclomatic:
        sum: 1
        value: 1
        average: 1
        min: 1
        max: 1
        modified:
          sum: 1
          value: 1
          average: 1
          min: 1
          max: 1
      halstead:
        unique_operators: 7
        total_operators: 1300
        unique_operands: 727
        total_operands: 1297
        length: 2597
        estimated_program_length: 6930.376
        purity_ratio: 2.669
        vocabulary: 734
        volume: 24722.495
        difficulty: 6.244
        level: 0.16
        effort: 154371.07
        time: 8576.171
        bugs: 0.959
      loc:
        sloc: 434
        ploc: 434
        lloc: 432
        cloc: 0
        blank: 0
        sloc_average: 434
        ploc_average: 434
        lloc_average: 432
        cloc_average: 0
        blank_average: 0
        sloc_min: 434
        sloc_max: 434
        cloc_min: 0
        cloc_max: 0
        ploc_min: 434
        ploc_max: 434
        lloc_min: 432
        lloc_max: 432
        blank_min: 0
        blank_max: 0
      nom:
        functions: 0
        closures: 1
        functions_average: 0
        closures_average: 1
        total: 1
        average: 1
        functions_min: 0
        functions_max: 0
        closures_min: 1
        closures_max: 1
      tokens:
        tokens: 3030
        average: 3030
        min: 3030
        max: 3030
      mi:
        original: 19.786
        sei: -47.054
        visual_studio: 11.571
      abc:
        assignments: 432
        branches: 0
        conditions: 0
        magnitude: 432
        value: 432
        assignments_average: 432
        branches_average: 0
        conditions_average: 0
        assignments_min: 432
        assignments_max: 432
        branches_min: 0
        branches_max: 0
        conditions_min: 0
        conditions_max: 0
  - name: "<anonymous>"
    start_line: 753
    end_line: 759
    kind: function
    spaces: []
    metrics:
      nargs:
        function_args: 0
        closure_args: 1
        function_args_average: 0
        closure_args_average: 1
        total: 1
        average: 1
        function_args_min: 0
        function_args_max: 0
        closure_args_min: 1
        closure_args_max: 1
      nexits:
        sum: 0
        average: 0
        min: 0
        max: 0
      cognitive:
        sum: 0
        value: 0
        average: 0
        min: 0
        max: 0
      cyclomatic:
        sum: 1
        value: 1
        average: 1
        min: 1
        max: 1
        modified:
          sum: 1
          value: 1
          average: 1
          min: 1
          max: 1
      halstead:
        unique_operators: 7
        total_operators: 13
        unique_operands: 7
        total_operands: 10
        length: 23
        estimated_program_length: 39.303
        purity_ratio: 1.709
        vocabulary: 14
        volume: 87.569
        difficulty: 5
        level: 0.2
        effort: 437.846
        time: 24.325
        bugs: 0.019
      loc:
        sloc: 7
        ploc: 7
        lloc: 3
        cloc: 0
        blank: 0
        sloc_average: 7
        ploc_average: 7
        lloc_average: 3
        cloc_average: 0
        blank_average: 0
        sloc_min: 7
        sloc_max: 7
        cloc_min: 0
        cloc_max: 0
        ploc_min: 7
        ploc_max: 7
        lloc_min: 3
        lloc_max: 3
        blank_min: 0
        blank_max: 0
      nom:
        functions: 0
        closures: 1
        functions_average: 0
        closures_average: 1
        total: 1
        average: 1
        functions_min: 0
        functions_max: 0
        closures_min: 1
        closures_max: 1
      tokens:
        tokens: 27
        average: 27
        min: 27
        max: 27
      mi:
        original: 115.99
        sei: 91.739
        visual_studio: 67.83
      abc:
        assignments: 3
        branches: 0
        conditions: 0
        magnitude: 3
        value: 3
        assignments_average: 3
        branches_average: 0
        conditions_average: 0
        assignments_min: 3
        assignments_max: 3
        branches_min: 0
        branches_max: 0
        conditions_min: 0
        conditions_max: 0
  - name: "<anonymous>"
    start_line: 764
    end_line: 881
    kind: function
    spaces: []
    metrics:
      nargs:
        function_args: 0
        closure_args: 1
        function_args_average: 0
        closure_args_average: 1
        total: 1
        average: 1
        function_args_min: 0
        function_args_max: 0
        closure_args_min: 1
        closure_args_max: 1
      nexits:
        sum: 0
        average: 0
        min: 0
        max: 0
      cognitive:
        sum: 0
        value: 0
        average: 0
        min: 0
        max: 0
      cyclomatic:
        sum: 1
        value: 1
        average: 1
        min: 1
        max: 1
        modified:
          sum: 1
          value: 1
          average: 1
          min: 1
          max: 1
      halstead:
        unique_operators: 7
        total_operators: 352
        unique_operands: 204
        total_operands: 349
        length: 701
        estimated_program_length: 1584.826
        purity_ratio: 2.261
        vocabulary: 211
        volume: 5412.491
        difficulty: 5.988
        level: 0.167
        effort: 32408.614
        time: 1800.479
        bugs: 0.339
      loc:
        sloc: 118
        ploc: 118
        lloc: 116
        cloc: 0
        blank: 0
        sloc_average: 118
        ploc_average: 118
        lloc_average: 116
        cloc_average: 0
        blank_average: 0
        sloc_min: 118
        sloc_max: 118
        cloc_min: 0
        cloc_max: 0
        ploc_min: 118
        ploc_max: 118
        lloc_min: 116
        lloc_max: 116
        blank_min: 0
        blank_max: 0
      nom:
        functions: 0
        closures: 1
        functions_average: 0
        closures_average: 1
        total: 1
        average: 1
        functions_min: 0
        functions_max: 0
        closures_min: 1
        closures_max: 1
      tokens:
        tokens: 818
        average: 818
        min: 818
        max: 818
      mi:
        original: 48.783
        sei: -5.22
        visual_studio: 28.528
      abc:
        assignments: 116
        branches: 0
        conditions: 0
        magnitude: 116
        value: 116
        assignments_average: 116
        branches_average: 0
        conditions_average: 0
        assignments_min: 116
        assignments_max: 116
        branches_min: 0
        branches_max: 0
        conditions_min: 0
        conditions_max: 0
  - name: getStandardFontName
    start_line: 883
    end_line: 887
    kind: function
    spaces: []
    metrics:
      nargs:
        function_args: 1
        closure_args: 0
        function_args_average: 1
        closure_args_average: 0
        total: 1
        average: 1
        function_args_min: 1
        function_args_max: 1
        closure_args_min: 0
        closure_args_max: 0
      nexits:
        sum: 1
        average: 1
        min: 1
        max: 1
      cognitive:
        sum: 0
        value: 0
        average: 0
        min: 0
        max: 0
      cyclomatic:
        sum: 1
        value: 1
        average: 1
        min: 1
        max: 1
        modified:
          sum: 1
          value: 1
          average: 1
          min: 1
          max: 1
      halstead:
        unique_operators: 8
        total_operators: 14
        unique_operands: 6
        total_operands: 9
        length: 23
        estimated_program_length: 39.51
        purity_ratio: 1.718
        vocabulary: 14
        volume: 87.569
        difficulty: 6
        level: 0.167
        effort: 525.415
        time: 29.19
        bugs: 0.022
      loc:
        sloc: 5
        ploc: 5
        lloc: 1
        cloc: 0
        blank: 0
        sloc_average: 5
        ploc_average: 5
        lloc_average: 1
        cloc_average: 0
        blank_average: 0
        sloc_min: 5
        sloc_max: 5
        cloc_min: 0
        cloc_max: 0
        ploc_min: 5
        ploc_max: 5
        lloc_min: 1
        lloc_max: 1
        blank_min: 0
        blank_max: 0
      nom:
        functions: 1
        closures: 0
        functions_average: 1
        closures_average: 0
        total: 1
        average: 1
        functions_min: 1
        functions_max: 1
        closures_min: 0
        closures_max: 0
      tokens:
        tokens: 28
        average: 28
        min: 28
        max: 28
      mi:
        original: 121.44
        sei: 99.603
        visual_studio: 71.018
      abc:
        assignments: 0
        branches: 2
        conditions: 0
        magnitude: 2
        value: 2
        assignments_average: 0
        branches_average: 2
        conditions_average: 0
        assignments_min: 0
        assignments_max: 0
        branches_min: 2
        branches_max: 2
        conditions_min: 0
        conditions_max: 0
metrics:
  nargs:
    function_args: 1
    closure_args: 8
    function_args_average: 1
    closure_args_average: 1
    total: 9
    average: 1
    function_args_min: 0
    function_args_max: 1
    closure_args_min: 0
    closure_args_max: 1
  nexits:
    sum: 1
    average: 0.111
    min: 0
    max: 1
  cognitive:
    sum: 0
    value: 0
    average: 0
    min: 0
    max: 0
  cyclomatic:
    sum: 10
    value: 1
    average: 1.111
    min: 1
    max: 1
    modified:
      sum: 10
      value: 1
      average: 1.1111111111111112
      min: 1
      max: 1
  halstead:
    unique_operators: 14
    total_operators: 2549
    unique_operands: 1097
    total_operands: 2497
    length: 5046
    estimated_program_length: 11132.288
    purity_ratio: 2.206
    vocabulary: 1111
    volume: 51053.627
    difficulty: 15.933
    level: 0.063
    effort: 813460.664
    time: 45192.259
    bugs: 2.905
  loc:
    sloc: 899
    ploc: 853
    lloc: 821
    cloc: 34
    blank: 12
    sloc_average: 89.9
    ploc_average: 85.3
    lloc_average: 82.1
    cloc_average: 3.4
    blank_average: 1.2
    sloc_min: 5
    sloc_max: 899
    cloc_min: 0
    cloc_max: 34
    ploc_min: 5
    ploc_max: 853
    lloc_min: 1
    lloc_max: 821
    blank_min: 0
    blank_max: 12
  nom:
    functions: 1
    closures: 8
    functions_average: 0.1
    closures_average: 0.8
    total: 9
    average: 0.9
    functions_min: 0
    functions_max: 1
    closures_min: 0
    closures_max: 1
  tokens:
    tokens: 6345
    average: 634.5
    min: 24
    max: 3030
  mi:
    original: 2.148
    sei: -65.16
    visual_studio: 1.256
  abc:
    assignments: 817
    branches: 10
    conditions: 0
    magnitude: 817.061
    value: 8
    assignments_average: 81.7
    branches_average: 1
    conditions_average: 0
    assignments_min: 0
    assignments_max: 432
    branches_min: 0
    branches_max: 8
    conditions_min: 0
    conditions_max: 0
  wmc:
    class_wmc_sum: 0
    interface_wmc_sum: 0
    total: 0
  npm:
    class_npm_sum: 0
    interface_npm_sum: 0
    class_methods: 0
    interface_methods: 0
    class_coa: 0
    interface_coa: 0
    total: 0
    total_methods: 0
    coa: 0
  npa:
    class_npa_sum: 0
    interface_npa_sum: 0
    class_attributes: 0
    interface_attributes: 0
    class_cda: 0
    interface_cda: 0
    total: 0
    total_attributes: 0
    cda: 0
