---
source: tests/common/mod.rs
expression: funcspace_struct
---
name: "[filepath]"
start_line: 1
end_line: 299
kind: unit
spaces:
  - name: "<anonymous>"
    start_line: 70
    end_line: 212
    kind: function
    spaces: []
    metrics:
      nargs:
        function_args: 0
        closure_args: 1
        function_args_average: 0
        closure_args_average: 1
        total: 1
        average: 1
        function_args_min: 0
        function_args_max: 0
        closure_args_min: 1
        closure_args_max: 1
      nexits:
        sum: 0
        average: 0
        min: 0
        max: 0
      cognitive:
        sum: 0
        value: 0
        average: 0
        min: 0
        max: 0
      cyclomatic:
        sum: 1
        value: 1
        average: 1
        min: 1
        max: 1
        modified:
          sum: 1
          value: 1
          average: 1
          min: 1
          max: 1
      halstead:
        unique_operators: 10
        total_operators: 292
        unique_operands: 82
        total_operands: 249
        length: 541
        estimated_program_length: 554.539
        purity_ratio: 1.025
        vocabulary: 92
        volume: 3529.247
        difficulty: 15.183
        level: 0.066
        effort: 53584.299
        time: 2976.906
        bugs: 0.474
      loc:
        sloc: 143
        ploc: 143
        lloc: 20
        cloc: 0
        blank: 0
        sloc_average: 143
        ploc_average: 143
        lloc_average: 20
        cloc_average: 0
        blank_average: 0
        sloc_min: 143
        sloc_max: 143
        cloc_min: 0
        cloc_max: 0
        ploc_min: 143
        ploc_max: 143
        lloc_min: 20
        lloc_max: 20
        blank_min: 0
        blank_max: 0
      nom:
        functions: 0
        closures: 1
        functions_average: 0
        closures_average: 1
        total: 1
        average: 1
        functions_min: 0
        functions_max: 0
        closures_min: 1
        closures_max: 1
      tokens:
        tokens: 689
        average: 689
        min: 689
        max: 689
      mi:
        original: 47.894
        sei: -6.503
        visual_studio: 28.008
      abc:
        assignments: 32
        branches: 0
        conditions: 0
        magnitude: 32
        value: 32
        assignments_average: 32
        branches_average: 0
        conditions_average: 0
        assignments_min: 32
        assignments_max: 32
        branches_min: 0
        branches_max: 0
        conditions_min: 0
        conditions_max: 0
  - name: getXfaFontName
    start_line: 214
    end_line: 218
    kind: function
    spaces: []
    metrics:
      nargs:
        function_args: 1
        closure_args: 0
        function_args_average: 1
        closure_args_average: 0
        total: 1
        average: 1
        function_args_min: 1
        function_args_max: 1
        closure_args_min: 0
        closure_args_max: 0
      nexits:
        sum: 1
        average: 1
        min: 1
        max: 1
      cognitive:
        sum: 0
        value: 0
        average: 0
        min: 0
        max: 0
      cyclomatic:
        sum: 1
        value: 1
        average: 1
        min: 1
        max: 1
        modified:
          sum: 1
          value: 1
          average: 1
          min: 1
          max: 1
      halstead:
        unique_operators: 8
        total_operators: 14
        unique_operands: 6
        total_operands: 9
        length: 23
        estimated_program_length: 39.51
        purity_ratio: 1.718
        vocabulary: 14
        volume: 87.569
        difficulty: 6
        level: 0.167
        effort: 525.415
        time: 29.19
        bugs: 0.022
      loc:
        sloc: 5
        ploc: 5
        lloc: 1
        cloc: 0
        blank: 0
        sloc_average: 5
        ploc_average: 5
        lloc_average: 1
        cloc_average: 0
        blank_average: 0
        sloc_min: 5
        sloc_max: 5
        cloc_min: 0
        cloc_max: 0
        ploc_min: 5
        ploc_max: 5
        lloc_min: 1
        lloc_max: 1
        blank_min: 0
        blank_max: 0
      nom:
        functions: 1
        closures: 0
        functions_average: 1
        closures_average: 0
        total: 1
        average: 1
        functions_min: 1
        functions_max: 1
        closures_min: 0
        closures_max: 0
      tokens:
        tokens: 28
        average: 28
        min: 28
        max: 28
      mi:
        original: 121.44
        sei: 99.603
        visual_studio: 71.018
      abc:
        assignments: 0
        branches: 2
        conditions: 0
        magnitude: 2
        value: 2
        assignments_average: 0
        branches_average: 2
        conditions_average: 0
        assignments_min: 0
        assignments_max: 0
        branches_min: 2
        branches_max: 2
        conditions_min: 0
        conditions_max: 0
  - name: getXfaFontWidths
    start_line: 220
    end_line: 275
    kind: function
    spaces:
      - name: "<anonymous>"
        start_line: 231
        end_line: 231
        kind: function
        spaces: []
        metrics:
          nargs:
            function_args: 0
            closure_args: 2
            function_args_average: 0
            closure_args_average: 2
            total: 2
            average: 2
            function_args_min: 0
            function_args_max: 0
            closure_args_min: 2
            closure_args_max: 2
          nexits:
            sum: 0
            average: 0
            min: 0
            max: 0
          cognitive:
            sum: 0
            value: 0
            average: 0
            min: 0
            max: 0
          cyclomatic:
            sum: 1
            value: 1
            average: 1
            min: 1
            max: 1
            modified:
              sum: 1
              value: 1
              average: 1
              min: 1
              max: 1
          halstead:
            unique_operators: 5
            total_operators: 5
            unique_operands: 3
            total_operands: 5
            length: 10
            estimated_program_length: 16.365
            purity_ratio: 1.636
            vocabulary: 8
            volume: 30
            difficulty: 4.167
            level: 0.24
            effort: 125
            time: 6.944
            bugs: 0.008
          loc:
            sloc: 1
            ploc: 1
            lloc: 0
            cloc: 0
            blank: 0
            sloc_average: 1
            ploc_average: 1
            lloc_average: 0
            cloc_average: 0
            blank_average: 0
            sloc_min: 1
            sloc_max: 1
            cloc_min: 0
            cloc_max: 0
            ploc_min: 1
            ploc_max: 1
            lloc_min: 0
            lloc_max: 0
            blank_min: 0
            blank_max: 0
          nom:
            functions: 0
            closures: 1
            functions_average: 0
            closures_average: 1
            total: 1
            average: 1
            functions_min: 0
            functions_max: 0
            closures_min: 1
            closures_max: 1
          tokens:
            tokens: 12
            average: 12
            min: 12
            max: 12
          mi:
            original: 153.084
            sei: 145.254
            visual_studio: 89.523
          abc:
            assignments: 0
            branches: 0
            conditions: 0
            magnitude: 0
            value: 0
            assignments_average: 0
            branches_average: 0
            conditions_average: 0
            assignments_min: 0
            assignments_max: 0
            branches_min: 0
            branches_max: 0
            conditions_min: 0
            conditions_max: 0
      - name: "<anonymous>"
        start_line: 251
        end_line: 254
        kind: function
        spaces: []
        metrics:
          nargs:
            function_args: 0
            closure_args: 2
            function_args_average: 0
            closure_args_average: 2
            total: 2
            average: 2
            function_args_min: 0
            function_args_max: 0
            closure_args_min: 2
            closure_args_max: 2
          nexits:
            sum: 0
            average: 0
            min: 0
            max: 0
          cognitive:
            sum: 0
            value: 0
            average: 0
            min: 0
            max: 0
          cyclomatic:
            sum: 1
            value: 1
            average: 1
            min: 1
            max: 1
            modified:
              sum: 1
              value: 1
              average: 1
              min: 1
              max: 1
          halstead:
            unique_operators: 4
            total_operators: 6
            unique_operands: 2
            total_operands: 4
            length: 10
            estimated_program_length: 10
            purity_ratio: 1
            vocabulary: 6
            volume: 25.85
            difficulty: 4
            level: 0.25
            effort: 103.399
            time: 5.744
            bugs: 0.007
          loc:
            sloc: 4
            ploc: 4
            lloc: 0
            cloc: 0
            blank: 0
            sloc_average: 4
            ploc_average: 4
            lloc_average: 0
            cloc_average: 0
            blank_average: 0
            sloc_min: 4
            sloc_max: 4
            cloc_min: 0
            cloc_max: 0
            ploc_min: 4
            ploc_max: 4
            lloc_min: 0
            lloc_max: 0
            blank_min: 0
            blank_max: 0
          nom:
            functions: 0
            closures: 1
            functions_average: 0
            closures_average: 1
            total: 1
            average: 1
            functions_min: 0
            functions_max: 0
            closures_min: 1
            closures_max: 1
          tokens:
            tokens: 12
            average: 12
            min: 12
            max: 12
          mi:
            original: 131.4
            sei: 113.971
            visual_studio: 76.842
          abc:
            assignments: 0
            branches: 0
            conditions: 0
            magnitude: 0
            value: 0
            assignments_average: 0
            branches_average: 0
            conditions_average: 0
            assignments_min: 0
            assignments_max: 0
            branches_min: 0
            branches_max: 0
            conditions_min: 0
            conditions_max: 0
      - name: "<anonymous>"
        start_line: 257
        end_line: 258
        kind: function
        spaces: []
        metrics:
          nargs:
            function_args: 0
            closure_args: 2
            function_args_average: 0
            closure_args_average: 2
            total: 2
            average: 2
            function_args_min: 0
            function_args_max: 0
            closure_args_min: 2
            closure_args_max: 2
          nexits:
            sum: 0
            average: 0
            min: 0
            max: 0
          cognitive:
            sum: 0
            value: 0
            average: 0
            min: 0
            max: 0
          cyclomatic:
            sum: 1
            value: 1
            average: 1
            min: 1
            max: 1
            modified:
              sum: 1
              value: 1
              average: 1
              min: 1
              max: 1
          halstead:
            unique_operators: 5
            total_operators: 6
            unique_operands: 2
            total_operands: 4
            length: 10
            estimated_program_length: 13.61
            purity_ratio: 1.361
            vocabulary: 7
            volume: 28.074
            difficulty: 5
            level: 0.2
            effort: 140.368
            time: 7.798
            bugs: 0.009
          loc:
            sloc: 2
            ploc: 2
            lloc: 0
            cloc: 0
            blank: 0
            sloc_average: 2
            ploc_average: 2
            lloc_average: 0
            cloc_average: 0
            blank_average: 0
            sloc_min: 2
            sloc_max: 2
            cloc_min: 0
            cloc_max: 0
            ploc_min: 2
            ploc_max: 2
            lloc_min: 0
            lloc_max: 0
            blank_min: 0
            blank_max: 0
          nom:
            functions: 0
            closures: 1
            functions_average: 0
            closures_average: 1
            total: 1
            average: 1
            functions_min: 0
            functions_max: 0
            closures_min: 1
            closures_max: 1
          tokens:
            tokens: 13
            average: 13
            min: 13
            max: 13
          mi:
            original: 142.2
            sei: 129.552
            visual_studio: 83.158
          abc:
            assignments: 0
            branches: 0
            conditions: 0
            magnitude: 0
            value: 0
            assignments_average: 0
            branches_average: 0
            conditions_average: 0
            assignments_min: 0
            assignments_max: 0
            branches_min: 0
            branches_max: 0
            conditions_min: 0
            conditions_max: 0
    metrics:
      nargs:
        function_args: 1
        closure_args: 6
        function_args_average: 1
        closure_args_average: 2
        total: 7
        average: 1.75
        function_args_min: 0
        function_args_max: 1
        closure_args_min: 0
        closure_args_max: 2
      nexits:
        sum: 2
        average: 0.5
        min: 0
        max: 2
      cognitive:
        sum: 9
        value: 9
        average: 2.25
        min: 0
        max: 9
      cyclomatic:
        sum: 9
        value: 6
        average: 2.25
        min: 1
        max: 6
        modified:
          sum: 9
          value: 6
          average: 2.25
          min: 1
          max: 6
      halstead:
        unique_operators: 23
        total_operators: 103
        unique_operands: 25
        total_operands: 58
        length: 161
        estimated_program_length: 220.138
        purity_ratio: 1.367
        vocabulary: 48
        volume: 899.179
        difficulty: 26.68
        level: 0.037
        effort: 23990.095
        time: 1332.783
        bugs: 0.277
      loc:
        sloc: 56
        ploc: 40
        lloc: 15
        cloc: 13
        blank: 5
        sloc_average: 14
        ploc_average: 10
        lloc_average: 3.75
        cloc_average: 3.25
        blank_average: 1.25
        sloc_min: 1
        sloc_max: 56
        cloc_min: 0
        cloc_max: 13
        ploc_min: 1
        ploc_max: 40
        lloc_min: 0
        lloc_max: 15
        blank_min: 0
        blank_max: 5
      nom:
        functions: 1
        closures: 3
        functions_average: 0.25
        closures_average: 0.75
        total: 4
        average: 1
        functions_min: 0
        functions_max: 1
        closures_min: 0
        closures_max: 1
      tokens:
        tokens: 197
        average: 49.25
        min: 12
        max: 160
      mi:
        original: 68.352
        sei: 70.076
        visual_studio: 39.972
      abc:
        assignments: 6
        branches: 6
        conditions: 6
        magnitude: 10.392
        value: 10.392
        assignments_average: 1.5
        branches_average: 1.5
        conditions_average: 1.5
        assignments_min: 0
        assignments_max: 6
        branches_min: 0
        branches_max: 6
        conditions_min: 0
        conditions_max: 6
  - name: getXfaFontDict
    start_line: 277
    end_line: 297
    kind: function
    spaces: []
    metrics:
      nargs:
        function_args: 1
        closure_args: 0
        function_args_average: 1
        closure_args_average: 0
        total: 1
        average: 1
        function_args_min: 1
        function_args_max: 1
        closure_args_min: 0
        closure_args_max: 0
      nexits:
        sum: 1
        average: 1
        min: 1
        max: 1
      cognitive:
        sum: 0
        value: 0
        average: 0
        min: 0
        max: 0
      cyclomatic:
        sum: 1
        value: 1
        average: 1
        min: 1
        max: 1
        modified:
          sum: 1
          value: 1
          average: 1
          min: 1
          max: 1
      halstead:
        unique_operators: 13
        total_operators: 96
        unique_operands: 35
        total_operands: 85
        length: 181
        estimated_program_length: 227.631
        purity_ratio: 1.258
        vocabulary: 48
        volume: 1010.878
        difficulty: 15.786
        level: 0.063
        effort: 15957.435
        time: 886.524
        bugs: 0.211
      loc:
        sloc: 21
        ploc: 20
        lloc: 14
        cloc: 0
        blank: 1
        sloc_average: 21
        ploc_average: 20
        lloc_average: 14
        cloc_average: 0
        blank_average: 1
        sloc_min: 21
        sloc_max: 21
        cloc_min: 0
        cloc_max: 0
        ploc_min: 20
        ploc_max: 20
        lloc_min: 14
        lloc_max: 14
        blank_min: 1
        blank_max: 1
      nom:
        functions: 1
        closures: 0
        functions_average: 1
        closures_average: 0
        total: 1
        average: 1
        functions_min: 1
        functions_max: 1
        closures_min: 0
        closures_max: 0
      tokens:
        tokens: 246
        average: 246
        min: 246
        max: 246
      mi:
        original: 85.472
        sei: 47.711
        visual_studio: 49.984
      abc:
        assignments: 0
        branches: 24
        conditions: 0
        magnitude: 24
        value: 24
        assignments_average: 0
        branches_average: 24
        conditions_average: 0
        assignments_min: 0
        assignments_max: 0
        branches_min: 24
        branches_max: 24
        conditions_min: 0
        conditions_max: 0
metrics:
  nargs:
    function_args: 3
    closure_args: 7
    function_args_average: 1
    closure_args_average: 1.75
    total: 10
    average: 1.429
    function_args_min: 0
    function_args_max: 1
    closure_args_min: 0
    closure_args_max: 2
  nexits:
    sum: 4
    average: 0.571
    min: 0
    max: 2
  cognitive:
    sum: 9
    value: 0
    average: 1.286
    min: 0
    max: 9
  cyclomatic:
    sum: 13
    value: 1
    average: 1.857
    min: 1
    max: 6
    modified:
      sum: 13
      value: 1
      average: 1.8571428571428572
      min: 1
      max: 6
  halstead:
    unique_operators: 29
    total_operators: 586
    unique_operands: 146
    total_operands: 457
    length: 1043
    estimated_program_length: 1190.596
    purity_ratio: 1.142
    vocabulary: 175
    volume: 7771.613
    difficulty: 45.387
    level: 0.022
    effort: 352730.101
    time: 19596.117
    bugs: 1.664
  loc:
    sloc: 299
    ploc: 262
    lloc: 59
    cloc: 27
    blank: 12
    sloc_average: 37.375
    ploc_average: 32.75
    lloc_average: 7.375
    cloc_average: 3.375
    blank_average: 1.5
    sloc_min: 1
    sloc_max: 299
    cloc_min: 0
    cloc_max: 27
    ploc_min: 1
    ploc_max: 262
    lloc_min: 0
    lloc_max: 59
    blank_min: 0
    blank_max: 12
  nom:
    functions: 3
    closures: 4
    functions_average: 0.375
    closures_average: 0.5
    total: 7
    average: 0.875
    functions_min: 0
    functions_max: 1
    closures_min: 0
    closures_max: 1
  tokens:
    tokens: 1323
    average: 165.375
    min: 12
    max: 689
  mi:
    original: 29.08
    sei: -82.342
    visual_studio: 17.006
  abc:
    assignments: 38
    branches: 33
    conditions: 6
    magnitude: 50.685
    value: 1
    assignments_average: 4.75
    branches_average: 4.125
    conditions_average: 0.75
    assignments_min: 0
    assignments_max: 32
    branches_min: 0
    branches_max: 24
    conditions_min: 0
    conditions_max: 6
  wmc:
    class_wmc_sum: 0
    interface_wmc_sum: 0
    total: 0
  npm:
    class_npm_sum: 0
    interface_npm_sum: 0
    class_methods: 0
    interface_methods: 0
    class_coa: 0
    interface_coa: 0
    total: 0
    total_methods: 0
    coa: 0
  npa:
    class_npa_sum: 0
    interface_npa_sum: 0
    class_attributes: 0
    interface_attributes: 0
    class_cda: 0
    interface_cda: 0
    total: 0
    total_attributes: 0
    cda: 0
