---
source: tests/common/mod.rs
expression: funcspace_struct
---
name: "[filepath]"
start_line: 1
end_line: 429
kind: unit
spaces:
  - name: readCharset
    start_line: 33
    end_line: 61
    kind: function
    spaces: []
    metrics:
      nargs:
        function_args: 2
        closure_args: 0
        function_args_average: 2
        closure_args_average: 0
        total: 2
        average: 2
        function_args_min: 2
        function_args_max: 2
        closure_args_min: 0
        closure_args_max: 0
      nexits:
        sum: 2
        average: 2
        min: 2
        max: 2
      cognitive:
        sum: 10
        value: 10
        average: 10
        min: 10
        max: 10
      cyclomatic:
        sum: 6
        value: 6
        average: 6
        min: 6
        max: 6
        modified:
          sum: 6
          value: 6
          average: 6
          min: 6
          max: 6
      halstead:
        unique_operators: 23
        total_operators: 110
        unique_operands: 21
        total_operands: 73
        length: 183
        estimated_program_length: 196.281
        purity_ratio: 1.073
        vocabulary: 44
        volume: 999.076
        difficulty: 39.976
        level: 0.025
        effort: 39939.252
        time: 2218.847
        bugs: 0.389
      loc:
        sloc: 29
        ploc: 26
        lloc: 13
        cloc: 0
        blank: 3
        sloc_average: 29
        ploc_average: 26
        lloc_average: 13
        cloc_average: 0
        blank_average: 3
        sloc_min: 29
        sloc_max: 29
        cloc_min: 0
        cloc_max: 0
        ploc_min: 26
        ploc_max: 26
        lloc_min: 13
        lloc_max: 13
        blank_min: 3
        blank_max: 3
      nom:
        functions: 1
        closures: 0
        functions_average: 1
        closures_average: 0
        total: 1
        average: 1
        functions_min: 1
        functions_max: 1
        closures_min: 0
        closures_max: 0
      tokens:
        tokens: 220
        average: 220
        min: 220
        max: 220
      mi:
        original: 79.154
        sei: 39.106
        visual_studio: 46.289
      abc:
        assignments: 18
        branches: 10
        conditions: 7
        magnitude: 21.749
        value: 21.749
        assignments_average: 18
        branches_average: 10
        conditions_average: 7
        assignments_min: 18
        assignments_max: 18
        branches_min: 10
        branches_max: 10
        conditions_min: 7
        conditions_max: 7
  - name: readCharstringEncoding
    start_line: 68
    end_line: 112
    kind: function
    spaces: []
    metrics:
      nargs:
        function_args: 1
        closure_args: 0
        function_args_average: 1
        closure_args_average: 0
        total: 1
        average: 1
        function_args_min: 1
        function_args_max: 1
        closure_args_min: 0
        closure_args_max: 0
      nexits:
        sum: 2
        average: 2
        min: 2
        max: 2
      cognitive:
        sum: 15
        value: 15
        average: 15
        min: 15
        max: 15
      cyclomatic:
        sum: 14
        value: 14
        average: 14
        min: 14
        max: 14
        modified:
          sum: 14
          value: 14
          average: 14
          min: 14
          max: 14
      halstead:
        unique_operators: 24
        total_operators: 167
        unique_operands: 31
        total_operands: 102
        length: 269
        estimated_program_length: 263.619
        purity_ratio: 0.98
        vocabulary: 55
        volume: 1555.186
        difficulty: 39.484
        level: 0.025
        effort: 61404.754
        time: 3411.375
        bugs: 0.519
      loc:
        sloc: 45
        ploc: 40
        lloc: 29
        cloc: 2
        blank: 5
        sloc_average: 45
        ploc_average: 40
        lloc_average: 29
        cloc_average: 2
        blank_average: 5
        sloc_min: 45
        sloc_max: 45
        cloc_min: 2
        cloc_max: 2
        ploc_min: 40
        ploc_max: 40
        lloc_min: 29
        lloc_max: 29
        blank_min: 5
        blank_max: 5
      nom:
        functions: 1
        closures: 0
        functions_average: 1
        closures_average: 0
        total: 1
        average: 1
        functions_min: 1
        functions_max: 1
        closures_min: 0
        closures_max: 0
      tokens:
        tokens: 321
        average: 321
        min: 321
        max: 321
      mi:
        original: 67.895
        sei: 17.473
        visual_studio: 39.705
      abc:
        assignments: 26
        branches: 2
        conditions: 24
        magnitude: 35.44
        value: 35.44
        assignments_average: 26
        branches_average: 2
        conditions_average: 24
        assignments_min: 26
        assignments_max: 26
        branches_min: 2
        branches_max: 2
        conditions_min: 24
        conditions_max: 24
  - name: readFontDictData
    start_line: 119
    end_line: 186
    kind: function
    spaces: []
    metrics:
      nargs:
        function_args: 2
        closure_args: 0
        function_args_average: 2
        closure_args_average: 0
        total: 2
        average: 2
        function_args_min: 2
        function_args_max: 2
        closure_args_min: 0
        closure_args_max: 0
      nexits:
        sum: 2
        average: 2
        min: 2
        max: 2
      cognitive:
        sum: 23
        value: 23
        average: 23
        min: 23
        max: 23
      cyclomatic:
        sum: 19
        value: 19
        average: 19
        min: 19
        max: 19
        modified:
          sum: 14
          value: 14
          average: 14
          min: 14
          max: 14
      halstead:
        unique_operators: 34
        total_operators: 224
        unique_operands: 52
        total_operands: 134
        length: 358
        estimated_program_length: 469.397
        purity_ratio: 1.311
        vocabulary: 86
        volume: 2300.603
        difficulty: 43.808
        level: 0.023
        effort: 100784.099
        time: 5599.117
        bugs: 0.722
      loc:
        sloc: 68
        ploc: 63
        lloc: 38
        cloc: 0
        blank: 5
        sloc_average: 68
        ploc_average: 63
        lloc_average: 38
        cloc_average: 0
        blank_average: 5
        sloc_min: 68
        sloc_max: 68
        cloc_min: 0
        cloc_max: 0
        ploc_min: 63
        ploc_max: 63
        lloc_min: 38
        lloc_max: 38
        blank_min: 5
        blank_max: 5
      nom:
        functions: 1
        closures: 0
        functions_average: 1
        closures_average: 0
        total: 1
        average: 1
        functions_min: 1
        functions_max: 1
        closures_min: 0
        closures_max: 0
      tokens:
        tokens: 422
        average: 422
        min: 422
        max: 422
      mi:
        original: 58.021
        sei: 9.941
        visual_studio: 33.931
      abc:
        assignments: 37
        branches: 6
        conditions: 26
        magnitude: 45.618
        value: 45.618
        assignments_average: 37
        branches_average: 6
        conditions_average: 26
        assignments_min: 37
        assignments_max: 37
        branches_min: 6
        branches_max: 6
        conditions_min: 26
        conditions_max: 26
  - name: readFontIndexData
    start_line: 201
    end_line: 248
    kind: function
    spaces:
      - name: getNextOffset
        start_line: 205
        end_line: 221
        kind: function
        spaces: []
        metrics:
          nargs:
            function_args: 0
            closure_args: 0
            function_args_average: 0
            closure_args_average: 0
            total: 0
            average: 0
            function_args_min: 0
            function_args_max: 0
            closure_args_min: 0
            closure_args_max: 0
          nexits:
            sum: 6
            average: 6
            min: 6
            max: 6
          cognitive:
            sum: 2
            value: 2
            average: 2
            min: 2
            max: 2
          cyclomatic:
            sum: 6
            value: 6
            average: 6
            min: 6
            max: 6
            modified:
              sum: 2
              value: 2
              average: 2
              min: 2
              max: 2
          halstead:
            unique_operators: 14
            total_operators: 63
            unique_operands: 14
            total_operands: 37
            length: 100
            estimated_program_length: 106.606
            purity_ratio: 1.066
            vocabulary: 28
            volume: 480.735
            difficulty: 18.5
            level: 0.054
            effort: 8893.607
            time: 494.089
            bugs: 0.143
          loc:
            sloc: 17
            ploc: 17
            lloc: 7
            cloc: 0
            blank: 0
            sloc_average: 17
            ploc_average: 17
            lloc_average: 7
            cloc_average: 0
            blank_average: 0
            sloc_min: 17
            sloc_max: 17
            cloc_min: 0
            cloc_max: 0
            ploc_min: 17
            ploc_max: 17
            lloc_min: 7
            lloc_max: 7
            blank_min: 0
            blank_max: 0
          nom:
            functions: 1
            closures: 0
            functions_average: 1
            closures_average: 0
            total: 1
            average: 1
            functions_min: 1
            functions_max: 1
            closures_min: 0
            closures_max: 0
          tokens:
            tokens: 117
            average: 117
            min: 117
            max: 117
          mi:
            original: 91.61
            sei: 57.076
            visual_studio: 53.573
          abc:
            assignments: 0
            branches: 11
            conditions: 5
            magnitude: 12.083
            value: 12.083
            assignments_average: 0
            branches_average: 11
            conditions_average: 5
            assignments_min: 0
            assignments_max: 0
            branches_min: 11
            branches_max: 11
            conditions_min: 5
            conditions_max: 5
    metrics:
      nargs:
        function_args: 2
        closure_args: 0
        function_args_average: 1
        closure_args_average: 0
        total: 2
        average: 1
        function_args_min: 0
        function_args_max: 2
        closure_args_min: 0
        closure_args_max: 0
      nexits:
        sum: 7
        average: 3.5
        min: 1
        max: 6
      cognitive:
        sum: 9
        value: 7
        average: 4.5
        min: 2
        max: 7
      cyclomatic:
        sum: 11
        value: 5
        average: 5.5
        min: 5
        max: 6
        modified:
          sum: 7
          value: 5
          average: 3.5
          min: 2
          max: 5
      halstead:
        unique_operators: 23
        total_operators: 167
        unique_operands: 33
        total_operands: 108
        length: 275
        estimated_program_length: 270.507
        purity_ratio: 0.984
        vocabulary: 56
        volume: 1597.023
        difficulty: 37.636
        level: 0.027
        effort: 60106.123
        time: 3339.229
        bugs: 0.511
      loc:
        sloc: 48
        ploc: 41
        lloc: 16
        cloc: 1
        blank: 6
        sloc_average: 24
        ploc_average: 20.5
        lloc_average: 8
        cloc_average: 0.5
        blank_average: 3
        sloc_min: 17
        sloc_max: 48
        cloc_min: 0
        cloc_max: 1
        ploc_min: 17
        ploc_max: 41
        lloc_min: 7
        lloc_max: 16
        blank_min: 0
        blank_max: 6
      nom:
        functions: 2
        closures: 0
        functions_average: 1
        closures_average: 0
        total: 2
        average: 1
        functions_min: 1
        functions_max: 1
        closures_min: 0
        closures_max: 0
      tokens:
        tokens: 323
        average: 161.5
        min: 117
        max: 206
      mi:
        original: 67.402
        sei: 61.997
        visual_studio: 39.416
      abc:
        assignments: 15
        branches: 21
        conditions: 10
        magnitude: 27.677
        value: 18.708
        assignments_average: 7.5
        branches_average: 10.5
        conditions_average: 5
        assignments_min: 0
        assignments_max: 15
        branches_min: 10
        branches_max: 11
        conditions_min: 5
        conditions_max: 5
  - name: type2Parser
    start_line: 250
    end_line: 387
    kind: function
    spaces:
      - name: dump
        start_line: 263
        end_line: 267
        kind: function
        spaces: []
        metrics:
          nargs:
            function_args: 1
            closure_args: 0
            function_args_average: 1
            closure_args_average: 0
            total: 1
            average: 1
            function_args_min: 1
            function_args_max: 1
            closure_args_min: 0
            closure_args_max: 0
          nexits:
            sum: 0
            average: 0
            min: 0
            max: 0
          cognitive:
            sum: 2
            value: 2
            average: 2
            min: 2
            max: 2
          cyclomatic:
            sum: 2
            value: 2
            average: 2
            min: 2
            max: 2
            modified:
              sum: 2
              value: 2
              average: 2
              min: 2
              max: 2
          halstead:
            unique_operators: 6
            total_operators: 9
            unique_operands: 5
            total_operands: 6
            length: 15
            estimated_program_length: 27.119
            purity_ratio: 1.808
            vocabulary: 11
            volume: 51.891
            difficulty: 3.6
            level: 0.278
            effort: 186.809
            time: 10.378
            bugs: 0.011
          loc:
            sloc: 5
            ploc: 5
            lloc: 2
            cloc: 0
            blank: 0
            sloc_average: 5
            ploc_average: 5
            lloc_average: 2
            cloc_average: 0
            blank_average: 0
            sloc_min: 5
            sloc_max: 5
            cloc_min: 0
            cloc_max: 0
            ploc_min: 5
            ploc_max: 5
            lloc_min: 2
            lloc_max: 2
            blank_min: 0
            blank_max: 0
          nom:
            functions: 1
            closures: 0
            functions_average: 1
            closures_average: 0
            total: 1
            average: 1
            functions_min: 1
            functions_max: 1
            closures_min: 0
            closures_max: 0
          tokens:
            tokens: 20
            average: 20
            min: 20
            max: 20
          mi:
            original: 123.932
            sei: 103.298
            visual_studio: 72.475
          abc:
            assignments: 0
            branches: 1
            conditions: 1
            magnitude: 1.414
            value: 1.414
            assignments_average: 0
            branches_average: 1
            conditions_average: 1
            assignments_min: 0
            assignments_max: 0
            branches_min: 1
            branches_max: 1
            conditions_min: 1
            conditions_max: 1
      - name: parseAsToken
        start_line: 269
        end_line: 309
        kind: function
        spaces: []
        metrics:
          nargs:
            function_args: 2
            closure_args: 0
            function_args_average: 2
            closure_args_average: 0
            total: 2
            average: 2
            function_args_min: 2
            function_args_max: 2
            closure_args_min: 0
            closure_args_max: 0
          nexits:
            sum: 0
            average: 0
            min: 0
            max: 0
          cognitive:
            sum: 23
            value: 23
            average: 23
            min: 23
            max: 23
          cyclomatic:
            sum: 10
            value: 10
            average: 10
            min: 10
            max: 10
            modified:
              sum: 7
              value: 7
              average: 7
              min: 7
              max: 7
          halstead:
            unique_operators: 22
            total_operators: 140
            unique_operands: 27
            total_operands: 87
            length: 227
            estimated_program_length: 226.489
            purity_ratio: 0.998
            vocabulary: 49
            volume: 1274.539
            difficulty: 35.444
            level: 0.028
            effort: 45175.332
            time: 2509.741
            bugs: 0.423
          loc:
            sloc: 41
            ploc: 40
            lloc: 18
            cloc: 0
            blank: 1
            sloc_average: 41
            ploc_average: 40
            lloc_average: 18
            cloc_average: 0
            blank_average: 1
            sloc_min: 41
            sloc_max: 41
            cloc_min: 0
            cloc_max: 0
            ploc_min: 40
            ploc_max: 40
            lloc_min: 18
            lloc_max: 18
            blank_min: 1
            blank_max: 1
          nom:
            functions: 1
            closures: 0
            functions_average: 1
            closures_average: 0
            total: 1
            average: 1
            functions_min: 1
            functions_max: 1
            closures_min: 0
            closures_max: 0
          tokens:
            tokens: 272
            average: 272
            min: 272
            max: 272
          mi:
            original: 71.358
            sei: 28.266
            visual_studio: 41.73
          abc:
            assignments: 9
            branches: 16
            conditions: 11
            magnitude: 21.401
            value: 21.401
            assignments_average: 9
            branches_average: 16
            conditions_average: 11
            assignments_min: 9
            assignments_max: 9
            branches_min: 16
            branches_max: 16
            conditions_min: 11
            conditions_max: 11
      - name: type2ParserParse
        start_line: 311
        end_line: 386
        kind: function
        spaces:
          - name: "<anonymous>"
            start_line: 363
            end_line: 365
            kind: function
            spaces: []
            metrics:
              nargs:
                function_args: 0
                closure_args: 2
                function_args_average: 0
                closure_args_average: 2
                total: 2
                average: 2
                function_args_min: 0
                function_args_max: 0
                closure_args_min: 2
                closure_args_max: 2
              nexits:
                sum: 0
                average: 0
                min: 0
                max: 0
              cognitive:
                sum: 0
                value: 0
                average: 0
                min: 0
                max: 0
              cyclomatic:
                sum: 1
                value: 1
                average: 1
                min: 1
                max: 1
                modified:
                  sum: 1
                  value: 1
                  average: 1
                  min: 1
                  max: 1
              halstead:
                unique_operators: 7
                total_operators: 9
                unique_operands: 4
                total_operands: 6
                length: 15
                estimated_program_length: 27.651
                purity_ratio: 1.843
                vocabulary: 11
                volume: 51.891
                difficulty: 5.25
                level: 0.19
                effort: 272.43
                time: 15.135
                bugs: 0.014
              loc:
                sloc: 3
                ploc: 3
                lloc: 1
                cloc: 0
                blank: 0
                sloc_average: 3
                ploc_average: 3
                lloc_average: 1
                cloc_average: 0
                blank_average: 0
                sloc_min: 3
                sloc_max: 3
                cloc_min: 0
                cloc_max: 0
                ploc_min: 3
                ploc_max: 3
                lloc_min: 1
                lloc_max: 1
                blank_min: 0
                blank_max: 0
              nom:
                functions: 0
                closures: 1
                functions_average: 0
                closures_average: 1
                total: 1
                average: 1
                functions_min: 0
                functions_max: 0
                closures_min: 1
                closures_max: 1
              tokens:
                tokens: 19
                average: 19
                min: 19
                max: 19
              mi:
                original: 132.437
                sei: 115.467
                visual_studio: 77.448
              abc:
                assignments: 0
                branches: 1
                conditions: 0
                magnitude: 1
                value: 1
                assignments_average: 0
                branches_average: 1
                conditions_average: 0
                assignments_min: 0
                assignments_max: 0
                branches_min: 1
                branches_max: 1
                conditions_min: 0
                conditions_max: 0
        metrics:
          nargs:
            function_args: 1
            closure_args: 2
            function_args_average: 1
            closure_args_average: 2
            total: 3
            average: 1.5
            function_args_min: 0
            function_args_max: 1
            closure_args_min: 0
            closure_args_max: 2
          nexits:
            sum: 3
            average: 1.5
            min: 0
            max: 3
          cognitive:
            sum: 11
            value: 11
            average: 5.5
            min: 0
            max: 11
          cyclomatic:
            sum: 8
            value: 7
            average: 4
            min: 1
            max: 7
            modified:
              sum: 8
              value: 7
              average: 4
              min: 1
              max: 7
          halstead:
            unique_operators: 19
            total_operators: 215
            unique_operands: 64
            total_operands: 167
            length: 382
            estimated_program_length: 464.711
            purity_ratio: 1.217
            vocabulary: 83
            volume: 2435.265
            difficulty: 24.789
            level: 0.04
            effort: 60367.938
            time: 3353.774
            bugs: 0.513
          loc:
            sloc: 76
            ploc: 55
            lloc: 36
            cloc: 10
            blank: 11
            sloc_average: 38
            ploc_average: 27.5
            lloc_average: 18
            cloc_average: 5
            blank_average: 5.5
            sloc_min: 3
            sloc_max: 76
            cloc_min: 0
            cloc_max: 10
            ploc_min: 3
            ploc_max: 55
            lloc_min: 1
            lloc_max: 36
            blank_min: 0
            blank_max: 11
          nom:
            functions: 1
            closures: 1
            functions_average: 0.5
            closures_average: 0.5
            total: 2
            average: 1
            functions_min: 0
            functions_max: 1
            closures_min: 0
            closures_max: 1
          tokens:
            tokens: 499
            average: 249.5
            min: 19
            max: 480
          mi:
            original: 58.454
            sei: -21.356
            visual_studio: 34.183
          abc:
            assignments: 18
            branches: 42
            conditions: 9
            magnitude: 46.573
            value: 45.673
            assignments_average: 9
            branches_average: 21
            conditions_average: 4.5
            assignments_min: 0
            assignments_max: 18
            branches_min: 1
            branches_max: 41
            conditions_min: 0
            conditions_max: 9
    metrics:
      nargs:
        function_args: 5
        closure_args: 2
        function_args_average: 1.25
        closure_args_average: 2
        total: 7
        average: 1.4
        function_args_min: 0
        function_args_max: 2
        closure_args_min: 0
        closure_args_max: 2
      nexits:
        sum: 3
        average: 0.6
        min: 0
        max: 3
      cognitive:
        sum: 37
        value: 1
        average: 7.4
        min: 0
        max: 23
      cyclomatic:
        sum: 22
        value: 2
        average: 4.4
        min: 1
        max: 10
        modified:
          sum: 19
          value: 2
          average: 3.8
          min: 1
          max: 7
      halstead:
        unique_operators: 27
        total_operators: 409
        unique_operands: 107
        total_operands: 295
        length: 704
        estimated_program_length: 849.719
        purity_ratio: 1.207
        vocabulary: 134
        volume: 4974.527
        difficulty: 37.22
        level: 0.027
        effort: 185150.027
        time: 10286.113
        bugs: 1.083
      loc:
        sloc: 138
        ploc: 110
        lloc: 62
        cloc: 11
        blank: 17
        sloc_average: 27.6
        ploc_average: 22
        lloc_average: 12.4
        cloc_average: 2.2
        blank_average: 3.4
        sloc_min: 3
        sloc_max: 138
        cloc_min: 0
        cloc_max: 11
        ploc_min: 3
        ploc_max: 110
        lloc_min: 1
        lloc_max: 62
        blank_min: 0
        blank_max: 17
      nom:
        functions: 4
        closures: 1
        functions_average: 0.8
        closures_average: 0.2
        total: 5
        average: 1
        functions_min: 0
        functions_max: 1
        closures_min: 0
        closures_max: 1
      tokens:
        tokens: 884
        average: 176.8
        min: 19
        max: 480
      mi:
        original: 41.856
        sei: -60.238
        visual_studio: 24.477
      abc:
        assignments: 34
        branches: 65
        conditions: 23
        magnitude: 76.877
        value: 9.434
        assignments_average: 6.8
        branches_average: 13
        conditions_average: 4.6
        assignments_min: 0
        assignments_max: 18
        branches_min: 1
        branches_max: 41
        conditions_min: 0
        conditions_max: 11
  - name: writeToFile
    start_line: 409
    end_line: 429
    kind: function
    spaces: []
    metrics:
      nargs:
        function_args: 2
        closure_args: 0
        function_args_average: 2
        closure_args_average: 0
        total: 2
        average: 2
        function_args_min: 2
        function_args_max: 2
        closure_args_min: 0
        closure_args_max: 0
      nexits:
        sum: 1
        average: 1
        min: 1
        max: 1
      cognitive:
        sum: 1
        value: 1
        average: 1
        min: 1
        max: 1
      cyclomatic:
        sum: 2
        value: 2
        average: 2
        min: 2
        max: 2
        modified:
          sum: 2
          value: 2
          average: 2
          min: 2
          max: 2
      halstead:
        unique_operators: 14
        total_operators: 67
        unique_operands: 36
        total_operands: 55
        length: 122
        estimated_program_length: 239.42
        purity_ratio: 1.962
        vocabulary: 50
        volume: 688.55
        difficulty: 10.694
        level: 0.094
        effort: 7363.665
        time: 409.092
        bugs: 0.126
      loc:
        sloc: 21
        ploc: 18
        lloc: 8
        cloc: 0
        blank: 3
        sloc_average: 21
        ploc_average: 18
        lloc_average: 8
        cloc_average: 0
        blank_average: 3
        sloc_min: 21
        sloc_max: 21
        cloc_min: 0
        cloc_max: 0
        ploc_min: 18
        ploc_max: 18
        lloc_min: 8
        lloc_max: 8
        blank_min: 3
        blank_max: 3
      nom:
        functions: 1
        closures: 0
        functions_average: 1
        closures_average: 0
        total: 1
        average: 1
        functions_min: 1
        functions_max: 1
        closures_min: 0
        closures_max: 0
      tokens:
        tokens: 149
        average: 149
        min: 149
        max: 149
      mi:
        original: 87.239
        sei: 50.362
        visual_studio: 51.017
      abc:
        assignments: 5
        branches: 9
        conditions: 0
        magnitude: 10.296
        value: 10.296
        assignments_average: 5
        branches_average: 9
        conditions_average: 0
        assignments_min: 5
        assignments_max: 5
        branches_min: 9
        branches_max: 9
        conditions_min: 0
        conditions_max: 0
metrics:
  nargs:
    function_args: 14
    closure_args: 2
    function_args_average: 1.4
    closure_args_average: 2
    total: 16
    average: 1.455
    function_args_min: 0
    function_args_max: 2
    closure_args_min: 0
    closure_args_max: 2
  nexits:
    sum: 17
    average: 1.545
    min: 0
    max: 6
  cognitive:
    sum: 95
    value: 0
    average: 8.636
    min: 0
    max: 23
  cyclomatic:
    sum: 75
    value: 1
    average: 6.818
    min: 1
    max: 19
    modified:
      sum: 63
      value: 1
      average: 5.7272727272727275
      min: 1
      max: 14
  halstead:
    unique_operators: 40
    total_operators: 1148
    unique_operands: 206
    total_operands: 769
    length: 1917
    estimated_program_length: 1796.296
    purity_ratio: 0.937
    vocabulary: 246
    volume: 15225.8
    difficulty: 74.66
    level: 0.013
    effort: 1136761.207
    time: 63153.4
    bugs: 3.631
  loc:
    sloc: 429
    ploc: 299
    lloc: 167
    cloc: 83
    blank: 49
    sloc_average: 35.75
    ploc_average: 24.917
    lloc_average: 13.917
    cloc_average: 6.917
    blank_average: 4.083
    sloc_min: 3
    sloc_max: 429
    cloc_min: 0
    cloc_max: 83
    ploc_min: 3
    ploc_max: 299
    lloc_min: 1
    lloc_max: 167
    blank_min: 0
    blank_max: 49
  nom:
    functions: 10
    closures: 1
    functions_average: 0.833
    closures_average: 0.083
    total: 11
    average: 0.917
    functions_min: 0
    functions_max: 1
    closures_min: 0
    closures_max: 1
  tokens:
    tokens: 2327
    average: 193.917
    min: 8
    max: 480
  mi:
    original: 5.475
    sei: -34.845
    visual_studio: 3.201
  abc:
    assignments: 136
    branches: 113
    conditions: 90
    magnitude: 198.406
    value: 1
    assignments_average: 11.333
    branches_average: 9.417
    conditions_average: 7.5
    assignments_min: 0
    assignments_max: 37
    branches_min: 0
    branches_max: 41
    conditions_min: 0
    conditions_max: 26
  wmc:
    class_wmc_sum: 0
    interface_wmc_sum: 0
    total: 0
  npm:
    class_npm_sum: 0
    interface_npm_sum: 0
    class_methods: 0
    interface_methods: 0
    class_coa: 0
    interface_coa: 0
    total: 0
    total_methods: 0
    coa: 0
  npa:
    class_npa_sum: 0
    interface_npa_sum: 0
    class_attributes: 0
    interface_attributes: 0
    class_cda: 0
    interface_cda: 0
    total: 0
    total_attributes: 0
    cda: 0
