---
source: tests/common/mod.rs
expression: funcspace_struct
---
name: "[filepath]"
start_line: 1
end_line: 28
kind: unit
spaces:
  - name: ungroup
    start_line: 23
    end_line: 28
    kind: function
    spaces: []
    metrics:
      nargs:
        function_args: 1
        closure_args: 0
        function_args_average: 1
        closure_args_average: 0
        total: 1
        value: 1
        average: 1
        function_args_min: 1
        function_args_max: 1
        closure_args_min: 0
        closure_args_max: 0
      nexits:
        sum: 0
        average: 0
        min: 0
        max: 0
      cognitive:
        sum: 1
        value: 1
        average: 1
        min: 1
        max: 1
      cyclomatic:
        sum: 2
        value: 2
        average: 2
        min: 2
        max: 2
        modified:
          sum: 2
          value: 2
          average: 2
          min: 2
          max: 2
      halstead:
        unique_operators: 14
        total_operators: 19
        unique_operands: 6
        total_operands: 12
        length: 31
        estimated_program_length: 68.813
        purity_ratio: 2.22
        vocabulary: 20
        volume: 133.98
        difficulty: 14
        level: 0.071
        effort: 1875.717
        time: 104.206
        bugs: 0.051
      loc:
        sloc: 6
        ploc: 6
        lloc: 3
        cloc: 0
        blank: 0
        sloc_average: 6
        ploc_average: 6
        lloc_average: 3
        cloc_average: 0
        blank_average: 0
        sloc_min: 6
        sloc_max: 6
        cloc_min: 0
        cloc_max: 0
        ploc_min: 6
        ploc_max: 6
        lloc_min: 3
        lloc_max: 3
        blank_min: 0
        blank_max: 0
      nom:
        functions: 1
        closures: 0
        functions_average: 1
        closures_average: 0
        total: 1
        average: 1
        functions_min: 1
        functions_max: 1
        closures_min: 0
        closures_max: 0
      tokens:
        tokens: 35
        average: 35
        min: 35
        max: 35
      mi:
        original: 116.046
        sei: 91.921
        visual_studio: 67.863
      abc:
        assignments: 1
        branches: 0
        conditions: 1
        magnitude: 1.414
        value: 1.414
        assignments_average: 1
        branches_average: 0
        conditions_average: 1
        assignments_min: 1
        assignments_max: 1
        branches_min: 0
        branches_max: 0
        conditions_min: 1
        conditions_max: 1
metrics:
  nargs:
    function_args: 1
    closure_args: 0
    function_args_average: 1
    closure_args_average: 0
    total: 1
    value: 0
    average: 1
    function_args_min: 0
    function_args_max: 1
    closure_args_min: 0
    closure_args_max: 0
  nexits:
    sum: 0
    average: 0
    min: 0
    max: 0
  cognitive:
    sum: 1
    value: 0
    average: 1
    min: 0
    max: 1
  cyclomatic:
    sum: 3
    value: 1
    average: 3
    min: 1
    max: 2
    modified:
      sum: 3
      value: 1
      average: 3
      min: 1
      max: 2
  halstead:
    unique_operators: 19
    total_operators: 58
    unique_operands: 24
    total_operands: 34
    length: 92
    estimated_program_length: 190.75
    purity_ratio: 2.073
    vocabulary: 43
    volume: 499.216
    difficulty: 13.458
    level: 0.074
    effort: 6718.62
    time: 373.257
    bugs: 0.119
  loc:
    sloc: 28
    ploc: 22
    lloc: 3
    cloc: 0
    blank: 6
    sloc_average: 14
    ploc_average: 11
    lloc_average: 1.5
    cloc_average: 0
    blank_average: 3
    sloc_min: 6
    sloc_max: 28
    cloc_min: 0
    cloc_max: 0
    ploc_min: 6
    ploc_max: 22
    lloc_min: 3
    lloc_max: 3
    blank_min: 0
    blank_max: 6
  nom:
    functions: 1
    closures: 0
    functions_average: 0.5
    closures_average: 0
    total: 1
    average: 0.5
    functions_min: 0
    functions_max: 1
    closures_min: 0
    closures_max: 0
  tokens:
    tokens: 100
    average: 50
    min: 35
    max: 65
  mi:
    original: 84.02
    sei: 45.821
    visual_studio: 49.135
  abc:
    assignments: 1
    branches: 0
    conditions: 1
    magnitude: 1.414
    value: 0
    assignments_average: 0.5
    branches_average: 0
    conditions_average: 0.5
    assignments_min: 0
    assignments_max: 1
    branches_min: 0
    branches_max: 0
    conditions_min: 0
    conditions_max: 1
  wmc:
    class_wmc_sum: 0
    interface_wmc_sum: 0
    total: 0
  npm:
    class_npm_sum: 0
    interface_npm_sum: 0
    class_methods: 0
    interface_methods: 0
    class_coa: 0
    interface_coa: 0
    total: 0
    total_methods: 0
    coa: 0
  npa:
    class_npa_sum: 0
    interface_npa_sum: 0
    class_attributes: 0
    interface_attributes: 0
    class_cda: 0
    interface_cda: 0
    total: 0
    total_attributes: 0
    cda: 0
