---
source: tests/common/mod.rs
expression: funcspace_struct
---
name: "[filepath]"
start_line: 1
end_line: 280
kind: unit
spaces:
  - name: lm
    start_line: 10
    end_line: 280
    kind: namespace
    spaces:
      - name: interpolate
        start_line: 11
        end_line: 280
        kind: namespace
        spaces:
          - name: MakeEncoder
            start_line: 17
            end_line: 23
            kind: function
            spaces: []
            metrics:
              nargs:
                total_functions: 2
                total_closures: 0
                average_functions: 2
                average_closures: 0
                total: 2
                average: 2
                functions_min: 2
                functions_max: 2
                closures_min: 0
                closures_max: 0
              nexits:
                sum: 1
                average: 1
                min: 1
                max: 1
              cognitive:
                sum: 1
                average: 1
                min: 1
                max: 1
              cyclomatic:
                sum: 2
                average: 2
                min: 2
                max: 2
                modified:
                  sum: 2
                  average: 2
                  min: 2
                  max: 2
              halstead:
                n1: 15
                N1: 42
                n2: 16
                N2: 30
                length: 72
                estimated_program_length: 122.603
                purity_ratio: 1.703
                vocabulary: 31
                volume: 356.702
                difficulty: 14.063
                level: 0.071
                effort: 5016.124
                time: 278.674
                bugs: 0.098
              loc:
                sloc: 7
                ploc: 7
                lloc: 4
                cloc: 0
                blank: 0
                sloc_average: 7
                ploc_average: 7
                lloc_average: 4
                cloc_average: 0
                blank_average: 0
                sloc_min: 7
                sloc_max: 7
                cloc_min: 0
                cloc_max: 0
                ploc_min: 7
                ploc_max: 7
                lloc_min: 4
                lloc_max: 4
                blank_min: 0
                blank_max: 0
              nom:
                functions: 1
                closures: 0
                functions_average: 1
                closures_average: 0
                total: 1
                average: 1
                functions_min: 1
                functions_max: 1
                closures_min: 0
                closures_max: 0
              tokens:
                tokens: 89
                tokens_average: 89
                tokens_min: 89
                tokens_max: 89
              mi:
                mi_original: 108.456
                mi_sei: 80.972
                mi_visual_studio: 63.425
              abc:
                assignments: 1
                branches: 7
                conditions: 1
                magnitude: 7.141
                assignments_average: 1
                branches_average: 7
                conditions_average: 1
                assignments_min: 1
                assignments_max: 1
                branches_min: 7
                branches_max: 7
                conditions_min: 1
                conditions_max: 1
          - name: ~
            start_line: 25
            end_line: 268
            kind: namespace
            spaces:
              - name: NGramHandler
                start_line: 37
                end_line: 102
                kind: class
                spaces:
                  - name: NGramHandler
                    start_line: 39
                    end_line: 69
                    kind: function
                    spaces: []
                    metrics:
                      nargs:
                        total_functions: 3
                        total_closures: 0
                        average_functions: 3
                        average_closures: 0
                        total: 3
                        average: 3
                        functions_min: 3
                        functions_max: 3
                        closures_min: 0
                        closures_max: 0
                      nexits:
                        sum: 0
                        average: 0
                        min: 0
                        max: 0
                      cognitive:
                        sum: 7
                        average: 7
                        min: 7
                        max: 7
                      cyclomatic:
                        sum: 6
                        average: 6
                        min: 6
                        max: 6
                        modified:
                          sum: 6
                          average: 6
                          min: 6
                          max: 6
                      halstead:
                        n1: 21
                        N1: 123
                        n2: 30
                        N2: 89
                        length: 212
                        estimated_program_length: 239.445
                        purity_ratio: 1.129
                        vocabulary: 51
                        volume: 1202.554
                        difficulty: 31.15
                        level: 0.032
                        effort: 37459.562
                        time: 2081.087
                        bugs: 0.373
                      loc:
                        sloc: 31
                        ploc: 27
                        lloc: 17
                        cloc: 2
                        blank: 2
                        sloc_average: 31
                        ploc_average: 27
                        lloc_average: 17
                        cloc_average: 2
                        blank_average: 2
                        sloc_min: 31
                        sloc_max: 31
                        cloc_min: 2
                        cloc_max: 2
                        ploc_min: 27
                        ploc_max: 27
                        lloc_min: 17
                        lloc_max: 17
                        blank_min: 2
                        blank_max: 2
                      nom:
                        functions: 1
                        closures: 0
                        functions_average: 1
                        closures_average: 0
                        total: 1
                        average: 1
                        functions_min: 1
                        functions_max: 1
                        closures_min: 0
                        closures_max: 0
                      tokens:
                        tokens: 260
                        tokens_average: 260
                        tokens_min: 260
                        tokens_max: 260
                      mi:
                        mi_original: 77.11
                        mi_sei: 0.52
                        mi_visual_studio: 45.094
                      abc:
                        assignments: 6
                        branches: 21
                        conditions: 5
                        magnitude: 22.405
                        assignments_average: 6
                        branches_average: 21
                        conditions_average: 5
                        assignments_min: 6
                        assignments_max: 6
                        branches_min: 21
                        branches_max: 21
                        conditions_min: 5
                        conditions_max: 5
                  - name: StreamIndex
                    start_line: 71
                    end_line: 75
                    kind: struct
                    spaces:
                      - name: Stream
                        start_line: 73
                        end_line: 73
                        kind: function
                        spaces: []
                        metrics:
                          nargs:
                            total_functions: 0
                            total_closures: 0
                            average_functions: 0
                            average_closures: 0
                            total: 0
                            average: 0
                            functions_min: 0
                            functions_max: 0
                            closures_min: 0
                            closures_max: 0
                          nexits:
                            sum: 1
                            average: 1
                            min: 1
                            max: 1
                          cognitive:
                            sum: 0
                            average: 0
                            min: 0
                            max: 0
                          cyclomatic:
                            sum: 1
                            average: 1
                            min: 1
                            max: 1
                            modified:
                              sum: 1
                              average: 1
                              min: 1
                              max: 1
                          halstead:
                            n1: 8
                            N1: 8
                            n2: 4
                            N2: 4
                            length: 12
                            estimated_program_length: 32
                            purity_ratio: 2.667
                            vocabulary: 12
                            volume: 43.02
                            difficulty: 4
                            level: 0.25
                            effort: 172.078
                            time: 9.56
                            bugs: 0.01
                          loc:
                            sloc: 1
                            ploc: 1
                            lloc: 1
                            cloc: 0
                            blank: 0
                            sloc_average: 1
                            ploc_average: 1
                            lloc_average: 1
                            cloc_average: 0
                            blank_average: 0
                            sloc_min: 1
                            sloc_max: 1
                            cloc_min: 0
                            cloc_max: 0
                            ploc_min: 1
                            ploc_max: 1
                            lloc_min: 1
                            lloc_max: 1
                            blank_min: 0
                            blank_max: 0
                          nom:
                            functions: 1
                            closures: 0
                            functions_average: 1
                            closures_average: 0
                            total: 1
                            average: 1
                            functions_min: 1
                            functions_max: 1
                            closures_min: 0
                            closures_max: 0
                          tokens:
                            tokens: 14
                            tokens_average: 14
                            tokens_min: 14
                            tokens_max: 14
                          mi:
                            mi_original: 151.209
                            mi_sei: 142.55
                            mi_visual_studio: 88.427
                          abc:
                            assignments: 0
                            branches: 0
                            conditions: 0
                            magnitude: 0
                            assignments_average: 0
                            branches_average: 0
                            conditions_average: 0
                            assignments_min: 0
                            assignments_max: 0
                            branches_min: 0
                            branches_max: 0
                            conditions_min: 0
                            conditions_max: 0
                    metrics:
                      nargs:
                        total_functions: 0
                        total_closures: 0
                        average_functions: 0
                        average_closures: 0
                        total: 0
                        average: 0
                        functions_min: 0
                        functions_max: 0
                        closures_min: 0
                        closures_max: 0
                      nexits:
                        sum: 1
                        average: 1
                        min: 0
                        max: 1
                      cognitive:
                        sum: 0
                        average: 0
                        min: 0
                        max: 0
                      cyclomatic:
                        sum: 2
                        average: 1
                        min: 1
                        max: 1
                        modified:
                          sum: 2
                          average: 1
                          min: 1
                          max: 1
                      halstead:
                        n1: 9
                        N1: 15
                        n2: 7
                        N2: 10
                        length: 25
                        estimated_program_length: 48.181
                        purity_ratio: 1.927
                        vocabulary: 16
                        volume: 100
                        difficulty: 6.429
                        level: 0.156
                        effort: 642.857
                        time: 35.714
                        bugs: 0.025
                      loc:
                        sloc: 5
                        ploc: 5
                        lloc: 1
                        cloc: 0
                        blank: 0
                        sloc_average: 2.5
                        ploc_average: 2.5
                        lloc_average: 0.5
                        cloc_average: 0
                        blank_average: 0
                        sloc_min: 1
                        sloc_max: 1
                        cloc_min: 0
                        cloc_max: 0
                        ploc_min: 1
                        ploc_max: 1
                        lloc_min: 1
                        lloc_max: 1
                        blank_min: 0
                        blank_max: 0
                      nom:
                        functions: 1
                        closures: 0
                        functions_average: 0.5
                        closures_average: 0
                        total: 1
                        average: 0.5
                        functions_min: 0
                        functions_max: 1
                        closures_min: 0
                        closures_max: 0
                      tokens:
                        tokens: 30
                        tokens_average: 15
                        tokens_min: 14
                        tokens_max: 16
                      mi:
                        mi_original: 120.52
                        mi_sei: 98.377
                        mi_visual_studio: 70.48
                      abc:
                        assignments: 0
                        branches: 0
                        conditions: 0
                        magnitude: 0
                        assignments_average: 0
                        branches_average: 0
                        conditions_average: 0
                        assignments_min: 0
                        assignments_max: 0
                        branches_min: 0
                        branches_max: 0
                        conditions_min: 0
                        conditions_max: 0
                      wmc:
                        classes: 1
                        interfaces: 0
                        total: 1
                      npm:
                        classes: 1
                        interfaces: 0
                        class_methods: 1
                        interface_methods: 0
                        classes_average: 1
                        interfaces_average: NaN
                        total: 1
                        total_methods: 1
                        average: 1
                      npa:
                        classes: 2
                        interfaces: 0
                        class_attributes: 2
                        interface_attributes: 0
                        classes_average: 1
                        interfaces_average: NaN
                        total: 2
                        total_attributes: 2
                        average: 1
                  - name: ActiveSize
                    start_line: 77
                    end_line: 79
                    kind: function
                    spaces: []
                    metrics:
                      nargs:
                        total_functions: 0
                        total_closures: 0
                        average_functions: 0
                        average_closures: 0
                        total: 0
                        average: 0
                        functions_min: 0
                        functions_max: 0
                        closures_min: 0
                        closures_max: 0
                      nexits:
                        sum: 1
                        average: 1
                        min: 1
                        max: 1
                      cognitive:
                        sum: 0
                        average: 0
                        min: 0
                        max: 0
                      cyclomatic:
                        sum: 1
                        average: 1
                        min: 1
                        max: 1
                        modified:
                          sum: 1
                          average: 1
                          min: 1
                          max: 1
                      halstead:
                        n1: 6
                        N1: 7
                        n2: 4
                        N2: 4
                        length: 11
                        estimated_program_length: 23.51
                        purity_ratio: 2.137
                        vocabulary: 10
                        volume: 36.541
                        difficulty: 3
                        level: 0.333
                        effort: 109.624
                        time: 6.09
                        bugs: 0.008
                      loc:
                        sloc: 3
                        ploc: 3
                        lloc: 1
                        cloc: 0
                        blank: 0
                        sloc_average: 3
                        ploc_average: 3
                        lloc_average: 1
                        cloc_average: 0
                        blank_average: 0
                        sloc_min: 3
                        sloc_max: 3
                        cloc_min: 0
                        cloc_max: 0
                        ploc_min: 3
                        ploc_max: 3
                        lloc_min: 1
                        lloc_max: 1
                        blank_min: 0
                        blank_max: 0
                      nom:
                        functions: 1
                        closures: 0
                        functions_average: 1
                        closures_average: 0
                        total: 1
                        average: 1
                        functions_min: 1
                        functions_max: 1
                        closures_min: 0
                        closures_max: 0
                      tokens:
                        tokens: 16
                        tokens_average: 16
                        tokens_min: 16
                        tokens_max: 16
                      mi:
                        mi_original: 134.261
                        mi_sei: 118.098
                        mi_visual_studio: 78.515
                      abc:
                        assignments: 0
                        branches: 1
                        conditions: 0
                        magnitude: 1
                        assignments_average: 0
                        branches_average: 1
                        conditions_average: 0
                        assignments_min: 0
                        assignments_max: 0
                        branches_min: 1
                        branches_max: 1
                        conditions_min: 0
                        conditions_max: 0
                  - name: "operator[]"
                    start_line: 85
                    end_line: 87
                    kind: function
                    spaces: []
                    metrics:
                      nargs:
                        total_functions: 0
                        total_closures: 0
                        average_functions: 0
                        average_closures: 0
                        total: 0
                        average: 0
                        functions_min: 0
                        functions_max: 0
                        closures_min: 0
                        closures_max: 0
                      nexits:
                        sum: 1
                        average: 1
                        min: 1
                        max: 1
                      cognitive:
                        sum: 0
                        average: 0
                        min: 0
                        max: 0
                      cyclomatic:
                        sum: 1
                        average: 1
                        min: 1
                        max: 1
                        modified:
                          sum: 1
                          average: 1
                          min: 1
                          max: 1
                      halstead:
                        n1: 7
                        N1: 7
                        n2: 4
                        N2: 5
                        length: 12
                        estimated_program_length: 27.651
                        purity_ratio: 2.304
                        vocabulary: 11
                        volume: 41.513
                        difficulty: 4.375
                        level: 0.229
                        effort: 181.62
                        time: 10.09
                        bugs: 0.011
                      loc:
                        sloc: 3
                        ploc: 3
                        lloc: 1
                        cloc: 0
                        blank: 0
                        sloc_average: 3
                        ploc_average: 3
                        lloc_average: 1
                        cloc_average: 0
                        blank_average: 0
                        sloc_min: 3
                        sloc_max: 3
                        cloc_min: 0
                        cloc_max: 0
                        ploc_min: 3
                        ploc_max: 3
                        lloc_min: 1
                        lloc_max: 1
                        blank_min: 0
                        blank_max: 0
                      nom:
                        functions: 1
                        closures: 0
                        functions_average: 1
                        closures_average: 0
                        total: 1
                        average: 1
                        functions_min: 1
                        functions_max: 1
                        closures_min: 0
                        closures_max: 0
                      tokens:
                        tokens: 18
                        tokens_average: 18
                        tokens_min: 18
                        tokens_max: 18
                      mi:
                        mi_original: 133.597
                        mi_sei: 117.141
                        mi_visual_studio: 78.127
                      abc:
                        assignments: 0
                        branches: 0
                        conditions: 0
                        magnitude: 0
                        assignments_average: 0
                        branches_average: 0
                        conditions_average: 0
                        assignments_min: 0
                        assignments_max: 0
                        branches_min: 0
                        branches_max: 0
                        conditions_min: 0
                        conditions_max: 0
                  - name: erase
                    start_line: 89
                    end_line: 91
                    kind: function
                    spaces: []
                    metrics:
                      nargs:
                        total_functions: 1
                        total_closures: 0
                        average_functions: 1
                        average_closures: 0
                        total: 1
                        average: 1
                        functions_min: 1
                        functions_max: 1
                        closures_min: 0
                        closures_max: 0
                      nexits:
                        sum: 0
                        average: 0
                        min: 0
                        max: 0
                      cognitive:
                        sum: 0
                        average: 0
                        min: 0
                        max: 0
                      cyclomatic:
                        sum: 1
                        average: 1
                        min: 1
                        max: 1
                        modified:
                          sum: 1
                          average: 1
                          min: 1
                          max: 1
                      halstead:
                        n1: 7
                        N1: 10
                        n2: 5
                        N2: 8
                        length: 18
                        estimated_program_length: 31.261
                        purity_ratio: 1.737
                        vocabulary: 12
                        volume: 64.529
                        difficulty: 5.6
                        level: 0.179
                        effort: 361.364
                        time: 20.076
                        bugs: 0.017
                      loc:
                        sloc: 3
                        ploc: 3
                        lloc: 1
                        cloc: 0
                        blank: 0
                        sloc_average: 3
                        ploc_average: 3
                        lloc_average: 1
                        cloc_average: 0
                        blank_average: 0
                        sloc_min: 3
                        sloc_max: 3
                        cloc_min: 0
                        cloc_max: 0
                        ploc_min: 3
                        ploc_max: 3
                        lloc_min: 1
                        lloc_max: 1
                        blank_min: 0
                        blank_max: 0
                      nom:
                        functions: 1
                        closures: 0
                        functions_average: 1
                        closures_average: 0
                        total: 1
                        average: 1
                        functions_min: 1
                        functions_max: 1
                        closures_min: 0
                        closures_max: 0
                      tokens:
                        tokens: 23
                        tokens_average: 23
                        tokens_min: 23
                        tokens_max: 23
                      mi:
                        mi_original: 131.303
                        mi_sei: 113.832
                        mi_visual_studio: 76.786
                      abc:
                        assignments: 0
                        branches: 2
                        conditions: 0
                        magnitude: 2
                        assignments_average: 0
                        branches_average: 2
                        conditions_average: 0
                        assignments_min: 0
                        assignments_max: 0
                        branches_min: 2
                        branches_max: 2
                        conditions_min: 0
                        conditions_max: 0
                metrics:
                  nargs:
                    total_functions: 4
                    total_closures: 0
                    average_functions: 0.8
                    average_closures: 0
                    total: 4
                    average: 0.8
                    functions_min: 0
                    functions_max: 3
                    closures_min: 0
                    closures_max: 0
                  nexits:
                    sum: 3
                    average: 0.6
                    min: 0
                    max: 1
                  cognitive:
                    sum: 7
                    average: 1.4
                    min: 0
                    max: 7
                  cyclomatic:
                    sum: 12
                    average: 1.714
                    min: 1
                    max: 6
                    modified:
                      sum: 12
                      average: 1.7142857142857142
                      min: 1
                      max: 6
                  halstead:
                    n1: 25
                    N1: 187
                    n2: 42
                    N2: 133
                    length: 320
                    estimated_program_length: 342.574
                    purity_ratio: 1.071
                    vocabulary: 67
                    volume: 1941.149
                    difficulty: 39.583
                    level: 0.025
                    effort: 76837.13
                    time: 4268.729
                    bugs: 0.602
                  loc:
                    sloc: 66
                    ploc: 52
                    lloc: 21
                    cloc: 6
                    blank: 8
                    sloc_average: 9.429
                    ploc_average: 7.429
                    lloc_average: 3
                    cloc_average: 0.857
                    blank_average: 1.143
                    sloc_min: 3
                    sloc_max: 31
                    cloc_min: 0
                    cloc_max: 2
                    ploc_min: 3
                    ploc_max: 27
                    lloc_min: 1
                    lloc_max: 17
                    blank_min: 0
                    blank_max: 2
                  nom:
                    functions: 5
                    closures: 0
                    functions_average: 0.714
                    closures_average: 0
                    total: 5
                    average: 0.714
                    functions_min: 0
                    functions_max: 1
                    closures_min: 0
                    closures_max: 0
                  tokens:
                    tokens: 397
                    tokens_average: 56.714
                    tokens_min: 14
                    tokens_max: 260
                  mi:
                    mi_original: 60.998
                    mi_sei: -36.434
                    mi_visual_studio: 35.671
                  abc:
                    assignments: 6
                    branches: 24
                    conditions: 5
                    magnitude: 25.239
                    assignments_average: 0.857
                    branches_average: 3.429
                    conditions_average: 0.714
                    assignments_min: 0
                    assignments_max: 6
                    branches_min: 0
                    branches_max: 21
                    conditions_min: 0
                    conditions_max: 5
                  wmc:
                    classes: 10
                    interfaces: 0
                    total: 10
                  npm:
                    classes: 5
                    interfaces: 0
                    class_methods: 5
                    interface_methods: 0
                    classes_average: 1
                    interfaces_average: NaN
                    total: 5
                    total_methods: 5
                    average: 1
                  npa:
                    classes: 7
                    interfaces: 0
                    class_attributes: 9
                    interface_attributes: 0
                    classes_average: 0.778
                    interfaces_average: NaN
                    total: 7
                    total_attributes: 9
                    average: 0.778
              - name: NGramHandlers
                start_line: 107
                end_line: 119
                kind: class
                spaces:
                  - name: NGramHandlers
                    start_line: 109
                    end_line: 111
                    kind: function
                    spaces: []
                    metrics:
                      nargs:
                        total_functions: 1
                        total_closures: 0
                        average_functions: 1
                        average_closures: 0
                        total: 1
                        average: 1
                        functions_min: 1
                        functions_max: 1
                        closures_min: 0
                        closures_max: 0
                      nexits:
                        sum: 0
                        average: 0
                        min: 0
                        max: 0
                      cognitive:
                        sum: 0
                        average: 0
                        min: 0
                        max: 0
                      cyclomatic:
                        sum: 1
                        average: 1
                        min: 1
                        max: 1
                        modified:
                          sum: 1
                          average: 1
                          min: 1
                          max: 1
                      halstead:
                        n1: 6
                        N1: 8
                        n2: 5
                        N2: 6
                        length: 14
                        estimated_program_length: 27.119
                        purity_ratio: 1.937
                        vocabulary: 11
                        volume: 48.432
                        difficulty: 3.6
                        level: 0.278
                        effort: 174.355
                        time: 9.686
                        bugs: 0.01
                      loc:
                        sloc: 3
                        ploc: 3
                        lloc: 0
                        cloc: 0
                        blank: 0
                        sloc_average: 3
                        ploc_average: 3
                        lloc_average: 0
                        cloc_average: 0
                        blank_average: 0
                        sloc_min: 3
                        sloc_max: 3
                        cloc_min: 0
                        cloc_max: 0
                        ploc_min: 3
                        ploc_max: 3
                        lloc_min: 0
                        lloc_max: 0
                        blank_min: 0
                        blank_max: 0
                      nom:
                        functions: 1
                        closures: 0
                        functions_average: 1
                        closures_average: 0
                        total: 1
                        average: 1
                        functions_min: 1
                        functions_max: 1
                        closures_min: 0
                        closures_max: 0
                      tokens:
                        tokens: 20
                        tokens_average: 20
                        tokens_min: 20
                        tokens_max: 20
                      mi:
                        mi_original: 132.796
                        mi_sei: 115.985
                        mi_visual_studio: 77.658
                      abc:
                        assignments: 0
                        branches: 0
                        conditions: 0
                        magnitude: 0
                        assignments_average: 0
                        branches_average: 0
                        conditions_average: 0
                        assignments_min: 0
                        assignments_max: 0
                        branches_min: 0
                        branches_max: 0
                        conditions_min: 0
                        conditions_max: 0
                  - name: push_back
                    start_line: 113
                    end_line: 118
                    kind: function
                    spaces: []
                    metrics:
                      nargs:
                        total_functions: 3
                        total_closures: 0
                        average_functions: 3
                        average_closures: 0
                        total: 3
                        average: 3
                        functions_min: 3
                        functions_max: 3
                        closures_min: 0
                        closures_max: 0
                      nexits:
                        sum: 0
                        average: 0
                        min: 0
                        max: 0
                      cognitive:
                        sum: 0
                        average: 0
                        min: 0
                        max: 0
                      cyclomatic:
                        sum: 1
                        average: 1
                        min: 1
                        max: 1
                        modified:
                          sum: 1
                          average: 1
                          min: 1
                          max: 1
                      halstead:
                        n1: 10
                        N1: 22
                        n2: 11
                        N2: 14
                        length: 36
                        estimated_program_length: 71.273
                        purity_ratio: 1.98
                        vocabulary: 21
                        volume: 158.123
                        difficulty: 6.364
                        level: 0.157
                        effort: 1006.24
                        time: 55.902
                        bugs: 0.033
                      loc:
                        sloc: 6
                        ploc: 6
                        lloc: 2
                        cloc: 0
                        blank: 0
                        sloc_average: 6
                        ploc_average: 6
                        lloc_average: 2
                        cloc_average: 0
                        blank_average: 0
                        sloc_min: 6
                        sloc_max: 6
                        cloc_min: 0
                        cloc_max: 0
                        ploc_min: 6
                        ploc_max: 6
                        lloc_min: 2
                        lloc_max: 2
                        blank_min: 0
                        blank_max: 0
                      nom:
                        functions: 1
                        closures: 0
                        functions_average: 1
                        closures_average: 0
                        total: 1
                        average: 1
                        functions_min: 1
                        functions_max: 1
                        closures_min: 0
                        closures_max: 0
                      tokens:
                        tokens: 47
                        tokens_average: 47
                        tokens_min: 47
                        tokens_max: 47
                      mi:
                        mi_original: 115.414
                        mi_sei: 90.908
                        mi_visual_studio: 67.494
                      abc:
                        assignments: 0
                        branches: 3
                        conditions: 0
                        magnitude: 3
                        assignments_average: 0
                        branches_average: 3
                        conditions_average: 0
                        assignments_min: 0
                        assignments_max: 0
                        branches_min: 3
                        branches_max: 3
                        conditions_min: 0
                        conditions_max: 0
                metrics:
                  nargs:
                    total_functions: 4
                    total_closures: 0
                    average_functions: 2
                    average_closures: 0
                    total: 4
                    average: 2
                    functions_min: 0
                    functions_max: 3
                    closures_min: 0
                    closures_max: 0
                  nexits:
                    sum: 0
                    average: 0
                    min: 0
                    max: 0
                  cognitive:
                    sum: 0
                    average: 0
                    min: 0
                    max: 0
                  cyclomatic:
                    sum: 3
                    average: 1
                    min: 1
                    max: 1
                    modified:
                      sum: 3
                      average: 1
                      min: 1
                      max: 1
                  halstead:
                    n1: 11
                    N1: 36
                    n2: 13
                    N2: 23
                    length: 59
                    estimated_program_length: 86.159
                    purity_ratio: 1.46
                    vocabulary: 24
                    volume: 270.513
                    difficulty: 9.731
                    level: 0.103
                    effort: 2632.298
                    time: 146.239
                    bugs: 0.064
                  loc:
                    sloc: 13
                    ploc: 12
                    lloc: 2
                    cloc: 0
                    blank: 1
                    sloc_average: 4.333
                    ploc_average: 4
                    lloc_average: 0.667
                    cloc_average: 0
                    blank_average: 0.333
                    sloc_min: 3
                    sloc_max: 6
                    cloc_min: 0
                    cloc_max: 0
                    ploc_min: 3
                    ploc_max: 6
                    lloc_min: 0
                    lloc_max: 2
                    blank_min: 0
                    blank_max: 0
                  nom:
                    functions: 2
                    closures: 0
                    functions_average: 0.667
                    closures_average: 0
                    total: 2
                    average: 0.667
                    functions_min: 0
                    functions_max: 1
                    closures_min: 0
                    closures_max: 0
                  tokens:
                    tokens: 81
                    tokens_average: 27
                    tokens_min: 14
                    tokens_max: 47
                  mi:
                    mi_original: 99.636
                    mi_sei: 68.349
                    mi_visual_studio: 58.267
                  abc:
                    assignments: 0
                    branches: 3
                    conditions: 0
                    magnitude: 3
                    assignments_average: 0
                    branches_average: 1
                    conditions_average: 0
                    assignments_min: 0
                    assignments_max: 0
                    branches_min: 0
                    branches_max: 3
                    conditions_min: 0
                    conditions_max: 0
                  wmc:
                    classes: 2
                    interfaces: 0
                    total: 2
                  npm:
                    classes: 2
                    interfaces: 0
                    class_methods: 2
                    interface_methods: 0
                    classes_average: 1
                    interfaces_average: NaN
                    total: 2
                    total_methods: 2
                    average: 1
                  npa:
                    classes: 0
                    interfaces: 0
                    class_attributes: 0
                    interface_attributes: 0
                    classes_average: NaN
                    interfaces_average: NaN
                    total: 0
                    total_attributes: 0
                    average: NaN
              - name: HandleSuffix
                start_line: 140
                end_line: 202
                kind: function
                spaces: []
                metrics:
                  nargs:
                    total_functions: 7
                    total_closures: 0
                    average_functions: 7
                    average_closures: 0
                    total: 7
                    average: 7
                    functions_min: 7
                    functions_max: 7
                    closures_min: 0
                    closures_max: 0
                  nexits:
                    sum: 2
                    average: 2
                    min: 2
                    max: 2
                  cognitive:
                    sum: 24
                    average: 24
                    min: 24
                    max: 24
                  cyclomatic:
                    sum: 11
                    average: 11
                    min: 11
                    max: 11
                    modified:
                      sum: 11
                      average: 11
                      min: 11
                      max: 11
                  halstead:
                    n1: 27
                    N1: 274
                    n2: 50
                    N2: 183
                    length: 457
                    estimated_program_length: 410.575
                    purity_ratio: 0.898
                    vocabulary: 77
                    volume: 2863.921
                    difficulty: 49.41
                    level: 0.02
                    effort: 141506.359
                    time: 7861.464
                    bugs: 0.905
                  loc:
                    sloc: 63
                    ploc: 46
                    lloc: 32
                    cloc: 9
                    blank: 8
                    sloc_average: 63
                    ploc_average: 46
                    lloc_average: 32
                    cloc_average: 9
                    blank_average: 8
                    sloc_min: 63
                    sloc_max: 63
                    cloc_min: 9
                    cloc_max: 9
                    ploc_min: 46
                    ploc_max: 46
                    lloc_min: 32
                    lloc_max: 32
                    blank_min: 8
                    blank_max: 8
                  nom:
                    functions: 1
                    closures: 0
                    functions_average: 1
                    closures_average: 0
                    total: 1
                    average: 1
                    functions_min: 1
                    functions_max: 1
                    closures_min: 0
                    closures_max: 0
                  tokens:
                    tokens: 551
                    tokens_average: 551
                    tokens_min: 551
                    tokens_max: 551
                  mi:
                    mi_original: 59.959
                    mi_sei: -8.82
                    mi_visual_studio: 35.064
                  abc:
                    assignments: 10
                    branches: 44
                    conditions: 7
                    magnitude: 45.662
                    assignments_average: 10
                    branches_average: 44
                    conditions_average: 7
                    assignments_min: 10
                    assignments_max: 10
                    branches_min: 44
                    branches_max: 44
                    conditions_min: 7
                    conditions_max: 7
              - name: HandleNGrams
                start_line: 212
                end_line: 267
                kind: function
                spaces: []
                metrics:
                  nargs:
                    total_functions: 2
                    total_closures: 0
                    average_functions: 2
                    average_closures: 0
                    total: 2
                    average: 2
                    functions_min: 2
                    functions_max: 2
                    closures_min: 0
                    closures_max: 0
                  nexits:
                    sum: 0
                    average: 0
                    min: 0
                    max: 0
                  cognitive:
                    sum: 6
                    average: 6
                    min: 6
                    max: 6
                  cyclomatic:
                    sum: 5
                    average: 5
                    min: 5
                    max: 5
                    modified:
                      sum: 5
                      average: 5
                      min: 5
                      max: 5
                  halstead:
                    n1: 21
                    N1: 186
                    n2: 42
                    N2: 134
                    length: 320
                    estimated_program_length: 318.716
                    purity_ratio: 0.996
                    vocabulary: 63
                    volume: 1912.73
                    difficulty: 33.5
                    level: 0.03
                    effort: 64076.441
                    time: 3559.802
                    bugs: 0.534
                  loc:
                    sloc: 56
                    ploc: 33
                    lloc: 25
                    cloc: 18
                    blank: 5
                    sloc_average: 56
                    ploc_average: 33
                    lloc_average: 25
                    cloc_average: 18
                    blank_average: 5
                    sloc_min: 56
                    sloc_max: 56
                    cloc_min: 18
                    cloc_max: 18
                    ploc_min: 33
                    ploc_max: 33
                    lloc_min: 25
                    lloc_max: 25
                    blank_min: 5
                    blank_max: 5
                  nom:
                    functions: 1
                    closures: 0
                    functions_average: 1
                    closures_average: 0
                    total: 1
                    average: 1
                    functions_min: 1
                    functions_max: 1
                    closures_min: 0
                    closures_max: 0
                  tokens:
                    tokens: 396
                    tokens_average: 396
                    tokens_min: 396
                    tokens_max: 396
                  mi:
                    mi_original: 65.347
                    mi_sei: 49.01
                    mi_visual_studio: 38.214
                  abc:
                    assignments: 9
                    branches: 31
                    conditions: 6
                    magnitude: 32.833
                    assignments_average: 9
                    branches_average: 31
                    conditions_average: 6
                    assignments_min: 9
                    assignments_max: 9
                    branches_min: 31
                    branches_max: 31
                    conditions_min: 6
                    conditions_max: 6
            metrics:
              nargs:
                total_functions: 17
                total_closures: 0
                average_functions: 1.889
                average_closures: 0
                total: 17
                average: 1.889
                functions_min: 0
                functions_max: 7
                closures_min: 0
                closures_max: 0
              nexits:
                sum: 5
                average: 0.556
                min: 0
                max: 2
              cognitive:
                sum: 37
                average: 4.111
                min: 0
                max: 24
              cyclomatic:
                sum: 32
                average: 2.462
                min: 1
                max: 11
                modified:
                  sum: 32
                  average: 2.4615384615384617
                  min: 1
                  max: 11
              halstead:
                n1: 32
                N1: 686
                n2: 87
                N2: 473
                length: 1159
                estimated_program_length: 720.536
                purity_ratio: 0.622
                vocabulary: 119
                volume: 7991.094
                difficulty: 86.989
                level: 0.011
                effort: 695133.308
                time: 38618.517
                bugs: 2.616
              loc:
                sloc: 244
                ploc: 145
                lloc: 80
                cloc: 73
                blank: 26
                sloc_average: 18.769
                ploc_average: 11.154
                lloc_average: 6.154
                cloc_average: 5.615
                blank_average: 2
                sloc_min: 13
                sloc_max: 66
                cloc_min: 0
                cloc_max: 18
                ploc_min: 12
                ploc_max: 52
                lloc_min: 2
                lloc_max: 32
                blank_min: 1
                blank_max: 8
              nom:
                functions: 9
                closures: 0
                functions_average: 0.692
                closures_average: 0
                total: 9
                average: 0.692
                functions_min: 0
                functions_max: 1
                closures_min: 0
                closures_max: 0
              tokens:
                tokens: 1430
                tokens_average: 110
                tokens_min: 5
                tokens_max: 551
              mi:
                mi_original: 27.858
                mi_sei: 8.451
                mi_visual_studio: 16.291
              abc:
                assignments: 25
                branches: 102
                conditions: 18
                magnitude: 106.55
                assignments_average: 1.923
                branches_average: 7.846
                conditions_average: 1.385
                assignments_min: 0
                assignments_max: 10
                branches_min: 0
                branches_max: 44
                conditions_min: 0
                conditions_max: 7
          - name: "MergeProbabilities::Run"
            start_line: 270
            end_line: 278
            kind: function
            spaces: []
            metrics:
              nargs:
                total_functions: 1
                total_closures: 0
                average_functions: 1
                average_closures: 0
                total: 1
                average: 1
                functions_min: 1
                functions_max: 1
                closures_min: 0
                closures_max: 0
              nexits:
                sum: 0
                average: 0
                min: 0
                max: 0
              cognitive:
                sum: 1
                average: 1
                min: 1
                max: 1
              cyclomatic:
                sum: 2
                average: 2
                min: 2
                max: 2
                modified:
                  sum: 2
                  average: 2
                  min: 2
                  max: 2
              halstead:
                n1: 13
                N1: 35
                n2: 16
                N2: 26
                length: 61
                estimated_program_length: 112.106
                purity_ratio: 1.838
                vocabulary: 29
                volume: 296.337
                difficulty: 10.563
                level: 0.095
                effort: 3130.058
                time: 173.892
                bugs: 0.071
              loc:
                sloc: 9
                ploc: 8
                lloc: 5
                cloc: 0
                blank: 1
                sloc_average: 9
                ploc_average: 8
                lloc_average: 5
                cloc_average: 0
                blank_average: 1
                sloc_min: 9
                sloc_max: 9
                cloc_min: 0
                cloc_max: 0
                ploc_min: 8
                ploc_max: 8
                lloc_min: 5
                lloc_max: 5
                blank_min: 1
                blank_max: 1
              nom:
                functions: 1
                closures: 0
                functions_average: 1
                closures_average: 0
                total: 1
                average: 1
                functions_min: 1
                functions_max: 1
                closures_min: 0
                closures_max: 0
              tokens:
                tokens: 78
                tokens_average: 78
                tokens_min: 78
                tokens_max: 78
              mi:
                mi_original: 105.349
                mi_sei: 76.49
                mi_visual_studio: 61.608
              abc:
                assignments: 1
                branches: 4
                conditions: 1
                magnitude: 4.243
                assignments_average: 1
                branches_average: 4
                conditions_average: 1
                assignments_min: 1
                assignments_max: 1
                branches_min: 4
                branches_max: 4
                conditions_min: 1
                conditions_max: 1
        metrics:
          nargs:
            total_functions: 20
            total_closures: 0
            average_functions: 1.818
            average_closures: 0
            total: 20
            average: 1.818
            functions_min: 0
            functions_max: 7
            closures_min: 0
            closures_max: 0
          nexits:
            sum: 6
            average: 0.545
            min: 0
            max: 2
          cognitive:
            sum: 39
            average: 3.545
            min: 0
            max: 24
          cyclomatic:
            sum: 37
            average: 2.313
            min: 1
            max: 11
            modified:
              sum: 37
              average: 2.3125
              min: 1
              max: 11
          halstead:
            n1: 32
            N1: 764
            n2: 95
            N2: 530
            length: 1294
            estimated_program_length: 784.136
            purity_ratio: 0.606
            vocabulary: 127
            volume: 9043.358
            difficulty: 89.263
            level: 0.011
            effort: 807238.692
            time: 44846.594
            bugs: 2.89
          loc:
            sloc: 270
            ploc: 162
            lloc: 89
            cloc: 78
            blank: 31
            sloc_average: 16.875
            ploc_average: 10.125
            lloc_average: 5.563
            cloc_average: 4.875
            blank_average: 1.938
            sloc_min: 7
            sloc_max: 244
            cloc_min: 0
            cloc_max: 73
            ploc_min: 7
            ploc_max: 145
            lloc_min: 4
            lloc_max: 80
            blank_min: 0
            blank_max: 26
          nom:
            functions: 11
            closures: 0
            functions_average: 0.688
            closures_average: 0
            total: 11
            average: 0.688
            functions_min: 0
            functions_max: 1
            closures_min: 0
            closures_max: 0
          tokens:
            tokens: 1601
            tokens_average: 100.063
            tokens_min: 4
            tokens_max: 551
          mi:
            mi_original: 24.425
            mi_sei: 7.821
            mi_visual_studio: 14.283
          abc:
            assignments: 27
            branches: 113
            conditions: 20
            magnitude: 117.89
            assignments_average: 1.688
            branches_average: 7.063
            conditions_average: 1.25
            assignments_min: 0
            assignments_max: 10
            branches_min: 0
            branches_max: 44
            conditions_min: 0
            conditions_max: 7
    metrics:
      nargs:
        total_functions: 20
        total_closures: 0
        average_functions: 1.818
        average_closures: 0
        total: 20
        average: 1.818
        functions_min: 0
        functions_max: 7
        closures_min: 0
        closures_max: 0
      nexits:
        sum: 6
        average: 0.545
        min: 0
        max: 2
      cognitive:
        sum: 39
        average: 3.545
        min: 0
        max: 24
      cyclomatic:
        sum: 38
        average: 2.235
        min: 1
        max: 11
        modified:
          sum: 38
          average: 2.235294117647059
          min: 1
          max: 11
      halstead:
        n1: 32
        N1: 765
        n2: 96
        N2: 531
        length: 1296
        estimated_program_length: 792.156
        purity_ratio: 0.611
        vocabulary: 128
        volume: 9072
        difficulty: 88.5
        level: 0.011
        effort: 802872
        time: 44604
        bugs: 2.879
      loc:
        sloc: 271
        ploc: 163
        lloc: 89
        cloc: 78
        blank: 31
        sloc_average: 15.941
        ploc_average: 9.588
        lloc_average: 5.235
        cloc_average: 4.588
        blank_average: 1.824
        sloc_min: 270
        sloc_max: 270
        cloc_min: 78
        cloc_max: 78
        ploc_min: 162
        ploc_max: 162
        lloc_min: 89
        lloc_max: 89
        blank_min: 31
        blank_max: 31
      nom:
        functions: 11
        closures: 0
        functions_average: 0.647
        closures_average: 0
        total: 11
        average: 0.647
        functions_min: 0
        functions_max: 1
        closures_min: 0
        closures_max: 0
      tokens:
        tokens: 1605
        tokens_average: 94.412
        tokens_min: 4
        tokens_max: 551
      mi:
        mi_original: 24.118
        mi_sei: 7.826
        mi_visual_studio: 14.104
      abc:
        assignments: 27
        branches: 113
        conditions: 20
        magnitude: 117.89
        assignments_average: 1.588
        branches_average: 6.647
        conditions_average: 1.176
        assignments_min: 0
        assignments_max: 10
        branches_min: 0
        branches_max: 44
        conditions_min: 0
        conditions_max: 7
metrics:
  nargs:
    total_functions: 20
    total_closures: 0
    average_functions: 1.818
    average_closures: 0
    total: 20
    average: 1.818
    functions_min: 0
    functions_max: 7
    closures_min: 0
    closures_max: 0
  nexits:
    sum: 6
    average: 0.545
    min: 0
    max: 2
  cognitive:
    sum: 39
    average: 3.545
    min: 0
    max: 24
  cyclomatic:
    sum: 39
    average: 2.167
    min: 1
    max: 11
    modified:
      sum: 39
      average: 2.1666666666666665
      min: 1
      max: 11
  halstead:
    n1: 32
    N1: 765
    n2: 100
    N2: 535
    length: 1300
    estimated_program_length: 824.386
    purity_ratio: 0.634
    vocabulary: 132
    volume: 9157.712
    difficulty: 85.6
    level: 0.012
    effort: 783900.178
    time: 43550.01
    bugs: 2.834
  loc:
    sloc: 280
    ploc: 170
    lloc: 89
    cloc: 79
    blank: 33
    sloc_average: 15.556
    ploc_average: 9.444
    lloc_average: 4.944
    cloc_average: 4.389
    blank_average: 1.833
    sloc_min: 271
    sloc_max: 271
    cloc_min: 78
    cloc_max: 78
    ploc_min: 163
    ploc_max: 163
    lloc_min: 89
    lloc_max: 89
    blank_min: 31
    blank_max: 31
  nom:
    functions: 11
    closures: 0
    functions_average: 0.611
    closures_average: 0
    total: 11
    average: 0.611
    functions_min: 0
    functions_max: 1
    closures_min: 0
    closures_max: 0
  tokens:
    tokens: 1627
    tokens_average: 90.389
    tokens_min: 4
    tokens_max: 551
  mi:
    mi_original: 23.31
    mi_sei: 8.427
    mi_visual_studio: 13.632
  abc:
    assignments: 27
    branches: 113
    conditions: 20
    magnitude: 117.89
    assignments_average: 1.5
    branches_average: 6.278
    conditions_average: 1.111
    assignments_min: 0
    assignments_max: 10
    branches_min: 0
    branches_max: 44
    conditions_min: 0
    conditions_max: 7
  wmc:
    classes: 12
    interfaces: 0
    total: 12
