---
source: tests/common/mod.rs
expression: funcspace_struct
---
name: "[filepath]"
start_line: 1
end_line: 280
kind: unit
spaces:
  - name: XfaLayer
    start_line: 31
    end_line: 278
    kind: class
    spaces:
      - name: setupStorage
        start_line: 32
        end_line: 98
        kind: function
        spaces:
          - name: "<anonymous>"
            start_line: 42
            end_line: 44
            kind: function
            spaces: []
            metrics:
              nargs:
                function_args: 0
                closure_args: 1
                function_args_average: 0
                closure_args_average: 1
                total: 1
                average: 1
                function_args_min: 0
                function_args_max: 0
                closure_args_min: 1
                closure_args_max: 1
              nexits:
                sum: 0
                average: 0
                min: 0
                max: 0
              cognitive:
                sum: 0
                value: 0
                average: 0
                min: 0
                max: 0
              cyclomatic:
                sum: 1
                value: 1
                average: 1
                min: 1
                max: 1
                modified:
                  sum: 1
                  value: 1
                  average: 1
                  min: 1
                  max: 1
              halstead:
                unique_operators: 7
                total_operators: 10
                unique_operands: 6
                total_operands: 8
                length: 18
                estimated_program_length: 35.161
                purity_ratio: 1.953
                vocabulary: 13
                volume: 66.608
                difficulty: 4.667
                level: 0.214
                effort: 310.837
                time: 17.269
                bugs: 0.015
              loc:
                sloc: 3
                ploc: 3
                lloc: 1
                cloc: 0
                blank: 0
                sloc_average: 3
                ploc_average: 3
                lloc_average: 1
                cloc_average: 0
                blank_average: 0
                sloc_min: 3
                sloc_max: 3
                cloc_min: 0
                cloc_max: 0
                ploc_min: 3
                ploc_max: 3
                lloc_min: 1
                lloc_max: 1
                blank_min: 0
                blank_max: 0
              nom:
                functions: 0
                closures: 1
                functions_average: 0
                closures_average: 1
                total: 1
                average: 1
                functions_min: 0
                functions_max: 0
                closures_min: 1
                closures_max: 1
              tokens:
                tokens: 21
                average: 21
                min: 21
                max: 21
              mi:
                original: 131.139
                sei: 113.594
                visual_studio: 76.689
              abc:
                assignments: 0
                branches: 1
                conditions: 0
                magnitude: 1
                value: 1
                assignments_average: 0
                branches_average: 1
                conditions_average: 0
                assignments_min: 0
                assignments_max: 0
                branches_min: 1
                branches_max: 1
                conditions_min: 0
                conditions_max: 0
          - name: "<anonymous>"
            start_line: 61
            end_line: 67
            kind: function
            spaces: []
            metrics:
              nargs:
                function_args: 0
                closure_args: 1
                function_args_average: 0
                closure_args_average: 1
                total: 1
                average: 1
                function_args_min: 0
                function_args_max: 0
                closure_args_min: 1
                closure_args_max: 1
              nexits:
                sum: 0
                average: 0
                min: 0
                max: 0
              cognitive:
                sum: 4
                value: 4
                average: 4
                min: 4
                max: 4
              cyclomatic:
                sum: 2
                value: 2
                average: 2
                min: 2
                max: 2
                modified:
                  sum: 2
                  value: 2
                  average: 2
                  min: 2
                  max: 2
              halstead:
                unique_operators: 8
                total_operators: 19
                unique_operands: 10
                total_operands: 16
                length: 35
                estimated_program_length: 57.219
                purity_ratio: 1.635
                vocabulary: 18
                volume: 145.947
                difficulty: 6.4
                level: 0.156
                effort: 934.063
                time: 51.892
                bugs: 0.032
              loc:
                sloc: 7
                ploc: 7
                lloc: 1
                cloc: 0
                blank: 0
                sloc_average: 7
                ploc_average: 7
                lloc_average: 1
                cloc_average: 0
                blank_average: 0
                sloc_min: 7
                sloc_max: 7
                cloc_min: 0
                cloc_max: 0
                ploc_min: 7
                ploc_max: 7
                lloc_min: 1
                lloc_max: 1
                blank_min: 0
                blank_max: 0
              nom:
                functions: 0
                closures: 1
                functions_average: 0
                closures_average: 1
                total: 1
                average: 1
                functions_min: 0
                functions_max: 0
                closures_min: 1
                closures_max: 1
              tokens:
                tokens: 44
                average: 44
                min: 44
                max: 44
              mi:
                original: 113.103
                sei: 87.676
                visual_studio: 66.142
              abc:
                assignments: 0
                branches: 3
                conditions: 2
                magnitude: 3.606
                value: 3.606
                assignments_average: 0
                branches_average: 3
                conditions_average: 2
                assignments_min: 0
                assignments_max: 0
                branches_min: 3
                branches_max: 3
                conditions_min: 2
                conditions_max: 2
          - name: "<anonymous>"
            start_line: 75
            end_line: 77
            kind: function
            spaces: []
            metrics:
              nargs:
                function_args: 0
                closure_args: 1
                function_args_average: 0
                closure_args_average: 1
                total: 1
                average: 1
                function_args_min: 0
                function_args_max: 0
                closure_args_min: 1
                closure_args_max: 1
              nexits:
                sum: 0
                average: 0
                min: 0
                max: 0
              cognitive:
                sum: 0
                value: 0
                average: 0
                min: 0
                max: 0
              cyclomatic:
                sum: 1
                value: 1
                average: 1
                min: 1
                max: 1
                modified:
                  sum: 1
                  value: 1
                  average: 1
                  min: 1
                  max: 1
              halstead:
                unique_operators: 7
                total_operators: 10
                unique_operands: 6
                total_operands: 8
                length: 18
                estimated_program_length: 35.161
                purity_ratio: 1.953
                vocabulary: 13
                volume: 66.608
                difficulty: 4.667
                level: 0.214
                effort: 310.837
                time: 17.269
                bugs: 0.015
              loc:
                sloc: 3
                ploc: 3
                lloc: 1
                cloc: 0
                blank: 0
                sloc_average: 3
                ploc_average: 3
                lloc_average: 1
                cloc_average: 0
                blank_average: 0
                sloc_min: 3
                sloc_max: 3
                cloc_min: 0
                cloc_max: 0
                ploc_min: 3
                ploc_max: 3
                lloc_min: 1
                lloc_max: 1
                blank_min: 0
                blank_max: 0
              nom:
                functions: 0
                closures: 1
                functions_average: 0
                closures_average: 1
                total: 1
                average: 1
                functions_min: 0
                functions_max: 0
                closures_min: 1
                closures_max: 1
              tokens:
                tokens: 21
                average: 21
                min: 21
                max: 21
              mi:
                original: 131.139
                sei: 113.594
                visual_studio: 76.689
              abc:
                assignments: 0
                branches: 1
                conditions: 0
                magnitude: 1
                value: 1
                assignments_average: 0
                branches_average: 1
                conditions_average: 0
                assignments_min: 0
                assignments_max: 0
                branches_min: 1
                branches_max: 1
                conditions_min: 0
                conditions_max: 0
          - name: "<anonymous>"
            start_line: 88
            end_line: 95
            kind: function
            spaces: []
            metrics:
              nargs:
                function_args: 0
                closure_args: 1
                function_args_average: 0
                closure_args_average: 1
                total: 1
                average: 1
                function_args_min: 0
                function_args_max: 0
                closure_args_min: 1
                closure_args_max: 1
              nexits:
                sum: 0
                average: 0
                min: 0
                max: 0
              cognitive:
                sum: 3
                value: 3
                average: 3
                min: 3
                max: 3
              cyclomatic:
                sum: 2
                value: 2
                average: 2
                min: 2
                max: 2
                modified:
                  sum: 2
                  value: 2
                  average: 2
                  min: 2
                  max: 2
              halstead:
                unique_operators: 13
                total_operators: 23
                unique_operands: 10
                total_operands: 17
                length: 40
                estimated_program_length: 81.325
                purity_ratio: 2.033
                vocabulary: 23
                volume: 180.942
                difficulty: 11.05
                level: 0.09
                effort: 1999.414
                time: 111.079
                bugs: 0.053
              loc:
                sloc: 8
                ploc: 8
                lloc: 3
                cloc: 0
                blank: 0
                sloc_average: 8
                ploc_average: 8
                lloc_average: 3
                cloc_average: 0
                blank_average: 0
                sloc_min: 8
                sloc_max: 8
                cloc_min: 0
                cloc_max: 0
                ploc_min: 8
                ploc_max: 8
                lloc_min: 3
                lloc_max: 3
                blank_min: 0
                blank_max: 0
              nom:
                functions: 0
                closures: 1
                functions_average: 0
                closures_average: 1
                total: 1
                average: 1
                functions_min: 0
                functions_max: 0
                closures_min: 1
                closures_max: 1
              tokens:
                tokens: 46
                average: 46
                min: 46
                max: 46
              mi:
                original: 109.823
                sei: 82.943
                visual_studio: 64.224
              abc:
                assignments: 0
                branches: 1
                conditions: 2
                magnitude: 2.236
                value: 2.236
                assignments_average: 0
                branches_average: 1
                conditions_average: 2
                assignments_min: 0
                assignments_max: 0
                branches_min: 1
                branches_max: 1
                conditions_min: 2
                conditions_max: 2
        metrics:
          nargs:
            function_args: 5
            closure_args: 4
            function_args_average: 5
            closure_args_average: 1
            total: 9
            average: 1.8
            function_args_min: 0
            function_args_max: 5
            closure_args_min: 0
            closure_args_max: 1
          nexits:
            sum: 0
            average: 0
            min: 0
            max: 0
          cognitive:
            sum: 38
            value: 31
            average: 7.6
            min: 0
            max: 31
          cyclomatic:
            sum: 22
            value: 16
            average: 4.4
            min: 1
            max: 16
            modified:
              sum: 20
              value: 14
              average: 4
              min: 1
              max: 14
          halstead:
            unique_operators: 22
            total_operators: 201
            unique_operands: 43
            total_operands: 139
            length: 340
            estimated_program_length: 331.437
            purity_ratio: 0.975
            vocabulary: 65
            volume: 2047.605
            difficulty: 35.558
            level: 0.028
            effort: 72809.026
            time: 4044.946
            bugs: 0.581
          loc:
            sloc: 67
            ploc: 65
            lloc: 34
            cloc: 2
            blank: 0
            sloc_average: 13.4
            ploc_average: 13
            lloc_average: 6.8
            cloc_average: 0.4
            blank_average: 0
            sloc_min: 3
            sloc_max: 67
            cloc_min: 0
            cloc_max: 2
            ploc_min: 3
            ploc_max: 65
            lloc_min: 1
            lloc_max: 34
            blank_min: 0
            blank_max: 0
          nom:
            functions: 1
            closures: 4
            functions_average: 0.2
            closures_average: 0.8
            total: 5
            average: 1
            functions_min: 0
            functions_max: 1
            closures_min: 0
            closures_max: 1
          tokens:
            tokens: 428
            average: 85.6
            min: 21
            max: 296
          mi:
            original: 58.177
            sei: 32.892
            visual_studio: 34.022
          abc:
            assignments: 2
            branches: 14
            conditions: 20
            magnitude: 24.495
            value: 18
            assignments_average: 0.4
            branches_average: 2.8
            conditions_average: 4
            assignments_min: 0
            assignments_max: 2
            branches_min: 1
            branches_max: 8
            conditions_min: 0
            conditions_max: 16
      - name: setAttributes
        start_line: 100
        end_line: 153
        kind: function
        spaces: []
        metrics:
          nargs:
            function_args: 1
            closure_args: 0
            function_args_average: 1
            closure_args_average: 0
            total: 1
            average: 1
            function_args_min: 1
            function_args_max: 1
            closure_args_min: 0
            closure_args_max: 0
          nexits:
            sum: 0
            average: 0
            min: 0
            max: 0
          cognitive:
            sum: 18
            value: 18
            average: 18
            min: 18
            max: 18
          cyclomatic:
            sum: 17
            value: 17
            average: 17
            min: 17
            max: 17
            modified:
              sum: 13
              value: 13
              average: 13
              min: 13
              max: 13
          halstead:
            unique_operators: 23
            total_operators: 124
            unique_operands: 39
            total_operands: 76
            length: 200
            estimated_program_length: 310.173
            purity_ratio: 1.551
            vocabulary: 62
            volume: 1190.839
            difficulty: 22.41
            level: 0.045
            effort: 26687.013
            time: 1482.612
            bugs: 0.298
          loc:
            sloc: 54
            ploc: 44
            lloc: 24
            cloc: 6
            blank: 4
            sloc_average: 54
            ploc_average: 44
            lloc_average: 24
            cloc_average: 6
            blank_average: 4
            sloc_min: 54
            sloc_max: 54
            cloc_min: 6
            cloc_max: 6
            ploc_min: 44
            ploc_max: 44
            lloc_min: 24
            lloc_max: 24
            blank_min: 4
            blank_max: 4
          nom:
            functions: 1
            closures: 0
            functions_average: 1
            closures_average: 0
            total: 1
            average: 1
            functions_min: 1
            functions_max: 1
            closures_min: 0
            closures_max: 0
          tokens:
            tokens: 264
            average: 264
            min: 264
            max: 264
          mi:
            original: 65.64
            sei: -24.259
            visual_studio: 38.386
          abc:
            assignments: 3
            branches: 8
            conditions: 16
            magnitude: 18.138
            value: 18.138
            assignments_average: 3
            branches_average: 8
            conditions_average: 16
            assignments_min: 3
            assignments_max: 3
            branches_min: 8
            branches_max: 8
            conditions_min: 16
            conditions_max: 16
      - name: render
        start_line: 160
        end_line: 266
        kind: function
        spaces: []
        metrics:
          nargs:
            function_args: 1
            closure_args: 0
            function_args_average: 1
            closure_args_average: 0
            total: 1
            average: 1
            function_args_min: 1
            function_args_max: 1
            closure_args_min: 0
            closure_args_max: 0
          nexits:
            sum: 1
            average: 1
            min: 1
            max: 1
          cognitive:
            sum: 24
            value: 24
            average: 24
            min: 24
            max: 24
          cyclomatic:
            sum: 18
            value: 18
            average: 18
            min: 18
            max: 18
            modified:
              sum: 18
              value: 18
              average: 18
              min: 18
              max: 18
          halstead:
            unique_operators: 26
            total_operators: 235
            unique_operands: 57
            total_operands: 157
            length: 392
            estimated_program_length: 454.686
            purity_ratio: 1.16
            vocabulary: 83
            volume: 2499.015
            difficulty: 35.807
            level: 0.028
            effort: 89482.29
            time: 4971.238
            bugs: 0.667
          loc:
            sloc: 107
            ploc: 77
            lloc: 47
            cloc: 17
            blank: 13
            sloc_average: 107
            ploc_average: 77
            lloc_average: 47
            cloc_average: 17
            blank_average: 13
            sloc_min: 107
            sloc_max: 107
            cloc_min: 17
            cloc_max: 17
            ploc_min: 77
            ploc_max: 77
            lloc_min: 47
            lloc_max: 47
            blank_min: 13
            blank_max: 13
          nom:
            functions: 1
            closures: 0
            functions_average: 1
            closures_average: 0
            total: 1
            average: 1
            functions_min: 1
            functions_max: 1
            closures_min: 0
            closures_max: 0
          tokens:
            tokens: 484
            average: 484
            min: 484
            max: 484
          mi:
            original: 50.477
            sei: -6.443
            visual_studio: 29.519
          abc:
            assignments: 4
            branches: 22
            conditions: 16
            magnitude: 27.495
            value: 27.495
            assignments_average: 4
            branches_average: 22
            conditions_average: 16
            assignments_min: 4
            assignments_max: 4
            branches_min: 22
            branches_max: 22
            conditions_min: 16
            conditions_max: 16
      - name: update
        start_line: 273
        end_line: 277
        kind: function
        spaces: []
        metrics:
          nargs:
            function_args: 1
            closure_args: 0
            function_args_average: 1
            closure_args_average: 0
            total: 1
            average: 1
            function_args_min: 1
            function_args_max: 1
            closure_args_min: 0
            closure_args_max: 0
          nexits:
            sum: 0
            average: 0
            min: 0
            max: 0
          cognitive:
            sum: 0
            value: 0
            average: 0
            min: 0
            max: 0
          cyclomatic:
            sum: 1
            value: 1
            average: 1
            min: 1
            max: 1
            modified:
              sum: 1
              value: 1
              average: 1
              min: 1
              max: 1
          halstead:
            unique_operators: 6
            total_operators: 18
            unique_operands: 10
            total_operands: 17
            length: 35
            estimated_program_length: 48.729
            purity_ratio: 1.392
            vocabulary: 16
            volume: 140
            difficulty: 5.1
            level: 0.196
            effort: 714
            time: 39.667
            bugs: 0.027
          loc:
            sloc: 5
            ploc: 5
            lloc: 3
            cloc: 0
            blank: 0
            sloc_average: 5
            ploc_average: 5
            lloc_average: 3
            cloc_average: 0
            blank_average: 0
            sloc_min: 5
            sloc_max: 5
            cloc_min: 0
            cloc_max: 0
            ploc_min: 5
            ploc_max: 5
            lloc_min: 3
            lloc_max: 3
            blank_min: 0
            blank_max: 0
          nom:
            functions: 1
            closures: 0
            functions_average: 1
            closures_average: 0
            total: 1
            average: 1
            functions_min: 1
            functions_max: 1
            closures_min: 0
            closures_max: 0
          tokens:
            tokens: 47
            average: 47
            min: 47
            max: 47
          mi:
            original: 119.001
            sei: 96.082
            visual_studio: 69.591
          abc:
            assignments: 2
            branches: 1
            conditions: 0
            magnitude: 2.236
            value: 2.236
            assignments_average: 2
            branches_average: 1
            conditions_average: 0
            assignments_min: 2
            assignments_max: 2
            branches_min: 1
            branches_max: 1
            conditions_min: 0
            conditions_max: 0
    metrics:
      nargs:
        function_args: 8
        closure_args: 4
        function_args_average: 2
        closure_args_average: 1
        total: 12
        average: 1.5
        function_args_min: 0
        function_args_max: 5
        closure_args_min: 0
        closure_args_max: 1
      nexits:
        sum: 1
        average: 0.125
        min: 0
        max: 1
      cognitive:
        sum: 80
        value: 0
        average: 10
        min: 0
        max: 31
      cyclomatic:
        sum: 59
        value: 1
        average: 7.375
        min: 1
        max: 18
        modified:
          sum: 53
          value: 1
          average: 6.625
          min: 1
          max: 18
      halstead:
        unique_operators: 34
        total_operators: 579
        unique_operands: 111
        total_operands: 390
        length: 969
        estimated_program_length: 927.154
        purity_ratio: 0.957
        vocabulary: 145
        volume: 6957.332
        difficulty: 59.73
        level: 0.017
        effort: 415559.555
        time: 23086.642
        bugs: 1.856
      loc:
        sloc: 248
        ploc: 193
        lloc: 108
        cloc: 35
        blank: 20
        sloc_average: 27.556
        ploc_average: 21.444
        lloc_average: 12
        cloc_average: 3.889
        blank_average: 2.222
        sloc_min: 3
        sloc_max: 248
        cloc_min: 0
        cloc_max: 35
        ploc_min: 3
        ploc_max: 193
        lloc_min: 1
        lloc_max: 108
        blank_min: 0
        blank_max: 20
      nom:
        functions: 4
        closures: 4
        functions_average: 0.444
        closures_average: 0.444
        total: 8
        average: 0.889
        functions_min: 0
        functions_max: 1
        closures_min: 0
        closures_max: 1
      tokens:
        tokens: 1227
        average: 136.333
        min: 4
        max: 484
      mi:
        original: 22.105
        sei: -60.148
        visual_studio: 12.927
      abc:
        assignments: 11
        branches: 45
        conditions: 52
        magnitude: 69.642
        value: 0
        assignments_average: 1.222
        branches_average: 5
        conditions_average: 5.778
        assignments_min: 0
        assignments_max: 4
        branches_min: 0
        branches_max: 22
        conditions_min: 0
        conditions_max: 16
      wmc:
        class_wmc_sum: 58
        interface_wmc_sum: 0
        total: 58
      npm:
        class_npm_sum: 4
        interface_npm_sum: 0
        class_methods: 4
        interface_methods: 0
        class_coa: 1
        interface_coa: 0
        total: 4
        total_methods: 4
        coa: 1
      npa:
        class_npa_sum: 0
        interface_npa_sum: 0
        class_attributes: 0
        interface_attributes: 0
        class_cda: 0
        interface_cda: 0
        total: 0
        total_attributes: 0
        cda: 0
metrics:
  nargs:
    function_args: 8
    closure_args: 4
    function_args_average: 2
    closure_args_average: 1
    total: 12
    average: 1.5
    function_args_min: 0
    function_args_max: 5
    closure_args_min: 0
    closure_args_max: 1
  nexits:
    sum: 1
    average: 0.125
    min: 0
    max: 1
  cognitive:
    sum: 80
    value: 0
    average: 10
    min: 0
    max: 31
  cyclomatic:
    sum: 60
    value: 1
    average: 7.5
    min: 1
    max: 18
    modified:
      sum: 54
      value: 1
      average: 6.75
      min: 1
      max: 18
  halstead:
    unique_operators: 37
    total_operators: 586
    unique_operands: 112
    total_operands: 393
    length: 979
    estimated_program_length: 955.174
    purity_ratio: 0.976
    vocabulary: 149
    volume: 7067.566
    difficulty: 64.915
    level: 0.015
    effort: 458792.308
    time: 25488.462
    bugs: 1.983
  loc:
    sloc: 280
    ploc: 195
    lloc: 110
    cloc: 60
    blank: 25
    sloc_average: 28
    ploc_average: 19.5
    lloc_average: 11
    cloc_average: 6
    blank_average: 2.5
    sloc_min: 3
    sloc_max: 280
    cloc_min: 0
    cloc_max: 60
    ploc_min: 3
    ploc_max: 195
    lloc_min: 1
    lloc_max: 110
    blank_min: 0
    blank_max: 25
  nom:
    functions: 4
    closures: 4
    functions_average: 0.4
    closures_average: 0.4
    total: 8
    average: 0.8
    functions_min: 0
    functions_max: 1
    closures_min: 0
    closures_max: 1
  tokens:
    tokens: 1241
    average: 124.1
    min: 4
    max: 484
  mi:
    original: 19.827
    sei: -2.19
    visual_studio: 11.595
  abc:
    assignments: 11
    branches: 45
    conditions: 52
    magnitude: 69.642
    value: 0
    assignments_average: 1.1
    branches_average: 4.5
    conditions_average: 5.2
    assignments_min: 0
    assignments_max: 4
    branches_min: 0
    branches_max: 22
    conditions_min: 0
    conditions_max: 16
  wmc:
    class_wmc_sum: 58
    interface_wmc_sum: 0
    total: 58
  npm:
    class_npm_sum: 4
    interface_npm_sum: 0
    class_methods: 4
    interface_methods: 0
    class_coa: 1
    interface_coa: 0
    total: 4
    total_methods: 4
    coa: 1
  npa:
    class_npa_sum: 0
    interface_npa_sum: 0
    class_attributes: 0
    interface_attributes: 0
    class_cda: 0
    interface_cda: 0
    total: 0
    total_attributes: 0
    cda: 0
