---
source: tests/common/mod.rs
expression: funcspace_struct
---
name: "[filepath]"
start_line: 1
end_line: 320
kind: unit
spaces:
  - name: "<anonymous>"
    start_line: 21
    end_line: 320
    kind: function
    spaces:
      - name: "<anonymous>"
        start_line: 22
        end_line: 45
        kind: function
        spaces:
          - name: "<anonymous>"
            start_line: 23
            end_line: 44
            kind: function
            spaces: []
            metrics:
              nargs:
                function_args: 0
                closure_args: 0
                function_args_average: 0
                closure_args_average: 0
                total: 0
                average: 0
                function_args_min: 0
                function_args_max: 0
                closure_args_min: 0
                closure_args_max: 0
              nexits:
                sum: 0
                average: 0
                min: 0
                max: 0
              cognitive:
                sum: 0
                value: 0
                average: 0
                min: 0
                max: 0
              cyclomatic:
                sum: 1
                value: 1
                average: 1
                min: 1
                max: 1
                modified:
                  sum: 1
                  value: 1
                  average: 1
                  min: 1
                  max: 1
              halstead:
                unique_operators: 8
                total_operators: 102
                unique_operands: 21
                total_operands: 81
                length: 183
                estimated_program_length: 116.239
                purity_ratio: 0.635
                vocabulary: 29
                volume: 889.011
                difficulty: 15.429
                level: 0.065
                effort: 13716.162
                time: 762.009
                bugs: 0.191
              loc:
                sloc: 22
                ploc: 19
                lloc: 17
                cloc: 2
                blank: 3
                sloc_average: 22
                ploc_average: 19
                lloc_average: 17
                cloc_average: 2
                blank_average: 3
                sloc_min: 22
                sloc_max: 22
                cloc_min: 2
                cloc_max: 2
                ploc_min: 19
                ploc_max: 19
                lloc_min: 17
                lloc_max: 17
                blank_min: 3
                blank_max: 3
              nom:
                functions: 0
                closures: 1
                functions_average: 0
                closures_average: 1
                total: 1
                average: 1
                functions_min: 0
                functions_max: 0
                closures_min: 1
                closures_max: 1
              tokens:
                tokens: 261
                average: 261
                min: 261
                max: 261
              mi:
                original: 85.387
                sei: -2.369
                visual_studio: 49.934
              abc:
                assignments: 0
                branches: 47
                conditions: 0
                magnitude: 47
                value: 47
                assignments_average: 0
                branches_average: 47
                conditions_average: 0
                assignments_min: 0
                assignments_max: 0
                branches_min: 47
                branches_max: 47
                conditions_min: 0
                conditions_max: 0
        metrics:
          nargs:
            function_args: 0
            closure_args: 0
            function_args_average: 0
            closure_args_average: 0
            total: 0
            average: 0
            function_args_min: 0
            function_args_max: 0
            closure_args_min: 0
            closure_args_max: 0
          nexits:
            sum: 0
            average: 0
            min: 0
            max: 0
          cognitive:
            sum: 0
            value: 0
            average: 0
            min: 0
            max: 0
          cyclomatic:
            sum: 2
            value: 1
            average: 1
            min: 1
            max: 1
            modified:
              sum: 2
              value: 1
              average: 1
              min: 1
              max: 1
          halstead:
            unique_operators: 9
            total_operators: 109
            unique_operands: 23
            total_operands: 83
            length: 192
            estimated_program_length: 132.571
            purity_ratio: 0.69
            vocabulary: 32
            volume: 960
            difficulty: 16.239
            level: 0.062
            effort: 15589.565
            time: 866.087
            bugs: 0.208
          loc:
            sloc: 24
            ploc: 21
            lloc: 18
            cloc: 2
            blank: 3
            sloc_average: 12
            ploc_average: 10.5
            lloc_average: 9
            cloc_average: 1
            blank_average: 1.5
            sloc_min: 22
            sloc_max: 24
            cloc_min: 2
            cloc_max: 2
            ploc_min: 19
            ploc_max: 21
            lloc_min: 17
            lloc_max: 18
            blank_min: 3
            blank_max: 3
          nom:
            functions: 0
            closures: 2
            functions_average: 0
            closures_average: 1
            total: 2
            average: 1
            functions_min: 0
            functions_max: 0
            closures_min: 1
            closures_max: 1
          tokens:
            tokens: 274
            average: 137
            min: 13
            max: 261
          mi:
            original: 83.347
            sei: -3.816
            visual_studio: 48.741
          abc:
            assignments: 0
            branches: 48
            conditions: 0
            magnitude: 48
            value: 1
            assignments_average: 0
            branches_average: 24
            conditions_average: 0
            assignments_min: 0
            assignments_max: 0
            branches_min: 1
            branches_max: 47
            conditions_min: 0
            conditions_max: 0
      - name: "<anonymous>"
        start_line: 47
        end_line: 319
        kind: function
        spaces:
          - name: getDocument
            start_line: 50
            end_line: 77
            kind: function
            spaces:
              - name: docId
                start_line: 53
                end_line: 55
                kind: function
                spaces: []
                metrics:
                  nargs:
                    function_args: 0
                    closure_args: 0
                    function_args_average: 0
                    closure_args_average: 0
                    total: 0
                    average: 0
                    function_args_min: 0
                    function_args_max: 0
                    closure_args_min: 0
                    closure_args_max: 0
                  nexits:
                    sum: 1
                    average: 1
                    min: 1
                    max: 1
                  cognitive:
                    sum: 0
                    value: 0
                    average: 0
                    min: 0
                    max: 0
                  cyclomatic:
                    sum: 1
                    value: 1
                    average: 1
                    min: 1
                    max: 1
                    modified:
                      sum: 1
                      value: 1
                      average: 1
                      min: 1
                      max: 1
                  halstead:
                    unique_operators: 5
                    total_operators: 5
                    unique_operands: 2
                    total_operands: 2
                    length: 7
                    estimated_program_length: 13.61
                    purity_ratio: 1.944
                    vocabulary: 7
                    volume: 19.651
                    difficulty: 2.5
                    level: 0.4
                    effort: 49.129
                    time: 2.729
                    bugs: 0.004
                  loc:
                    sloc: 3
                    ploc: 3
                    lloc: 1
                    cloc: 0
                    blank: 0
                    sloc_average: 3
                    ploc_average: 3
                    lloc_average: 1
                    cloc_average: 0
                    blank_average: 0
                    sloc_min: 3
                    sloc_max: 3
                    cloc_min: 0
                    cloc_max: 0
                    ploc_min: 3
                    ploc_max: 3
                    lloc_min: 1
                    lloc_max: 1
                    blank_min: 0
                    blank_max: 0
                  nom:
                    functions: 1
                    closures: 0
                    functions_average: 1
                    closures_average: 0
                    total: 1
                    average: 1
                    functions_min: 1
                    functions_max: 1
                    closures_min: 0
                    closures_max: 0
                  tokens:
                    tokens: 11
                    average: 11
                    min: 11
                    max: 11
                  mi:
                    original: 137.486
                    sei: 122.751
                    visual_studio: 80.401
                  abc:
                    assignments: 0
                    branches: 0
                    conditions: 0
                    magnitude: 0
                    value: 0
                    assignments_average: 0
                    branches_average: 0
                    conditions_average: 0
                    assignments_min: 0
                    assignments_max: 0
                    branches_min: 0
                    branches_max: 0
                    conditions_min: 0
                    conditions_max: 0
              - name: ensureDoc
                start_line: 56
                end_line: 58
                kind: function
                spaces: []
                metrics:
                  nargs:
                    function_args: 2
                    closure_args: 0
                    function_args_average: 2
                    closure_args_average: 0
                    total: 2
                    average: 2
                    function_args_min: 2
                    function_args_max: 2
                    closure_args_min: 0
                    closure_args_max: 0
                  nexits:
                    sum: 1
                    average: 1
                    min: 1
                    max: 1
                  cognitive:
                    sum: 0
                    value: 0
                    average: 0
                    min: 0
                    max: 0
                  cyclomatic:
                    sum: 1
                    value: 1
                    average: 1
                    min: 1
                    max: 1
                    modified:
                      sum: 1
                      value: 1
                      average: 1
                      min: 1
                      max: 1
                  halstead:
                    unique_operators: 6
                    total_operators: 9
                    unique_operands: 6
                    total_operands: 8
                    length: 17
                    estimated_program_length: 31.02
                    purity_ratio: 1.825
                    vocabulary: 12
                    volume: 60.944
                    difficulty: 4
                    level: 0.25
                    effort: 243.777
                    time: 13.543
                    bugs: 0.013
                  loc:
                    sloc: 3
                    ploc: 3
                    lloc: 1
                    cloc: 0
                    blank: 0
                    sloc_average: 3
                    ploc_average: 3
                    lloc_average: 1
                    cloc_average: 0
                    blank_average: 0
                    sloc_min: 3
                    sloc_max: 3
                    cloc_min: 0
                    cloc_max: 0
                    ploc_min: 3
                    ploc_max: 3
                    lloc_min: 1
                    lloc_max: 1
                    blank_min: 0
                    blank_max: 0
                  nom:
                    functions: 1
                    closures: 0
                    functions_average: 1
                    closures_average: 0
                    total: 1
                    average: 1
                    functions_min: 1
                    functions_max: 1
                    closures_min: 0
                    closures_max: 0
                  tokens:
                    tokens: 20
                    average: 20
                    min: 20
                    max: 20
                  mi:
                    original: 131.601
                    sei: 114.261
                    visual_studio: 76.959
                  abc:
                    assignments: 0
                    branches: 1
                    conditions: 0
                    magnitude: 1
                    value: 1
                    assignments_average: 0
                    branches_average: 1
                    conditions_average: 0
                    assignments_min: 0
                    assignments_max: 0
                    branches_min: 1
                    branches_max: 1
                    conditions_min: 0
                    conditions_max: 0
              - name: ensureCatalog
                start_line: 59
                end_line: 61
                kind: function
                spaces: []
                metrics:
                  nargs:
                    function_args: 2
                    closure_args: 0
                    function_args_average: 2
                    closure_args_average: 0
                    total: 2
                    average: 2
                    function_args_min: 2
                    function_args_max: 2
                    closure_args_min: 0
                    closure_args_max: 0
                  nexits:
                    sum: 1
                    average: 1
                    min: 1
                    max: 1
                  cognitive:
                    sum: 0
                    value: 0
                    average: 0
                    min: 0
                    max: 0
                  cyclomatic:
                    sum: 1
                    value: 1
                    average: 1
                    min: 1
                    max: 1
                    modified:
                      sum: 1
                      value: 1
                      average: 1
                      min: 1
                      max: 1
                  halstead:
                    unique_operators: 6
                    total_operators: 9
                    unique_operands: 6
                    total_operands: 8
                    length: 17
                    estimated_program_length: 31.02
                    purity_ratio: 1.825
                    vocabulary: 12
                    volume: 60.944
                    difficulty: 4
                    level: 0.25
                    effort: 243.777
                    time: 13.543
                    bugs: 0.013
                  loc:
                    sloc: 3
                    ploc: 3
                    lloc: 1
                    cloc: 0
                    blank: 0
                    sloc_average: 3
                    ploc_average: 3
                    lloc_average: 1
                    cloc_average: 0
                    blank_average: 0
                    sloc_min: 3
                    sloc_max: 3
                    cloc_min: 0
                    cloc_max: 0
                    ploc_min: 3
                    ploc_max: 3
                    lloc_min: 1
                    lloc_max: 1
                    blank_min: 0
                    blank_max: 0
                  nom:
                    functions: 1
                    closures: 0
                    functions_average: 1
                    closures_average: 0
                    total: 1
                    average: 1
                    functions_min: 1
                    functions_max: 1
                    closures_min: 0
                    closures_max: 0
                  tokens:
                    tokens: 20
                    average: 20
                    min: 20
                    max: 20
                  mi:
                    original: 131.601
                    sei: 114.261
                    visual_studio: 76.959
                  abc:
                    assignments: 0
                    branches: 1
                    conditions: 0
                    magnitude: 1
                    value: 1
                    assignments_average: 0
                    branches_average: 1
                    conditions_average: 0
                    assignments_min: 0
                    assignments_max: 0
                    branches_min: 1
                    branches_max: 1
                    conditions_min: 0
                    conditions_max: 0
              - name: ensure
                start_line: 62
                end_line: 68
                kind: function
                spaces: []
                metrics:
                  nargs:
                    function_args: 3
                    closure_args: 0
                    function_args_average: 3
                    closure_args_average: 0
                    total: 3
                    average: 3
                    function_args_min: 3
                    function_args_max: 3
                    closure_args_min: 0
                    closure_args_max: 0
                  nexits:
                    sum: 2
                    average: 2
                    min: 2
                    max: 2
                  cognitive:
                    sum: 3
                    value: 3
                    average: 3
                    min: 3
                    max: 3
                  cyclomatic:
                    sum: 2
                    value: 2
                    average: 2
                    min: 2
                    max: 2
                    modified:
                      sum: 2
                      value: 2
                      average: 2
                      min: 2
                      max: 2
                  halstead:
                    unique_operators: 13
                    total_operators: 21
                    unique_operands: 7
                    total_operands: 14
                    length: 35
                    estimated_program_length: 67.757
                    purity_ratio: 1.936
                    vocabulary: 20
                    volume: 151.267
                    difficulty: 13
                    level: 0.077
                    effort: 1966.477
                    time: 109.249
                    bugs: 0.052
                  loc:
                    sloc: 7
                    ploc: 7
                    lloc: 4
                    cloc: 0
                    blank: 0
                    sloc_average: 7
                    ploc_average: 7
                    lloc_average: 4
                    cloc_average: 0
                    blank_average: 0
                    sloc_min: 7
                    sloc_max: 7
                    cloc_min: 0
                    cloc_max: 0
                    ploc_min: 7
                    ploc_max: 7
                    lloc_min: 4
                    lloc_max: 4
                    blank_min: 0
                    blank_max: 0
                  nom:
                    functions: 1
                    closures: 0
                    functions_average: 1
                    closures_average: 0
                    total: 1
                    average: 1
                    functions_min: 1
                    functions_max: 1
                    closures_min: 0
                    closures_max: 0
                  tokens:
                    tokens: 43
                    average: 43
                    min: 43
                    max: 43
                  mi:
                    original: 112.917
                    sei: 87.408
                    visual_studio: 66.033
                  abc:
                    assignments: 0
                    branches: 1
                    conditions: 1
                    magnitude: 1.414
                    value: 1.414
                    assignments_average: 0
                    branches_average: 1
                    conditions_average: 1
                    assignments_min: 0
                    assignments_max: 0
                    branches_min: 1
                    branches_max: 1
                    conditions_min: 1
                    conditions_max: 1
              - name: evaluatorOptions
                start_line: 69
                end_line: 71
                kind: function
                spaces: []
                metrics:
                  nargs:
                    function_args: 0
                    closure_args: 0
                    function_args_average: 0
                    closure_args_average: 0
                    total: 0
                    average: 0
                    function_args_min: 0
                    function_args_max: 0
                    closure_args_min: 0
                    closure_args_max: 0
                  nexits:
                    sum: 1
                    average: 1
                    min: 1
                    max: 1
                  cognitive:
                    sum: 0
                    value: 0
                    average: 0
                    min: 0
                    max: 0
                  cyclomatic:
                    sum: 1
                    value: 1
                    average: 1
                    min: 1
                    max: 1
                    modified:
                      sum: 1
                      value: 1
                      average: 1
                      min: 1
                      max: 1
                  halstead:
                    unique_operators: 6
                    total_operators: 7
                    unique_operands: 3
                    total_operands: 3
                    length: 10
                    estimated_program_length: 20.265
                    purity_ratio: 2.026
                    vocabulary: 9
                    volume: 31.699
                    difficulty: 3
                    level: 0.333
                    effort: 95.098
                    time: 5.283
                    bugs: 0.007
                  loc:
                    sloc: 3
                    ploc: 3
                    lloc: 1
                    cloc: 0
                    blank: 0
                    sloc_average: 3
                    ploc_average: 3
                    lloc_average: 1
                    cloc_average: 0
                    blank_average: 0
                    sloc_min: 3
                    sloc_max: 3
                    cloc_min: 0
                    cloc_max: 0
                    ploc_min: 3
                    ploc_max: 3
                    lloc_min: 1
                    lloc_max: 1
                    blank_min: 0
                    blank_max: 0
                  nom:
                    functions: 1
                    closures: 0
                    functions_average: 1
                    closures_average: 0
                    total: 1
                    average: 1
                    functions_min: 1
                    functions_max: 1
                    closures_min: 0
                    closures_max: 0
                  tokens:
                    tokens: 13
                    average: 13
                    min: 13
                    max: 13
                  mi:
                    original: 135
                    sei: 119.164
                    visual_studio: 78.947
                  abc:
                    assignments: 0
                    branches: 0
                    conditions: 0
                    magnitude: 0
                    value: 0
                    assignments_average: 0
                    branches_average: 0
                    conditions_average: 0
                    assignments_min: 0
                    assignments_max: 0
                    branches_min: 0
                    branches_max: 0
                    conditions_min: 0
                    conditions_max: 0
            metrics:
              nargs:
                function_args: 9
                closure_args: 0
                function_args_average: 1.5
                closure_args_average: 0
                total: 9
                average: 1.5
                function_args_min: 0
                function_args_max: 3
                closure_args_min: 0
                closure_args_max: 0
              nexits:
                sum: 7
                average: 1.167
                min: 1
                max: 2
              cognitive:
                sum: 3
                value: 0
                average: 0.5
                min: 0
                max: 3
              cyclomatic:
                sum: 7
                value: 1
                average: 1.167
                min: 1
                max: 2
                modified:
                  sum: 7
                  value: 1
                  average: 1.1666666666666667
                  min: 1
                  max: 2
              halstead:
                unique_operators: 17
                total_operators: 85
                unique_operands: 23
                total_operands: 52
                length: 137
                estimated_program_length: 173.529
                purity_ratio: 1.267
                vocabulary: 40
                volume: 729.104
                difficulty: 19.217
                level: 0.052
                effort: 14011.48
                time: 778.416
                bugs: 0.194
              loc:
                sloc: 28
                ploc: 28
                lloc: 14
                cloc: 0
                blank: 0
                sloc_average: 4.667
                ploc_average: 4.667
                lloc_average: 2.333
                cloc_average: 0
                blank_average: 0
                sloc_min: 3
                sloc_max: 28
                cloc_min: 0
                cloc_max: 0
                ploc_min: 3
                ploc_max: 28
                lloc_min: 1
                lloc_max: 14
                blank_min: 0
                blank_max: 0
              nom:
                functions: 6
                closures: 0
                functions_average: 1
                closures_average: 0
                total: 6
                average: 1
                functions_min: 1
                functions_max: 1
                closures_min: 0
                closures_max: 0
              tokens:
                tokens: 165
                average: 27.5
                min: 11
                max: 58
              mi:
                original: 81.131
                sei: 42.059
                visual_studio: 47.445
              abc:
                assignments: 3
                branches: 5
                conditions: 1
                magnitude: 5.916
                value: 3.606
                assignments_average: 0.5
                branches_average: 0.833
                conditions_average: 0.167
                assignments_min: 0
                assignments_max: 3
                branches_min: 0
                branches_max: 2
                conditions_min: 0
                conditions_max: 1
          - name: "<anonymous>"
            start_line: 79
            end_line: 87
            kind: function
            spaces: []
            metrics:
              nargs:
                function_args: 0
                closure_args: 0
                function_args_average: 0
                closure_args_average: 0
                total: 0
                average: 0
                function_args_min: 0
                function_args_max: 0
                closure_args_min: 0
                closure_args_max: 0
              nexits:
                sum: 0
                average: 0
                min: 0
                max: 0
              cognitive:
                sum: 0
                value: 0
                average: 0
                min: 0
                max: 0
              cyclomatic:
                sum: 1
                value: 1
                average: 1
                min: 1
                max: 1
                modified:
                  sum: 1
                  value: 1
                  average: 1
                  min: 1
                  max: 1
              halstead:
                unique_operators: 10
                total_operators: 22
                unique_operands: 11
                total_operands: 15
                length: 37
                estimated_program_length: 71.273
                purity_ratio: 1.926
                vocabulary: 21
                volume: 162.516
                difficulty: 6.818
                level: 0.147
                effort: 1108.062
                time: 61.559
                bugs: 0.036
              loc:
                sloc: 9
                ploc: 9
                lloc: 2
                cloc: 0
                blank: 0
                sloc_average: 9
                ploc_average: 9
                lloc_average: 2
                cloc_average: 0
                blank_average: 0
                sloc_min: 9
                sloc_max: 9
                cloc_min: 0
                cloc_max: 0
                ploc_min: 9
                ploc_max: 9
                lloc_min: 2
                lloc_max: 2
                blank_min: 0
                blank_max: 0
              nom:
                functions: 0
                closures: 1
                functions_average: 0
                closures_average: 1
                total: 1
                average: 1
                functions_min: 0
                functions_max: 0
                closures_min: 1
                closures_max: 1
              tokens:
                tokens: 42
                average: 42
                min: 42
                max: 42
              mi:
                original: 108.703
                sei: 81.226
                visual_studio: 63.569
              abc:
                assignments: 0
                branches: 3
                conditions: 0
                magnitude: 3
                value: 3
                assignments_average: 0
                branches_average: 3
                conditions_average: 0
                assignments_min: 0
                assignments_max: 0
                branches_min: 3
                branches_max: 3
                conditions_min: 0
                conditions_max: 0
          - name: "<anonymous>"
            start_line: 89
            end_line: 128
            kind: function
            spaces: []
            metrics:
              nargs:
                function_args: 0
                closure_args: 0
                function_args_average: 0
                closure_args_average: 0
                total: 0
                average: 0
                function_args_min: 0
                function_args_max: 0
                closure_args_min: 0
                closure_args_max: 0
              nexits:
                sum: 0
                average: 0
                min: 0
                max: 0
              cognitive:
                sum: 0
                value: 0
                average: 0
                min: 0
                max: 0
              cyclomatic:
                sum: 1
                value: 1
                average: 1
                min: 1
                max: 1
                modified:
                  sum: 1
                  value: 1
                  average: 1
                  min: 1
                  max: 1
              halstead:
                unique_operators: 13
                total_operators: 101
                unique_operands: 20
                total_operands: 80
                length: 181
                estimated_program_length: 134.544
                purity_ratio: 0.743
                vocabulary: 33
                volume: 913.035
                difficulty: 26
                level: 0.038
                effort: 23738.919
                time: 1318.829
                bugs: 0.275
              loc:
                sloc: 40
                ploc: 35
                lloc: 13
                cloc: 1
                blank: 4
                sloc_average: 40
                ploc_average: 35
                lloc_average: 13
                cloc_average: 1
                blank_average: 4
                sloc_min: 40
                sloc_max: 40
                cloc_min: 1
                cloc_max: 1
                ploc_min: 35
                ploc_max: 35
                lloc_min: 13
                lloc_max: 13
                blank_min: 4
                blank_max: 4
              nom:
                functions: 0
                closures: 1
                functions_average: 0
                closures_average: 1
                total: 1
                average: 1
                functions_min: 0
                functions_max: 0
                closures_min: 1
                closures_max: 1
              tokens:
                tokens: 222
                average: 222
                min: 222
                max: 222
              mi:
                original: 75.563
                sei: 65.323
                visual_studio: 44.189
              abc:
                assignments: 4
                branches: 19
                conditions: 0
                magnitude: 19.416
                value: 19.416
                assignments_average: 4
                branches_average: 19
                conditions_average: 0
                assignments_min: 4
                assignments_max: 4
                branches_min: 19
                branches_max: 19
                conditions_min: 0
                conditions_max: 0
          - name: "<anonymous>"
            start_line: 130
            end_line: 187
            kind: function
            spaces: []
            metrics:
              nargs:
                function_args: 0
                closure_args: 0
                function_args_average: 0
                closure_args_average: 0
                total: 0
                average: 0
                function_args_min: 0
                function_args_max: 0
                closure_args_min: 0
                closure_args_max: 0
              nexits:
                sum: 0
                average: 0
                min: 0
                max: 0
              cognitive:
                sum: 0
                value: 0
                average: 0
                min: 0
                max: 0
              cyclomatic:
                sum: 1
                value: 1
                average: 1
                min: 1
                max: 1
                modified:
                  sum: 1
                  value: 1
                  average: 1
                  min: 1
                  max: 1
              halstead:
                unique_operators: 13
                total_operators: 166
                unique_operands: 38
                total_operands: 129
                length: 295
                estimated_program_length: 247.527
                purity_ratio: 0.839
                vocabulary: 51
                volume: 1673.365
                difficulty: 22.066
                level: 0.045
                effort: 36924.13
                time: 2051.341
                bugs: 0.37
              loc:
                sloc: 58
                ploc: 48
                lloc: 23
                cloc: 3
                blank: 7
                sloc_average: 58
                ploc_average: 48
                lloc_average: 23
                cloc_average: 3
                blank_average: 7
                sloc_min: 58
                sloc_max: 58
                cloc_min: 3
                cloc_max: 3
                ploc_min: 48
                ploc_max: 48
                lloc_min: 23
                lloc_max: 23
                blank_min: 7
                blank_max: 7
              nom:
                functions: 0
                closures: 1
                functions_average: 0
                closures_average: 1
                total: 1
                average: 1
                functions_min: 0
                functions_max: 0
                closures_min: 1
                closures_max: 1
              tokens:
                tokens: 365
                average: 365
                min: 365
                max: 365
              mi:
                original: 66.393
                sei: 1.56
                visual_studio: 38.827
              abc:
                assignments: 4
                branches: 28
                conditions: 0
                magnitude: 28.284
                value: 28.284
                assignments_average: 4
                branches_average: 28
                conditions_average: 0
                assignments_min: 4
                assignments_max: 4
                branches_min: 28
                branches_max: 28
                conditions_min: 0
                conditions_max: 0
          - name: "<anonymous>"
            start_line: 189
            end_line: 210
            kind: function
            spaces: []
            metrics:
              nargs:
                function_args: 0
                closure_args: 0
                function_args_average: 0
                closure_args_average: 0
                total: 0
                average: 0
                function_args_min: 0
                function_args_max: 0
                closure_args_min: 0
                closure_args_max: 0
              nexits:
                sum: 0
                average: 0
                min: 0
                max: 0
              cognitive:
                sum: 0
                value: 0
                average: 0
                min: 0
                max: 0
              cyclomatic:
                sum: 1
                value: 1
                average: 1
                min: 1
                max: 1
                modified:
                  sum: 1
                  value: 1
                  average: 1
                  min: 1
                  max: 1
              halstead:
                unique_operators: 12
                total_operators: 91
                unique_operands: 21
                total_operands: 76
                length: 167
                estimated_program_length: 135.258
                purity_ratio: 0.81
                vocabulary: 33
                volume: 842.414
                difficulty: 21.714
                level: 0.046
                effort: 18292.414
                time: 1016.245
                bugs: 0.231
              loc:
                sloc: 22
                ploc: 17
                lloc: 15
                cloc: 0
                blank: 5
                sloc_average: 22
                ploc_average: 17
                lloc_average: 15
                cloc_average: 0
                blank_average: 5
                sloc_min: 22
                sloc_max: 22
                cloc_min: 0
                cloc_max: 0
                ploc_min: 17
                ploc_max: 17
                lloc_min: 15
                lloc_max: 15
                blank_min: 5
                blank_max: 5
              nom:
                functions: 0
                closures: 1
                functions_average: 0
                closures_average: 1
                total: 1
                average: 1
                functions_min: 0
                functions_max: 0
                closures_min: 1
                closures_max: 1
              tokens:
                tokens: 222
                average: 222
                min: 222
                max: 222
              mi:
                original: 85.667
                sei: 47.992
                visual_studio: 50.097
              abc:
                assignments: 5
                branches: 24
                conditions: 0
                magnitude: 24.515
                value: 24.515
                assignments_average: 5
                branches_average: 24
                conditions_average: 0
                assignments_min: 5
                assignments_max: 5
                branches_min: 24
                branches_max: 24
                conditions_min: 0
                conditions_max: 0
          - name: "<anonymous>"
            start_line: 212
            end_line: 263
            kind: function
            spaces:
              - name: "<anonymous>"
                start_line: 256
                end_line: 256
                kind: function
                spaces: []
                metrics:
                  nargs:
                    function_args: 0
                    closure_args: 1
                    function_args_average: 0
                    closure_args_average: 1
                    total: 1
                    average: 1
                    function_args_min: 0
                    function_args_max: 0
                    closure_args_min: 1
                    closure_args_max: 1
                  nexits:
                    sum: 0
                    average: 0
                    min: 0
                    max: 0
                  cognitive:
                    sum: 0
                    value: 0
                    average: 0
                    min: 0
                    max: 0
                  cyclomatic:
                    sum: 1
                    value: 1
                    average: 1
                    min: 1
                    max: 1
                    modified:
                      sum: 1
                      value: 1
                      average: 1
                      min: 1
                      max: 1
                  halstead:
                    unique_operators: 2
                    total_operators: 2
                    unique_operands: 2
                    total_operands: 3
                    length: 5
                    estimated_program_length: 4
                    purity_ratio: 0.8
                    vocabulary: 4
                    volume: 10
                    difficulty: 1.5
                    level: 0.667
                    effort: 15
                    time: 0.833
                    bugs: 0.002
                  loc:
                    sloc: 1
                    ploc: 1
                    lloc: 0
                    cloc: 0
                    blank: 0
                    sloc_average: 1
                    ploc_average: 1
                    lloc_average: 0
                    cloc_average: 0
                    blank_average: 0
                    sloc_min: 1
                    sloc_max: 1
                    cloc_min: 0
                    cloc_max: 0
                    ploc_min: 1
                    ploc_max: 1
                    lloc_min: 0
                    lloc_max: 0
                    blank_min: 0
                    blank_max: 0
                  nom:
                    functions: 0
                    closures: 1
                    functions_average: 0
                    closures_average: 1
                    total: 1
                    average: 1
                    functions_min: 0
                    functions_max: 0
                    closures_min: 1
                    closures_max: 1
                  tokens:
                    tokens: 5
                    average: 5
                    min: 5
                    max: 5
                  mi:
                    original: 158.797
                    sei: 153.496
                    visual_studio: 92.863
                  abc:
                    assignments: 0
                    branches: 0
                    conditions: 0
                    magnitude: 0
                    value: 0
                    assignments_average: 0
                    branches_average: 0
                    conditions_average: 0
                    assignments_min: 0
                    assignments_max: 0
                    branches_min: 0
                    branches_max: 0
                    conditions_min: 0
                    conditions_max: 0
            metrics:
              nargs:
                function_args: 0
                closure_args: 1
                function_args_average: 0
                closure_args_average: 0.5
                total: 1
                average: 0.5
                function_args_min: 0
                function_args_max: 0
                closure_args_min: 0
                closure_args_max: 1
              nexits:
                sum: 0
                average: 0
                min: 0
                max: 0
              cognitive:
                sum: 2
                value: 2
                average: 1
                min: 0
                max: 2
              cyclomatic:
                sum: 4
                value: 3
                average: 2
                min: 1
                max: 3
                modified:
                  sum: 4
                  value: 3
                  average: 2
                  min: 1
                  max: 3
              halstead:
                unique_operators: 18
                total_operators: 217
                unique_operands: 63
                total_operands: 169
                length: 386
                estimated_program_length: 451.627
                purity_ratio: 1.17
                vocabulary: 81
                volume: 2447.182
                difficulty: 24.143
                level: 0.041
                effort: 59081.968
                time: 3282.332
                bugs: 0.506
              loc:
                sloc: 52
                ploc: 43
                lloc: 33
                cloc: 0
                blank: 9
                sloc_average: 26
                ploc_average: 21.5
                lloc_average: 16.5
                cloc_average: 0
                blank_average: 4.5
                sloc_min: 1
                sloc_max: 52
                cloc_min: 0
                cloc_max: 0
                ploc_min: 1
                ploc_max: 43
                lloc_min: 0
                lloc_max: 33
                blank_min: 0
                blank_max: 9
              nom:
                functions: 0
                closures: 2
                functions_average: 0
                closures_average: 1
                total: 2
                average: 1
                functions_min: 0
                functions_max: 0
                closures_min: 1
                closures_max: 1
              tokens:
                tokens: 495
                average: 247.5
                min: 5
                max: 490
              mi:
                original: 65.496
                sei: 19.197
                visual_studio: 38.302
              abc:
                assignments: 8
                branches: 37
                conditions: 0
                magnitude: 37.855
                value: 37.855
                assignments_average: 4
                branches_average: 18.5
                conditions_average: 0
                assignments_min: 0
                assignments_max: 8
                branches_min: 0
                branches_max: 37
                conditions_min: 0
                conditions_max: 0
          - name: "<anonymous>"
            start_line: 265
            end_line: 318
            kind: function
            spaces: []
            metrics:
              nargs:
                function_args: 0
                closure_args: 0
                function_args_average: 0
                closure_args_average: 0
                total: 0
                average: 0
                function_args_min: 0
                function_args_max: 0
                closure_args_min: 0
                closure_args_max: 0
              nexits:
                sum: 0
                average: 0
                min: 0
                max: 0
              cognitive:
                sum: 1
                value: 1
                average: 1
                min: 1
                max: 1
              cyclomatic:
                sum: 2
                value: 2
                average: 2
                min: 2
                max: 2
                modified:
                  sum: 2
                  value: 2
                  average: 2
                  min: 2
                  max: 2
              halstead:
                unique_operators: 17
                total_operators: 211
                unique_operands: 58
                total_operands: 165
                length: 376
                estimated_program_length: 409.25
                purity_ratio: 1.088
                vocabulary: 75
                volume: 2342.036
                difficulty: 24.181
                level: 0.041
                effort: 56632.849
                time: 3146.269
                bugs: 0.492
              loc:
                sloc: 54
                ploc: 45
                lloc: 37
                cloc: 0
                blank: 9
                sloc_average: 54
                ploc_average: 45
                lloc_average: 37
                cloc_average: 0
                blank_average: 9
                sloc_min: 54
                sloc_max: 54
                cloc_min: 0
                cloc_max: 0
                ploc_min: 45
                ploc_max: 45
                lloc_min: 37
                lloc_max: 37
                blank_min: 9
                blank_max: 9
              nom:
                functions: 0
                closures: 1
                functions_average: 0
                closures_average: 1
                total: 1
                average: 1
                functions_min: 0
                functions_max: 0
                closures_min: 1
                closures_max: 1
              tokens:
                tokens: 470
                average: 470
                min: 470
                max: 470
              mi:
                original: 65.573
                sei: 19.104
                visual_studio: 38.347
              abc:
                assignments: 9
                branches: 38
                conditions: 0
                magnitude: 39.051
                value: 39.051
                assignments_average: 9
                branches_average: 38
                conditions_average: 0
                assignments_min: 9
                assignments_max: 9
                branches_min: 38
                branches_max: 38
                conditions_min: 0
                conditions_max: 0
        metrics:
          nargs:
            function_args: 9
            closure_args: 1
            function_args_average: 1.5
            closure_args_average: 0.125
            total: 10
            average: 0.714
            function_args_min: 0
            function_args_max: 3
            closure_args_min: 0
            closure_args_max: 1
          nexits:
            sum: 7
            average: 0.5
            min: 0
            max: 2
          cognitive:
            sum: 6
            value: 0
            average: 0.429
            min: 0
            max: 3
          cyclomatic:
            sum: 18
            value: 1
            average: 1.286
            min: 1
            max: 3
            modified:
              sum: 18
              value: 1
              average: 1.2857142857142858
              min: 1
              max: 3
          halstead:
            unique_operators: 23
            total_operators: 920
            unique_operands: 129
            total_operands: 701
            length: 1621
            estimated_program_length: 1008.49
            purity_ratio: 0.622
            vocabulary: 152
            volume: 11748.89
            difficulty: 62.492
            level: 0.016
            effort: 734214.58
            time: 40789.699
            bugs: 2.713
          loc:
            sloc: 273
            ploc: 228
            lloc: 144
            cloc: 4
            blank: 41
            sloc_average: 19.5
            ploc_average: 16.286
            lloc_average: 10.286
            cloc_average: 0.286
            blank_average: 2.929
            sloc_min: 1
            sloc_max: 273
            cloc_min: 0
            cloc_max: 4
            ploc_min: 1
            ploc_max: 228
            lloc_min: 0
            lloc_max: 144
            blank_min: 0
            blank_max: 41
          nom:
            functions: 6
            closures: 8
            functions_average: 0.429
            closures_average: 0.571
            total: 14
            average: 1
            functions_min: 0
            functions_max: 1
            closures_min: 0
            closures_max: 1
          tokens:
            tokens: 2045
            average: 146.071
            min: 5
            max: 490
          mi:
            original: 27.255
            sei: 13.153
            visual_studio: 15.938
          abc:
            assignments: 33
            branches: 161
            conditions: 1
            magnitude: 164.35
            value: 7
            assignments_average: 2.357
            branches_average: 11.5
            conditions_average: 0.071
            assignments_min: 0
            assignments_max: 9
            branches_min: 0
            branches_max: 38
            conditions_min: 0
            conditions_max: 1
    metrics:
      nargs:
        function_args: 9
        closure_args: 1
        function_args_average: 1.5
        closure_args_average: 0.091
        total: 10
        average: 0.588
        function_args_min: 0
        function_args_max: 3
        closure_args_min: 0
        closure_args_max: 1
      nexits:
        sum: 7
        average: 0.412
        min: 0
        max: 2
      cognitive:
        sum: 6
        value: 0
        average: 0.353
        min: 0
        max: 3
      cyclomatic:
        sum: 21
        value: 1
        average: 1.235
        min: 1
        max: 3
        modified:
          sum: 21
          value: 1
          average: 1.2352941176470589
          min: 1
          max: 3
      halstead:
        unique_operators: 23
        total_operators: 1039
        unique_operands: 150
        total_operands: 788
        length: 1827
        estimated_program_length: 1188.365
        purity_ratio: 0.65
        vocabulary: 173
        volume: 13583.066
        difficulty: 60.413
        level: 0.017
        effort: 820598.28
        time: 45588.793
        bugs: 2.922
      loc:
        sloc: 300
        ploc: 251
        lloc: 164
        cloc: 6
        blank: 45
        sloc_average: 17.647
        ploc_average: 14.765
        lloc_average: 9.647
        cloc_average: 0.353
        blank_average: 2.647
        sloc_min: 1
        sloc_max: 300
        cloc_min: 0
        cloc_max: 6
        ploc_min: 1
        ploc_max: 251
        lloc_min: 0
        lloc_max: 164
        blank_min: 0
        blank_max: 45
      nom:
        functions: 6
        closures: 11
        functions_average: 0.353
        closures_average: 0.647
        total: 17
        average: 1
        functions_min: 0
        functions_max: 1
        closures_min: 0
        closures_max: 1
      tokens:
        tokens: 2340
        average: 137.647
        min: 5
        max: 490
      mi:
        original: 24.283
        sei: 2.161
        visual_studio: 14.2
      abc:
        assignments: 33
        branches: 211
        conditions: 1
        magnitude: 213.567
        value: 2
        assignments_average: 1.941
        branches_average: 12.412
        conditions_average: 0.059
        assignments_min: 0
        assignments_max: 9
        branches_min: 0
        branches_max: 47
        conditions_min: 0
        conditions_max: 1
metrics:
  nargs:
    function_args: 9
    closure_args: 1
    function_args_average: 1.5
    closure_args_average: 0.091
    total: 10
    average: 0.588
    function_args_min: 0
    function_args_max: 3
    closure_args_min: 0
    closure_args_max: 1
  nexits:
    sum: 7
    average: 0.412
    min: 0
    max: 2
  cognitive:
    sum: 6
    value: 0
    average: 0.353
    min: 0
    max: 3
  cyclomatic:
    sum: 22
    value: 1
    average: 1.294
    min: 1
    max: 3
    modified:
      sum: 22
      value: 1
      average: 1.2941176470588236
      min: 1
      max: 3
  halstead:
    unique_operators: 25
    total_operators: 1061
    unique_operands: 155
    total_operands: 801
    length: 1862
    estimated_program_length: 1243.896
    purity_ratio: 0.668
    vocabulary: 180
    volume: 13949.83
    difficulty: 64.597
    level: 0.015
    effort: 901114.049
    time: 50061.892
    bugs: 3.11
  loc:
    sloc: 320
    ploc: 255
    lloc: 169
    cloc: 20
    blank: 47
    sloc_average: 17.778
    ploc_average: 14.167
    lloc_average: 9.389
    cloc_average: 1.111
    blank_average: 2.611
    sloc_min: 1
    sloc_max: 320
    cloc_min: 0
    cloc_max: 20
    ploc_min: 1
    ploc_max: 255
    lloc_min: 0
    lloc_max: 169
    blank_min: 0
    blank_max: 47
  nom:
    functions: 6
    closures: 11
    functions_average: 0.333
    closures_average: 0.611
    total: 17
    average: 0.944
    functions_min: 0
    functions_max: 1
    closures_min: 0
    closures_max: 1
  tokens:
    tokens: 2390
    average: 132.778
    min: 5
    max: 490
  mi:
    original: 22.868
    sei: -73.864
    visual_studio: 13.373
  abc:
    assignments: 33
    branches: 212
    conditions: 1
    magnitude: 214.555
    value: 1
    assignments_average: 1.833
    branches_average: 11.778
    conditions_average: 0.056
    assignments_min: 0
    assignments_max: 9
    branches_min: 0
    branches_max: 47
    conditions_min: 0
    conditions_max: 1
  wmc:
    class_wmc_sum: 0
    interface_wmc_sum: 0
    total: 0
  npm:
    class_npm_sum: 0
    interface_npm_sum: 0
    class_methods: 0
    interface_methods: 0
    class_coa: 0
    interface_coa: 0
    total: 0
    total_methods: 0
    coa: 0
  npa:
    class_npa_sum: 0
    interface_npa_sum: 0
    class_attributes: 0
    interface_attributes: 0
    class_cda: 0
    interface_cda: 0
    total: 0
    total_attributes: 0
    cda: 0
