---
source: tests/common/mod.rs
expression: funcspace_struct
---
name: "[filepath]"
start_line: 1
end_line: 242
kind: unit
spaces:
  - name: "<anonymous>"
    start_line: 33
    end_line: 242
    kind: function
    spaces:
      - name: "<anonymous>"
        start_line: 43
        end_line: 80
        kind: function
        spaces:
          - name: "<anonymous>"
            start_line: 46
            end_line: 77
            kind: function
            spaces:
              - name: "<anonymous>"
                start_line: 48
                end_line: 76
                kind: function
                spaces:
                  - name: "<anonymous>"
                    start_line: 67
                    end_line: 69
                    kind: function
                    spaces: []
                    metrics:
                      nargs:
                        function_args: 0
                        closure_args: 1
                        function_args_average: 0
                        closure_args_average: 1
                        total: 1
                        average: 1
                        function_args_min: 0
                        function_args_max: 0
                        closure_args_min: 1
                        closure_args_max: 1
                      nexits:
                        sum: 1
                        average: 1
                        min: 1
                        max: 1
                      cognitive:
                        sum: 0
                        average: 0
                        min: 0
                        max: 0
                      cyclomatic:
                        sum: 1
                        average: 1
                        min: 1
                        max: 1
                        modified:
                          sum: 1
                          average: 1
                          min: 1
                          max: 1
                      halstead:
                        unique_operators: 5
                        total_operators: 5
                        unique_operands: 2
                        total_operands: 3
                        length: 8
                        estimated_program_length: 13.61
                        purity_ratio: 1.701
                        vocabulary: 7
                        volume: 22.459
                        difficulty: 3.75
                        level: 0.267
                        effort: 84.221
                        time: 4.679
                        bugs: 0.006
                      loc:
                        sloc: 3
                        ploc: 3
                        lloc: 2
                        cloc: 0
                        blank: 0
                        sloc_average: 3
                        ploc_average: 3
                        lloc_average: 2
                        cloc_average: 0
                        blank_average: 0
                        sloc_min: 3
                        sloc_max: 3
                        cloc_min: 0
                        cloc_max: 0
                        ploc_min: 3
                        ploc_max: 3
                        lloc_min: 2
                        lloc_max: 2
                        blank_min: 0
                        blank_max: 0
                      nom:
                        functions: 0
                        closures: 1
                        functions_average: 0
                        closures_average: 1
                        total: 1
                        average: 1
                        functions_min: 0
                        functions_max: 0
                        closures_min: 1
                        closures_max: 1
                      tokens:
                        tokens: 10
                        tokens_average: 10
                        tokens_min: 10
                        tokens_max: 10
                      mi:
                        original: 136.792
                        sei: 121.75
                        visual_studio: 79.995
                      abc:
                        assignments: 0
                        branches: 1
                        conditions: 0
                        magnitude: 1
                        assignments_average: 0
                        branches_average: 1
                        conditions_average: 0
                        assignments_min: 0
                        assignments_max: 0
                        branches_min: 1
                        branches_max: 1
                        conditions_min: 0
                        conditions_max: 0
                      npm:
                        classes: 0
                        interfaces: 0
                        class_methods: 0
                        interface_methods: 0
                        class_coa: 0
                        interface_coa: 0
                        total: 0
                        total_methods: 0
                        coa: 0
                      npa:
                        classes: 0
                        interfaces: 0
                        class_attributes: 0
                        interface_attributes: 0
                        class_cda: 0
                        interface_cda: 0
                        total: 0
                        total_attributes: 0
                        cda: 0
                metrics:
                  nargs:
                    function_args: 0
                    closure_args: 3
                    function_args_average: 0
                    closure_args_average: 1.5
                    total: 3
                    average: 1.5
                    function_args_min: 0
                    function_args_max: 0
                    closure_args_min: 1
                    closure_args_max: 2
                  nexits:
                    sum: 2
                    average: 1
                    min: 1
                    max: 1
                  cognitive:
                    sum: 7
                    average: 3.5
                    min: 0
                    max: 7
                  cyclomatic:
                    sum: 4
                    average: 2
                    min: 1
                    max: 3
                    modified:
                      sum: 4
                      average: 2
                      min: 1
                      max: 3
                  halstead:
                    unique_operators: 14
                    total_operators: 84
                    unique_operands: 43
                    total_operands: 75
                    length: 159
                    estimated_program_length: 286.632
                    purity_ratio: 1.803
                    vocabulary: 57
                    volume: 927.43
                    difficulty: 12.209
                    level: 0.082
                    effort: 11323.267
                    time: 629.07
                    bugs: 0.168
                  loc:
                    sloc: 29
                    ploc: 29
                    lloc: 15
                    cloc: 0
                    blank: 0
                    sloc_average: 14.5
                    ploc_average: 14.5
                    lloc_average: 7.5
                    cloc_average: 0
                    blank_average: 0
                    sloc_min: 3
                    sloc_max: 29
                    cloc_min: 0
                    cloc_max: 0
                    ploc_min: 3
                    ploc_max: 29
                    lloc_min: 2
                    lloc_max: 15
                    blank_min: 0
                    blank_max: 0
                  nom:
                    functions: 0
                    closures: 2
                    functions_average: 0
                    closures_average: 1
                    total: 2
                    average: 1
                    functions_min: 0
                    functions_max: 0
                    closures_min: 1
                    closures_max: 1
                  tokens:
                    tokens: 193
                    tokens_average: 96.5
                    tokens_min: 10
                    tokens_max: 183
                  mi:
                    original: 80.001
                    sei: 40.124
                    visual_studio: 46.784
                  abc:
                    assignments: 0
                    branches: 12
                    conditions: 3
                    magnitude: 12.369
                    assignments_average: 0
                    branches_average: 6
                    conditions_average: 1.5
                    assignments_min: 0
                    assignments_max: 0
                    branches_min: 1
                    branches_max: 11
                    conditions_min: 0
                    conditions_max: 3
                  npm:
                    classes: 0
                    interfaces: 0
                    class_methods: 0
                    interface_methods: 0
                    class_coa: 0
                    interface_coa: 0
                    total: 0
                    total_methods: 0
                    coa: 0
                  npa:
                    classes: 0
                    interfaces: 0
                    class_attributes: 0
                    interface_attributes: 0
                    class_cda: 0
                    interface_cda: 0
                    total: 0
                    total_attributes: 0
                    cda: 0
            metrics:
              nargs:
                function_args: 0
                closure_args: 5
                function_args_average: 0
                closure_args_average: 1.667
                total: 5
                average: 1.667
                function_args_min: 0
                function_args_max: 0
                closure_args_min: 1
                closure_args_max: 2
              nexits:
                sum: 2
                average: 0.667
                min: 0
                max: 1
              cognitive:
                sum: 7
                average: 2.333
                min: 0
                max: 7
              cyclomatic:
                sum: 5
                average: 1.667
                min: 1
                max: 3
                modified:
                  sum: 5
                  average: 1.6666666666666667
                  min: 1
                  max: 3
              halstead:
                unique_operators: 15
                total_operators: 100
                unique_operands: 49
                total_operands: 89
                length: 189
                estimated_program_length: 333.724
                purity_ratio: 1.766
                vocabulary: 64
                volume: 1134
                difficulty: 13.622
                level: 0.073
                effort: 15447.857
                time: 858.214
                bugs: 0.207
              loc:
                sloc: 32
                ploc: 32
                lloc: 17
                cloc: 0
                blank: 0
                sloc_average: 10.667
                ploc_average: 10.667
                lloc_average: 5.667
                cloc_average: 0
                blank_average: 0
                sloc_min: 3
                sloc_max: 32
                cloc_min: 0
                cloc_max: 0
                ploc_min: 3
                ploc_max: 32
                lloc_min: 2
                lloc_max: 17
                blank_min: 0
                blank_max: 0
              nom:
                functions: 0
                closures: 3
                functions_average: 0
                closures_average: 1
                total: 3
                average: 1
                functions_min: 0
                functions_max: 0
                closures_min: 1
                closures_max: 1
              tokens:
                tokens: 226
                tokens_average: 75.333
                tokens_min: 10
                tokens_max: 183
              mi:
                original: 77.131
                sei: 36.085
                visual_studio: 45.106
              abc:
                assignments: 0
                branches: 14
                conditions: 3
                magnitude: 14.318
                assignments_average: 0
                branches_average: 4.667
                conditions_average: 1
                assignments_min: 0
                assignments_max: 0
                branches_min: 1
                branches_max: 11
                conditions_min: 0
                conditions_max: 3
              npm:
                classes: 0
                interfaces: 0
                class_methods: 0
                interface_methods: 0
                class_coa: 0
                interface_coa: 0
                total: 0
                total_methods: 0
                coa: 0
              npa:
                classes: 0
                interfaces: 0
                class_attributes: 0
                interface_attributes: 0
                class_cda: 0
                interface_cda: 0
                total: 0
                total_attributes: 0
                cda: 0
        metrics:
          nargs:
            function_args: 0
            closure_args: 5
            function_args_average: 0
            closure_args_average: 1.25
            total: 5
            average: 1.25
            function_args_min: 0
            function_args_max: 0
            closure_args_min: 0
            closure_args_max: 2
          nexits:
            sum: 2
            average: 0.5
            min: 0
            max: 1
          cognitive:
            sum: 7
            average: 1.75
            min: 0
            max: 7
          cyclomatic:
            sum: 6
            average: 1.5
            min: 1
            max: 3
            modified:
              sum: 6
              average: 1.5
              min: 1
              max: 3
          halstead:
            unique_operators: 17
            total_operators: 115
            unique_operands: 60
            total_operands: 102
            length: 217
            estimated_program_length: 423.9
            purity_ratio: 1.953
            vocabulary: 77
            volume: 1359.893
            difficulty: 14.45
            level: 0.069
            effort: 19650.449
            time: 1091.692
            bugs: 0.243
          loc:
            sloc: 38
            ploc: 37
            lloc: 20
            cloc: 2
            blank: 0
            sloc_average: 9.5
            ploc_average: 9.25
            lloc_average: 5
            cloc_average: 0.5
            blank_average: 0
            sloc_min: 3
            sloc_max: 38
            cloc_min: 0
            cloc_max: 2
            ploc_min: 3
            ploc_max: 37
            lloc_min: 2
            lloc_max: 20
            blank_min: 0
            blank_max: 0
          nom:
            functions: 0
            closures: 4
            functions_average: 0
            closures_average: 1
            total: 4
            average: 1
            functions_min: 0
            functions_max: 0
            closures_min: 1
            closures_max: 1
          tokens:
            tokens: 254
            tokens_average: 63.5
            tokens_min: 10
            tokens_max: 183
          mi:
            original: 73.172
            sei: 10.43
            visual_studio: 42.791
          abc:
            assignments: 2
            branches: 17
            conditions: 3
            magnitude: 17.378
            assignments_average: 0.5
            branches_average: 4.25
            conditions_average: 0.75
            assignments_min: 0
            assignments_max: 2
            branches_min: 1
            branches_max: 11
            conditions_min: 0
            conditions_max: 3
          npm:
            classes: 0
            interfaces: 0
            class_methods: 0
            interface_methods: 0
            class_coa: 0
            interface_coa: 0
            total: 0
            total_methods: 0
            coa: 0
          npa:
            classes: 0
            interfaces: 0
            class_attributes: 0
            interface_attributes: 0
            class_cda: 0
            interface_cda: 0
            total: 0
            total_attributes: 0
            cda: 0
      - name: "<anonymous>"
        start_line: 82
        end_line: 85
        kind: function
        spaces: []
        metrics:
          nargs:
            function_args: 0
            closure_args: 0
            function_args_average: 0
            closure_args_average: 0
            total: 0
            average: 0
            function_args_min: 0
            function_args_max: 0
            closure_args_min: 0
            closure_args_max: 0
          nexits:
            sum: 0
            average: 0
            min: 0
            max: 0
          cognitive:
            sum: 0
            average: 0
            min: 0
            max: 0
          cyclomatic:
            sum: 1
            average: 1
            min: 1
            max: 1
            modified:
              sum: 1
              average: 1
              min: 1
              max: 1
          halstead:
            unique_operators: 6
            total_operators: 7
            unique_operands: 3
            total_operands: 3
            length: 10
            estimated_program_length: 20.265
            purity_ratio: 2.026
            vocabulary: 9
            volume: 31.699
            difficulty: 3
            level: 0.333
            effort: 95.098
            time: 5.283
            bugs: 0.007
          loc:
            sloc: 4
            ploc: 3
            lloc: 2
            cloc: 1
            blank: 0
            sloc_average: 4
            ploc_average: 3
            lloc_average: 2
            cloc_average: 1
            blank_average: 0
            sloc_min: 4
            sloc_max: 4
            cloc_min: 1
            cloc_max: 1
            ploc_min: 3
            ploc_max: 3
            lloc_min: 2
            lloc_max: 2
            blank_min: 0
            blank_max: 0
          nom:
            functions: 0
            closures: 1
            functions_average: 0
            closures_average: 1
            total: 1
            average: 1
            functions_min: 0
            functions_max: 0
            closures_min: 1
            closures_max: 1
          tokens:
            tokens: 11
            tokens_average: 11
            tokens_min: 11
            tokens_max: 11
          mi:
            original: 130.339
            sei: 162.149
            visual_studio: 76.222
          abc:
            assignments: 0
            branches: 1
            conditions: 0
            magnitude: 1
            assignments_average: 0
            branches_average: 1
            conditions_average: 0
            assignments_min: 0
            assignments_max: 0
            branches_min: 1
            branches_max: 1
            conditions_min: 0
            conditions_max: 0
          npm:
            classes: 0
            interfaces: 0
            class_methods: 0
            interface_methods: 0
            class_coa: 0
            interface_coa: 0
            total: 0
            total_methods: 0
            coa: 0
          npa:
            classes: 0
            interfaces: 0
            class_attributes: 0
            interface_attributes: 0
            class_cda: 0
            interface_cda: 0
            total: 0
            total_attributes: 0
            cda: 0
      - name: "<anonymous>"
        start_line: 87
        end_line: 146
        kind: function
        spaces:
          - name: "<anonymous>"
            start_line: 106
            end_line: 109
            kind: function
            spaces: []
            metrics:
              nargs:
                function_args: 0
                closure_args: 0
                function_args_average: 0
                closure_args_average: 0
                total: 0
                average: 0
                function_args_min: 0
                function_args_max: 0
                closure_args_min: 0
                closure_args_max: 0
              nexits:
                sum: 0
                average: 0
                min: 0
                max: 0
              cognitive:
                sum: 0
                average: 0
                min: 0
                max: 0
              cyclomatic:
                sum: 1
                average: 1
                min: 1
                max: 1
                modified:
                  sum: 1
                  average: 1
                  min: 1
                  max: 1
              halstead:
                unique_operators: 6
                total_operators: 9
                unique_operands: 7
                total_operands: 8
                length: 17
                estimated_program_length: 35.161
                purity_ratio: 2.068
                vocabulary: 13
                volume: 62.907
                difficulty: 3.429
                level: 0.292
                effort: 215.683
                time: 11.982
                bugs: 0.012
              loc:
                sloc: 4
                ploc: 4
                lloc: 3
                cloc: 0
                blank: 0
                sloc_average: 4
                ploc_average: 4
                lloc_average: 3
                cloc_average: 0
                blank_average: 0
                sloc_min: 4
                sloc_max: 4
                cloc_min: 0
                cloc_max: 0
                ploc_min: 4
                ploc_max: 4
                lloc_min: 3
                lloc_max: 3
                blank_min: 0
                blank_max: 0
              nom:
                functions: 0
                closures: 1
                functions_average: 0
                closures_average: 1
                total: 1
                average: 1
                functions_min: 0
                functions_max: 0
                closures_min: 1
                closures_max: 1
              tokens:
                tokens: 17
                tokens_average: 17
                tokens_min: 17
                tokens_max: 17
              mi:
                original: 126.775
                sei: 107.299
                visual_studio: 74.138
              abc:
                assignments: 2
                branches: 0
                conditions: 0
                magnitude: 2
                assignments_average: 2
                branches_average: 0
                conditions_average: 0
                assignments_min: 2
                assignments_max: 2
                branches_min: 0
                branches_max: 0
                conditions_min: 0
                conditions_max: 0
              npm:
                classes: 0
                interfaces: 0
                class_methods: 0
                interface_methods: 0
                class_coa: 0
                interface_coa: 0
                total: 0
                total_methods: 0
                coa: 0
              npa:
                classes: 0
                interfaces: 0
                class_attributes: 0
                interface_attributes: 0
                class_cda: 0
                interface_cda: 0
                total: 0
                total_attributes: 0
                cda: 0
          - name: "<anonymous>"
            start_line: 112
            end_line: 115
            kind: function
            spaces: []
            metrics:
              nargs:
                function_args: 0
                closure_args: 0
                function_args_average: 0
                closure_args_average: 0
                total: 0
                average: 0
                function_args_min: 0
                function_args_max: 0
                closure_args_min: 0
                closure_args_max: 0
              nexits:
                sum: 0
                average: 0
                min: 0
                max: 0
              cognitive:
                sum: 0
                average: 0
                min: 0
                max: 0
              cyclomatic:
                sum: 1
                average: 1
                min: 1
                max: 1
                modified:
                  sum: 1
                  average: 1
                  min: 1
                  max: 1
              halstead:
                unique_operators: 6
                total_operators: 9
                unique_operands: 7
                total_operands: 8
                length: 17
                estimated_program_length: 35.161
                purity_ratio: 2.068
                vocabulary: 13
                volume: 62.907
                difficulty: 3.429
                level: 0.292
                effort: 215.683
                time: 11.982
                bugs: 0.012
              loc:
                sloc: 4
                ploc: 4
                lloc: 3
                cloc: 0
                blank: 0
                sloc_average: 4
                ploc_average: 4
                lloc_average: 3
                cloc_average: 0
                blank_average: 0
                sloc_min: 4
                sloc_max: 4
                cloc_min: 0
                cloc_max: 0
                ploc_min: 4
                ploc_max: 4
                lloc_min: 3
                lloc_max: 3
                blank_min: 0
                blank_max: 0
              nom:
                functions: 0
                closures: 1
                functions_average: 0
                closures_average: 1
                total: 1
                average: 1
                functions_min: 0
                functions_max: 0
                closures_min: 1
                closures_max: 1
              tokens:
                tokens: 17
                tokens_average: 17
                tokens_min: 17
                tokens_max: 17
              mi:
                original: 126.775
                sei: 107.299
                visual_studio: 74.138
              abc:
                assignments: 2
                branches: 0
                conditions: 0
                magnitude: 2
                assignments_average: 2
                branches_average: 0
                conditions_average: 0
                assignments_min: 2
                assignments_max: 2
                branches_min: 0
                branches_max: 0
                conditions_min: 0
                conditions_max: 0
              npm:
                classes: 0
                interfaces: 0
                class_methods: 0
                interface_methods: 0
                class_coa: 0
                interface_coa: 0
                total: 0
                total_methods: 0
                coa: 0
              npa:
                classes: 0
                interfaces: 0
                class_attributes: 0
                interface_attributes: 0
                class_cda: 0
                interface_cda: 0
                total: 0
                total_attributes: 0
                cda: 0
          - name: read1
            start_line: 119
            end_line: 127
            kind: function
            spaces:
              - name: "<anonymous>"
                start_line: 120
                end_line: 126
                kind: function
                spaces: []
                metrics:
                  nargs:
                    function_args: 0
                    closure_args: 1
                    function_args_average: 0
                    closure_args_average: 1
                    total: 1
                    average: 1
                    function_args_min: 0
                    function_args_max: 0
                    closure_args_min: 1
                    closure_args_max: 1
                  nexits:
                    sum: 2
                    average: 2
                    min: 2
                    max: 2
                  cognitive:
                    sum: 1
                    average: 1
                    min: 1
                    max: 1
                  cyclomatic:
                    sum: 2
                    average: 2
                    min: 2
                    max: 2
                    modified:
                      sum: 2
                      average: 2
                      min: 2
                      max: 2
                  halstead:
                    unique_operators: 9
                    total_operators: 17
                    unique_operands: 10
                    total_operands: 12
                    length: 29
                    estimated_program_length: 61.749
                    purity_ratio: 2.129
                    vocabulary: 19
                    volume: 123.19
                    difficulty: 5.4
                    level: 0.185
                    effort: 665.225
                    time: 36.957
                    bugs: 0.025
                  loc:
                    sloc: 7
                    ploc: 7
                    lloc: 6
                    cloc: 0
                    blank: 0
                    sloc_average: 7
                    ploc_average: 7
                    lloc_average: 6
                    cloc_average: 0
                    blank_average: 0
                    sloc_min: 7
                    sloc_max: 7
                    cloc_min: 0
                    cloc_max: 0
                    ploc_min: 7
                    ploc_max: 7
                    lloc_min: 6
                    lloc_max: 6
                    blank_min: 0
                    blank_max: 0
                  nom:
                    functions: 0
                    closures: 1
                    functions_average: 0
                    closures_average: 1
                    total: 1
                    average: 1
                    functions_min: 0
                    functions_max: 0
                    closures_min: 1
                    closures_max: 1
                  tokens:
                    tokens: 30
                    tokens_average: 30
                    tokens_min: 30
                    tokens_max: 30
                  mi:
                    original: 113.985
                    sei: 88.948
                    visual_studio: 66.658
                  abc:
                    assignments: 1
                    branches: 1
                    conditions: 1
                    magnitude: 1.732
                    assignments_average: 1
                    branches_average: 1
                    conditions_average: 1
                    assignments_min: 1
                    assignments_max: 1
                    branches_min: 1
                    branches_max: 1
                    conditions_min: 1
                    conditions_max: 1
                  npm:
                    classes: 0
                    interfaces: 0
                    class_methods: 0
                    interface_methods: 0
                    class_coa: 0
                    interface_coa: 0
                    total: 0
                    total_methods: 0
                    coa: 0
                  npa:
                    classes: 0
                    interfaces: 0
                    class_attributes: 0
                    interface_attributes: 0
                    class_cda: 0
                    interface_cda: 0
                    total: 0
                    total_attributes: 0
                    cda: 0
            metrics:
              nargs:
                function_args: 0
                closure_args: 1
                function_args_average: 0
                closure_args_average: 1
                total: 1
                average: 0.5
                function_args_min: 0
                function_args_max: 0
                closure_args_min: 0
                closure_args_max: 1
              nexits:
                sum: 3
                average: 1.5
                min: 1
                max: 2
              cognitive:
                sum: 1
                average: 0.5
                min: 0
                max: 1
              cyclomatic:
                sum: 3
                average: 1.5
                min: 1
                max: 2
                modified:
                  sum: 3
                  average: 1.5
                  min: 1
                  max: 2
              halstead:
                unique_operators: 9
                total_operators: 27
                unique_operands: 15
                total_operands: 17
                length: 44
                estimated_program_length: 87.133
                purity_ratio: 1.98
                vocabulary: 24
                volume: 201.738
                difficulty: 5.1
                level: 0.196
                effort: 1028.866
                time: 57.159
                bugs: 0.034
              loc:
                sloc: 9
                ploc: 9
                lloc: 8
                cloc: 0
                blank: 0
                sloc_average: 4.5
                ploc_average: 4.5
                lloc_average: 4
                cloc_average: 0
                blank_average: 0
                sloc_min: 7
                sloc_max: 9
                cloc_min: 0
                cloc_max: 0
                ploc_min: 7
                ploc_max: 9
                lloc_min: 6
                lloc_max: 8
                blank_min: 0
                blank_max: 0
              nom:
                functions: 1
                closures: 1
                functions_average: 0.5
                closures_average: 0.5
                total: 2
                average: 1
                functions_min: 0
                functions_max: 1
                closures_min: 0
                closures_max: 1
              tokens:
                tokens: 46
                tokens_average: 23
                tokens_min: 16
                tokens_max: 30
              mi:
                original: 107.119
                sei: 79.144
                visual_studio: 62.643
              abc:
                assignments: 1
                branches: 3
                conditions: 1
                magnitude: 3.317
                assignments_average: 0.5
                branches_average: 1.5
                conditions_average: 0.5
                assignments_min: 0
                assignments_max: 1
                branches_min: 1
                branches_max: 2
                conditions_min: 0
                conditions_max: 1
              npm:
                classes: 0
                interfaces: 0
                class_methods: 0
                interface_methods: 0
                class_coa: 0
                interface_coa: 0
                total: 0
                total_methods: 0
                coa: 0
              npa:
                classes: 0
                interfaces: 0
                class_attributes: 0
                interface_attributes: 0
                class_cda: 0
                interface_cda: 0
                total: 0
                total_attributes: 0
                cda: 0
          - name: read2
            start_line: 128
            end_line: 136
            kind: function
            spaces:
              - name: "<anonymous>"
                start_line: 129
                end_line: 135
                kind: function
                spaces: []
                metrics:
                  nargs:
                    function_args: 0
                    closure_args: 1
                    function_args_average: 0
                    closure_args_average: 1
                    total: 1
                    average: 1
                    function_args_min: 0
                    function_args_max: 0
                    closure_args_min: 1
                    closure_args_max: 1
                  nexits:
                    sum: 2
                    average: 2
                    min: 2
                    max: 2
                  cognitive:
                    sum: 1
                    average: 1
                    min: 1
                    max: 1
                  cyclomatic:
                    sum: 2
                    average: 2
                    min: 2
                    max: 2
                    modified:
                      sum: 2
                      average: 2
                      min: 2
                      max: 2
                  halstead:
                    unique_operators: 9
                    total_operators: 17
                    unique_operands: 10
                    total_operands: 12
                    length: 29
                    estimated_program_length: 61.749
                    purity_ratio: 2.129
                    vocabulary: 19
                    volume: 123.19
                    difficulty: 5.4
                    level: 0.185
                    effort: 665.225
                    time: 36.957
                    bugs: 0.025
                  loc:
                    sloc: 7
                    ploc: 7
                    lloc: 6
                    cloc: 0
                    blank: 0
                    sloc_average: 7
                    ploc_average: 7
                    lloc_average: 6
                    cloc_average: 0
                    blank_average: 0
                    sloc_min: 7
                    sloc_max: 7
                    cloc_min: 0
                    cloc_max: 0
                    ploc_min: 7
                    ploc_max: 7
                    lloc_min: 6
                    lloc_max: 6
                    blank_min: 0
                    blank_max: 0
                  nom:
                    functions: 0
                    closures: 1
                    functions_average: 0
                    closures_average: 1
                    total: 1
                    average: 1
                    functions_min: 0
                    functions_max: 0
                    closures_min: 1
                    closures_max: 1
                  tokens:
                    tokens: 30
                    tokens_average: 30
                    tokens_min: 30
                    tokens_max: 30
                  mi:
                    original: 113.985
                    sei: 88.948
                    visual_studio: 66.658
                  abc:
                    assignments: 1
                    branches: 1
                    conditions: 1
                    magnitude: 1.732
                    assignments_average: 1
                    branches_average: 1
                    conditions_average: 1
                    assignments_min: 1
                    assignments_max: 1
                    branches_min: 1
                    branches_max: 1
                    conditions_min: 1
                    conditions_max: 1
                  npm:
                    classes: 0
                    interfaces: 0
                    class_methods: 0
                    interface_methods: 0
                    class_coa: 0
                    interface_coa: 0
                    total: 0
                    total_methods: 0
                    coa: 0
                  npa:
                    classes: 0
                    interfaces: 0
                    class_attributes: 0
                    interface_attributes: 0
                    class_cda: 0
                    interface_cda: 0
                    total: 0
                    total_attributes: 0
                    cda: 0
            metrics:
              nargs:
                function_args: 0
                closure_args: 1
                function_args_average: 0
                closure_args_average: 1
                total: 1
                average: 0.5
                function_args_min: 0
                function_args_max: 0
                closure_args_min: 0
                closure_args_max: 1
              nexits:
                sum: 3
                average: 1.5
                min: 1
                max: 2
              cognitive:
                sum: 1
                average: 0.5
                min: 0
                max: 1
              cyclomatic:
                sum: 3
                average: 1.5
                min: 1
                max: 2
                modified:
                  sum: 3
                  average: 1.5
                  min: 1
                  max: 2
              halstead:
                unique_operators: 9
                total_operators: 27
                unique_operands: 15
                total_operands: 17
                length: 44
                estimated_program_length: 87.133
                purity_ratio: 1.98
                vocabulary: 24
                volume: 201.738
                difficulty: 5.1
                level: 0.196
                effort: 1028.866
                time: 57.159
                bugs: 0.034
              loc:
                sloc: 9
                ploc: 9
                lloc: 8
                cloc: 0
                blank: 0
                sloc_average: 4.5
                ploc_average: 4.5
                lloc_average: 4
                cloc_average: 0
                blank_average: 0
                sloc_min: 7
                sloc_max: 9
                cloc_min: 0
                cloc_max: 0
                ploc_min: 7
                ploc_max: 9
                lloc_min: 6
                lloc_max: 8
                blank_min: 0
                blank_max: 0
              nom:
                functions: 1
                closures: 1
                functions_average: 0.5
                closures_average: 0.5
                total: 2
                average: 1
                functions_min: 0
                functions_max: 1
                closures_min: 0
                closures_max: 1
              tokens:
                tokens: 46
                tokens_average: 23
                tokens_min: 16
                tokens_max: 30
              mi:
                original: 107.119
                sei: 79.144
                visual_studio: 62.643
              abc:
                assignments: 1
                branches: 3
                conditions: 1
                magnitude: 3.317
                assignments_average: 0.5
                branches_average: 1.5
                conditions_average: 0.5
                assignments_min: 0
                assignments_max: 1
                branches_min: 1
                branches_max: 2
                conditions_min: 0
                conditions_max: 1
              npm:
                classes: 0
                interfaces: 0
                class_methods: 0
                interface_methods: 0
                class_coa: 0
                interface_coa: 0
                total: 0
                total_methods: 0
                coa: 0
              npa:
                classes: 0
                interfaces: 0
                class_attributes: 0
                interface_attributes: 0
                class_cda: 0
                interface_cda: 0
                total: 0
                total_attributes: 0
                cda: 0
        metrics:
          nargs:
            function_args: 0
            closure_args: 2
            function_args_average: 0
            closure_args_average: 0.4
            total: 2
            average: 0.286
            function_args_min: 0
            function_args_max: 0
            closure_args_min: 0
            closure_args_max: 1
          nexits:
            sum: 6
            average: 0.857
            min: 0
            max: 2
          cognitive:
            sum: 2
            average: 0.286
            min: 0
            max: 1
          cyclomatic:
            sum: 9
            average: 1.286
            min: 1
            max: 2
            modified:
              sum: 9
              average: 1.2857142857142858
              min: 1
              max: 2
          halstead:
            unique_operators: 19
            total_operators: 178
            unique_operands: 64
            total_operands: 137
            length: 315
            estimated_program_length: 464.711
            purity_ratio: 1.475
            vocabulary: 83
            volume: 2008.137
            difficulty: 20.336
            level: 0.049
            effort: 40837.357
            time: 2268.742
            bugs: 0.395
          loc:
            sloc: 60
            ploc: 53
            lloc: 30
            cloc: 0
            blank: 7
            sloc_average: 8.571
            ploc_average: 7.571
            lloc_average: 4.286
            cloc_average: 0
            blank_average: 1
            sloc_min: 4
            sloc_max: 60
            cloc_min: 0
            cloc_max: 0
            ploc_min: 4
            ploc_max: 53
            lloc_min: 3
            lloc_max: 30
            blank_min: 0
            blank_max: 7
          nom:
            functions: 2
            closures: 5
            functions_average: 0.286
            closures_average: 0.714
            total: 7
            average: 1
            functions_min: 0
            functions_max: 1
            closures_min: 0
            closures_max: 1
          tokens:
            tokens: 337
            tokens_average: 48.143
            tokens_min: 16
            tokens_max: 211
          mi:
            original: 63.056
            sei: 16.186
            visual_studio: 36.875
          abc:
            assignments: 8
            branches: 27
            conditions: 2
            magnitude: 28.231
            assignments_average: 1.143
            branches_average: 3.857
            conditions_average: 0.286
            assignments_min: 0
            assignments_max: 2
            branches_min: 0
            branches_max: 21
            conditions_min: 0
            conditions_max: 1
          npm:
            classes: 0
            interfaces: 0
            class_methods: 0
            interface_methods: 0
            class_coa: 0
            interface_coa: 0
            total: 0
            total_methods: 0
            coa: 0
          npa:
            classes: 0
            interfaces: 0
            class_attributes: 0
            interface_attributes: 0
            class_cda: 0
            interface_cda: 0
            total: 0
            total_attributes: 0
            cda: 0
      - name: "<anonymous>"
        start_line: 148
        end_line: 241
        kind: function
        spaces:
          - name: "<anonymous>"
            start_line: 171
            end_line: 177
            kind: function
            spaces: []
            metrics:
              nargs:
                function_args: 0
                closure_args: 0
                function_args_average: 0
                closure_args_average: 0
                total: 0
                average: 0
                function_args_min: 0
                function_args_max: 0
                closure_args_min: 0
                closure_args_max: 0
              nexits:
                sum: 0
                average: 0
                min: 0
                max: 0
              cognitive:
                sum: 0
                average: 0
                min: 0
                max: 0
              cyclomatic:
                sum: 1
                average: 1
                min: 1
                max: 1
                modified:
                  sum: 1
                  average: 1
                  min: 1
                  max: 1
              halstead:
                unique_operators: 8
                total_operators: 17
                unique_operands: 13
                total_operands: 15
                length: 32
                estimated_program_length: 72.106
                purity_ratio: 2.253
                vocabulary: 21
                volume: 140.554
                difficulty: 4.615
                level: 0.217
                effort: 648.711
                time: 36.04
                bugs: 0.025
              loc:
                sloc: 7
                ploc: 6
                lloc: 5
                cloc: 1
                blank: 0
                sloc_average: 7
                ploc_average: 6
                lloc_average: 5
                cloc_average: 1
                blank_average: 0
                sloc_min: 7
                sloc_max: 7
                cloc_min: 1
                cloc_max: 1
                ploc_min: 6
                ploc_max: 6
                lloc_min: 5
                lloc_max: 5
                blank_min: 0
                blank_max: 0
              nom:
                functions: 0
                closures: 1
                functions_average: 0
                closures_average: 1
                total: 1
                average: 1
                functions_min: 0
                functions_max: 0
                closures_min: 1
                closures_max: 1
              tokens:
                tokens: 34
                tokens_average: 34
                tokens_min: 34
                tokens_max: 34
              mi:
                original: 113.529
                sei: 67.446
                visual_studio: 66.391
              abc:
                assignments: 3
                branches: 2
                conditions: 0
                magnitude: 3.606
                assignments_average: 3
                branches_average: 2
                conditions_average: 0
                assignments_min: 3
                assignments_max: 3
                branches_min: 2
                branches_max: 2
                conditions_min: 0
                conditions_max: 0
              npm:
                classes: 0
                interfaces: 0
                class_methods: 0
                interface_methods: 0
                class_coa: 0
                interface_coa: 0
                total: 0
                total_methods: 0
                coa: 0
              npa:
                classes: 0
                interfaces: 0
                class_attributes: 0
                interface_attributes: 0
                class_cda: 0
                interface_cda: 0
                total: 0
                total_attributes: 0
                cda: 0
          - name: "<anonymous>"
            start_line: 179
            end_line: 184
            kind: function
            spaces: []
            metrics:
              nargs:
                function_args: 0
                closure_args: 0
                function_args_average: 0
                closure_args_average: 0
                total: 0
                average: 0
                function_args_min: 0
                function_args_max: 0
                closure_args_min: 0
                closure_args_max: 0
              nexits:
                sum: 0
                average: 0
                min: 0
                max: 0
              cognitive:
                sum: 0
                average: 0
                min: 0
                max: 0
              cyclomatic:
                sum: 1
                average: 1
                min: 1
                max: 1
                modified:
                  sum: 1
                  average: 1
                  min: 1
                  max: 1
              halstead:
                unique_operators: 8
                total_operators: 17
                unique_operands: 13
                total_operands: 15
                length: 32
                estimated_program_length: 72.106
                purity_ratio: 2.253
                vocabulary: 21
                volume: 140.554
                difficulty: 4.615
                level: 0.217
                effort: 648.711
                time: 36.04
                bugs: 0.025
              loc:
                sloc: 6
                ploc: 6
                lloc: 5
                cloc: 0
                blank: 0
                sloc_average: 6
                ploc_average: 6
                lloc_average: 5
                cloc_average: 0
                blank_average: 0
                sloc_min: 6
                sloc_max: 6
                cloc_min: 0
                cloc_max: 0
                ploc_min: 6
                ploc_max: 6
                lloc_min: 5
                lloc_max: 5
                blank_min: 0
                blank_max: 0
              nom:
                functions: 0
                closures: 1
                functions_average: 0
                closures_average: 1
                total: 1
                average: 1
                functions_min: 0
                functions_max: 0
                closures_min: 1
                closures_max: 1
              tokens:
                tokens: 34
                tokens_average: 34
                tokens_min: 34
                tokens_max: 34
              mi:
                original: 116.026
                sei: 91.792
                visual_studio: 67.852
              abc:
                assignments: 3
                branches: 2
                conditions: 0
                magnitude: 3.606
                assignments_average: 3
                branches_average: 2
                conditions_average: 0
                assignments_min: 3
                assignments_max: 3
                branches_min: 2
                branches_max: 2
                conditions_min: 0
                conditions_max: 0
              npm:
                classes: 0
                interfaces: 0
                class_methods: 0
                interface_methods: 0
                class_coa: 0
                interface_coa: 0
                total: 0
                total_methods: 0
                coa: 0
              npa:
                classes: 0
                interfaces: 0
                class_attributes: 0
                interface_attributes: 0
                class_cda: 0
                interface_cda: 0
                total: 0
                total_attributes: 0
                cda: 0
          - name: read
            start_line: 212
            end_line: 220
            kind: function
            spaces:
              - name: "<anonymous>"
                start_line: 213
                end_line: 219
                kind: function
                spaces: []
                metrics:
                  nargs:
                    function_args: 0
                    closure_args: 1
                    function_args_average: 0
                    closure_args_average: 1
                    total: 1
                    average: 1
                    function_args_min: 0
                    function_args_max: 0
                    closure_args_min: 1
                    closure_args_max: 1
                  nexits:
                    sum: 2
                    average: 2
                    min: 2
                    max: 2
                  cognitive:
                    sum: 1
                    average: 1
                    min: 1
                    max: 1
                  cyclomatic:
                    sum: 2
                    average: 2
                    min: 2
                    max: 2
                    modified:
                      sum: 2
                      average: 2
                      min: 2
                      max: 2
                  halstead:
                    unique_operators: 10
                    total_operators: 19
                    unique_operands: 12
                    total_operands: 16
                    length: 35
                    estimated_program_length: 76.239
                    purity_ratio: 2.178
                    vocabulary: 22
                    volume: 156.08
                    difficulty: 6.667
                    level: 0.15
                    effort: 1040.534
                    time: 57.807
                    bugs: 0.034
                  loc:
                    sloc: 7
                    ploc: 7
                    lloc: 6
                    cloc: 0
                    blank: 0
                    sloc_average: 7
                    ploc_average: 7
                    lloc_average: 6
                    cloc_average: 0
                    blank_average: 0
                    sloc_min: 7
                    sloc_max: 7
                    cloc_min: 0
                    cloc_max: 0
                    ploc_min: 7
                    ploc_max: 7
                    lloc_min: 6
                    lloc_max: 6
                    blank_min: 0
                    blank_max: 0
                  nom:
                    functions: 0
                    closures: 1
                    functions_average: 0
                    closures_average: 1
                    total: 1
                    average: 1
                    functions_min: 0
                    functions_max: 0
                    closures_min: 1
                    closures_max: 1
                  tokens:
                    tokens: 35
                    tokens_average: 35
                    tokens_min: 35
                    tokens_max: 35
                  mi:
                    original: 112.754
                    sei: 87.173
                    visual_studio: 65.938
                  abc:
                    assignments: 1
                    branches: 1
                    conditions: 1
                    magnitude: 1.732
                    assignments_average: 1
                    branches_average: 1
                    conditions_average: 1
                    assignments_min: 1
                    assignments_max: 1
                    branches_min: 1
                    branches_max: 1
                    conditions_min: 1
                    conditions_max: 1
                  npm:
                    classes: 0
                    interfaces: 0
                    class_methods: 0
                    interface_methods: 0
                    class_coa: 0
                    interface_coa: 0
                    total: 0
                    total_methods: 0
                    coa: 0
                  npa:
                    classes: 0
                    interfaces: 0
                    class_attributes: 0
                    interface_attributes: 0
                    class_cda: 0
                    interface_cda: 0
                    total: 0
                    total_attributes: 0
                    cda: 0
            metrics:
              nargs:
                function_args: 2
                closure_args: 1
                function_args_average: 2
                closure_args_average: 1
                total: 3
                average: 1.5
                function_args_min: 0
                function_args_max: 2
                closure_args_min: 0
                closure_args_max: 1
              nexits:
                sum: 3
                average: 1.5
                min: 1
                max: 2
              cognitive:
                sum: 1
                average: 0.5
                min: 0
                max: 1
              cyclomatic:
                sum: 3
                average: 1.5
                min: 1
                max: 2
                modified:
                  sum: 3
                  average: 1.5
                  min: 1
                  max: 2
              halstead:
                unique_operators: 10
                total_operators: 30
                unique_operands: 15
                total_operands: 23
                length: 53
                estimated_program_length: 91.823
                purity_ratio: 1.733
                vocabulary: 25
                volume: 246.124
                difficulty: 7.667
                level: 0.13
                effort: 1886.954
                time: 104.831
                bugs: 0.051
              loc:
                sloc: 9
                ploc: 9
                lloc: 8
                cloc: 0
                blank: 0
                sloc_average: 4.5
                ploc_average: 4.5
                lloc_average: 4
                cloc_average: 0
                blank_average: 0
                sloc_min: 7
                sloc_max: 9
                cloc_min: 0
                cloc_max: 0
                ploc_min: 7
                ploc_max: 9
                lloc_min: 6
                lloc_max: 8
                blank_min: 0
                blank_max: 0
              nom:
                functions: 1
                closures: 1
                functions_average: 0.5
                closures_average: 0.5
                total: 2
                average: 1
                functions_min: 0
                functions_max: 1
                closures_min: 0
                closures_max: 1
              tokens:
                tokens: 54
                tokens_average: 27
                tokens_min: 19
                tokens_max: 35
              mi:
                original: 106.085
                sei: 77.652
                visual_studio: 62.038
              abc:
                assignments: 1
                branches: 3
                conditions: 1
                magnitude: 3.317
                assignments_average: 0.5
                branches_average: 1.5
                conditions_average: 0.5
                assignments_min: 0
                assignments_max: 1
                branches_min: 1
                branches_max: 2
                conditions_min: 0
                conditions_max: 1
              npm:
                classes: 0
                interfaces: 0
                class_methods: 0
                interface_methods: 0
                class_coa: 0
                interface_coa: 0
                total: 0
                total_methods: 0
                coa: 0
              npa:
                classes: 0
                interfaces: 0
                class_attributes: 0
                interface_attributes: 0
                class_cda: 0
                interface_cda: 0
                total: 0
                total_attributes: 0
                cda: 0
        metrics:
          nargs:
            function_args: 2
            closure_args: 1
            function_args_average: 2
            closure_args_average: 0.25
            total: 3
            average: 0.6
            function_args_min: 0
            function_args_max: 2
            closure_args_min: 0
            closure_args_max: 1
          nexits:
            sum: 3
            average: 0.6
            min: 0
            max: 2
          cognitive:
            sum: 2
            average: 0.4
            min: 0
            max: 1
          cyclomatic:
            sum: 7
            average: 1.4
            min: 1
            max: 2
            modified:
              sum: 7
              average: 1.4
              min: 1
              max: 2
          halstead:
            unique_operators: 21
            total_operators: 255
            unique_operands: 92
            total_operands: 229
            length: 484
            estimated_program_length: 692.406
            purity_ratio: 1.431
            vocabulary: 113
            volume: 3300.967
            difficulty: 26.136
            level: 0.038
            effort: 86273.633
            time: 4792.98
            bugs: 0.651
          loc:
            sloc: 94
            ploc: 81
            lloc: 30
            cloc: 2
            blank: 11
            sloc_average: 18.8
            ploc_average: 16.2
            lloc_average: 6
            cloc_average: 0.4
            blank_average: 2.2
            sloc_min: 6
            sloc_max: 94
            cloc_min: 0
            cloc_max: 2
            ploc_min: 6
            ploc_max: 81
            lloc_min: 5
            lloc_max: 30
            blank_min: 0
            blank_max: 11
          nom:
            functions: 1
            closures: 4
            functions_average: 0.2
            closures_average: 0.8
            total: 5
            average: 1
            functions_min: 0
            functions_max: 1
            closures_min: 0
            closures_max: 1
          tokens:
            tokens: 513
            tokens_average: 102.6
            tokens_min: 19
            tokens_max: 391
          mi:
            original: 53.658
            sei: 41.021
            visual_studio: 31.379
          abc:
            assignments: 7
            branches: 42
            conditions: 2
            magnitude: 42.626
            assignments_average: 1.4
            branches_average: 8.4
            conditions_average: 0.4
            assignments_min: 0
            assignments_max: 3
            branches_min: 1
            branches_max: 35
            conditions_min: 0
            conditions_max: 1
          npm:
            classes: 0
            interfaces: 0
            class_methods: 0
            interface_methods: 0
            class_coa: 0
            interface_coa: 0
            total: 0
            total_methods: 0
            coa: 0
          npa:
            classes: 0
            interfaces: 0
            class_attributes: 0
            interface_attributes: 0
            class_cda: 0
            interface_cda: 0
            total: 0
            total_attributes: 0
            cda: 0
    metrics:
      nargs:
        function_args: 2
        closure_args: 8
        function_args_average: 0.667
        closure_args_average: 0.533
        total: 10
        average: 0.556
        function_args_min: 0
        function_args_max: 2
        closure_args_min: 0
        closure_args_max: 2
      nexits:
        sum: 11
        average: 0.611
        min: 0
        max: 2
      cognitive:
        sum: 11
        average: 0.611
        min: 0
        max: 7
      cyclomatic:
        sum: 24
        average: 1.333
        min: 1
        max: 3
        modified:
          sum: 24
          average: 1.3333333333333333
          min: 1
          max: 3
      halstead:
        unique_operators: 25
        total_operators: 591
        unique_operands: 178
        total_operands: 498
        length: 1089
        estimated_program_length: 1446.777
        purity_ratio: 1.329
        vocabulary: 203
        volume: 8347.551
        difficulty: 34.972
        level: 0.029
        effort: 291929.797
        time: 16218.322
        bugs: 1.467
      loc:
        sloc: 210
        ploc: 184
        lloc: 87
        cloc: 5
        blank: 22
        sloc_average: 11.667
        ploc_average: 10.222
        lloc_average: 4.833
        cloc_average: 0.278
        blank_average: 1.222
        sloc_min: 3
        sloc_max: 210
        cloc_min: 0
        cloc_max: 5
        ploc_min: 3
        ploc_max: 184
        lloc_min: 2
        lloc_max: 87
        blank_min: 0
        blank_max: 22
      nom:
        functions: 3
        closures: 15
        functions_average: 0.167
        closures_average: 0.833
        total: 18
        average: 1
        functions_min: 0
        functions_max: 1
        closures_min: 0
        closures_max: 1
      tokens:
        tokens: 1191
        tokens_average: 66.167
        tokens_min: 10
        tokens_max: 391
      mi:
        original: 31.902
        sei: 6.892
        visual_studio: 18.656
      abc:
        assignments: 19
        branches: 95
        conditions: 7
        magnitude: 97.134
        assignments_average: 1.056
        branches_average: 5.278
        conditions_average: 0.389
        assignments_min: 0
        assignments_max: 3
        branches_min: 0
        branches_max: 35
        conditions_min: 0
        conditions_max: 3
      npm:
        classes: 0
        interfaces: 0
        class_methods: 0
        interface_methods: 0
        class_coa: 0
        interface_coa: 0
        total: 0
        total_methods: 0
        coa: 0
      npa:
        classes: 0
        interfaces: 0
        class_attributes: 0
        interface_attributes: 0
        class_cda: 0
        interface_cda: 0
        total: 0
        total_attributes: 0
        cda: 0
metrics:
  nargs:
    function_args: 2
    closure_args: 8
    function_args_average: 0.667
    closure_args_average: 0.533
    total: 10
    average: 0.556
    function_args_min: 0
    function_args_max: 2
    closure_args_min: 0
    closure_args_max: 2
  nexits:
    sum: 12
    average: 0.667
    min: 0
    max: 2
  cognitive:
    sum: 12
    average: 0.667
    min: 0
    max: 7
  cyclomatic:
    sum: 26
    average: 1.368
    min: 1
    max: 3
    modified:
      sum: 26
      average: 1.368421052631579
      min: 1
      max: 3
  halstead:
    unique_operators: 28
    total_operators: 630
    unique_operands: 191
    total_operands: 521
    length: 1151
    estimated_program_length: 1581.895
    purity_ratio: 1.374
    vocabulary: 219
    volume: 8948.78
    difficulty: 38.188
    level: 0.026
    effort: 341740.317
    time: 18985.573
    bugs: 1.629
  loc:
    sloc: 242
    ploc: 196
    lloc: 94
    cloc: 21
    blank: 26
    sloc_average: 12.737
    ploc_average: 10.316
    lloc_average: 4.947
    cloc_average: 1.105
    blank_average: 1.368
    sloc_min: 3
    sloc_max: 242
    cloc_min: 0
    cloc_max: 21
    ploc_min: 3
    ploc_max: 196
    lloc_min: 2
    lloc_max: 94
    blank_min: 0
    blank_max: 26
  nom:
    functions: 3
    closures: 15
    functions_average: 0.158
    closures_average: 0.789
    total: 18
    average: 0.947
    functions_min: 0
    functions_max: 1
    closures_min: 0
    closures_max: 1
  tokens:
    tokens: 1282
    tokens_average: 67.474
    tokens_min: 10
    tokens_max: 391
  mi:
    original: 28.783
    sei: -80.976
    visual_studio: 16.832
  abc:
    assignments: 19
    branches: 101
    conditions: 8
    magnitude: 103.082
    assignments_average: 1
    branches_average: 5.316
    conditions_average: 0.421
    assignments_min: 0
    assignments_max: 3
    branches_min: 0
    branches_max: 35
    conditions_min: 0
    conditions_max: 3
  wmc:
    classes: 0
    interfaces: 0
    total: 0
  npm:
    classes: 0
    interfaces: 0
    class_methods: 0
    interface_methods: 0
    class_coa: 0
    interface_coa: 0
    total: 0
    total_methods: 0
    coa: 0
  npa:
    classes: 0
    interfaces: 0
    class_attributes: 0
    interface_attributes: 0
    class_cda: 0
    interface_cda: 0
    total: 0
    total_attributes: 0
    cda: 0
