---
source: tests/common/mod.rs
expression: funcspace_struct
---
name: "[filepath]"
start_line: 1
end_line: 242
kind: unit
spaces:
  - name: "<anonymous>"
    start_line: 33
    end_line: 242
    kind: function
    spaces:
      - name: "<anonymous>"
        start_line: 43
        end_line: 80
        kind: function
        spaces:
          - name: "<anonymous>"
            start_line: 46
            end_line: 77
            kind: function
            spaces:
              - name: "<anonymous>"
                start_line: 48
                end_line: 76
                kind: function
                spaces:
                  - name: "<anonymous>"
                    start_line: 67
                    end_line: 69
                    kind: function
                    spaces: []
                    metrics:
                      nargs:
                        function_args: 0
                        closure_args: 1
                        function_args_average: 0
                        closure_args_average: 1
                        total: 1
                        value: 1
                        average: 1
                        function_args_min: 0
                        function_args_max: 0
                        closure_args_min: 1
                        closure_args_max: 1
                      nexits:
                        sum: 1
                        average: 1
                        min: 1
                        max: 1
                      cognitive:
                        sum: 0
                        value: 0
                        average: 0
                        min: 0
                        max: 0
                      cyclomatic:
                        sum: 1
                        value: 1
                        average: 1
                        min: 1
                        max: 1
                        modified:
                          sum: 1
                          value: 1
                          average: 1
                          min: 1
                          max: 1
                      halstead:
                        unique_operators: 5
                        total_operators: 5
                        unique_operands: 2
                        total_operands: 3
                        length: 8
                        estimated_program_length: 13.61
                        purity_ratio: 1.701
                        vocabulary: 7
                        volume: 22.459
                        difficulty: 3.75
                        level: 0.267
                        effort: 84.221
                        time: 4.679
                        bugs: 0.006
                      loc:
                        sloc: 3
                        ploc: 3
                        lloc: 1
                        cloc: 0
                        blank: 0
                        sloc_average: 3
                        ploc_average: 3
                        lloc_average: 1
                        cloc_average: 0
                        blank_average: 0
                        sloc_min: 3
                        sloc_max: 3
                        cloc_min: 0
                        cloc_max: 0
                        ploc_min: 3
                        ploc_max: 3
                        lloc_min: 1
                        lloc_max: 1
                        blank_min: 0
                        blank_max: 0
                      nom:
                        functions: 0
                        closures: 1
                        functions_average: 0
                        closures_average: 1
                        total: 1
                        average: 1
                        functions_min: 0
                        functions_max: 0
                        closures_min: 1
                        closures_max: 1
                      tokens:
                        tokens: 10
                        average: 10
                        min: 10
                        max: 10
                      mi:
                        original: 136.792
                        sei: 121.75
                        visual_studio: 79.995
                      abc:
                        assignments: 0
                        branches: 1
                        conditions: 0
                        magnitude: 1
                        value: 1
                        assignments_average: 0
                        branches_average: 1
                        conditions_average: 0
                        assignments_min: 0
                        assignments_max: 0
                        branches_min: 1
                        branches_max: 1
                        conditions_min: 0
                        conditions_max: 0
                metrics:
                  nargs:
                    function_args: 0
                    closure_args: 3
                    function_args_average: 0
                    closure_args_average: 1.5
                    total: 3
                    value: 2
                    average: 1.5
                    function_args_min: 0
                    function_args_max: 0
                    closure_args_min: 1
                    closure_args_max: 2
                  nexits:
                    sum: 2
                    average: 1
                    min: 1
                    max: 1
                  cognitive:
                    sum: 7
                    value: 7
                    average: 3.5
                    min: 0
                    max: 7
                  cyclomatic:
                    sum: 4
                    value: 3
                    average: 2
                    min: 1
                    max: 3
                    modified:
                      sum: 4
                      value: 3
                      average: 2
                      min: 1
                      max: 3
                  halstead:
                    unique_operators: 14
                    total_operators: 84
                    unique_operands: 32
                    total_operands: 58
                    length: 142
                    estimated_program_length: 213.303
                    purity_ratio: 1.502
                    vocabulary: 46
                    volume: 784.346
                    difficulty: 12.688
                    level: 0.079
                    effort: 9951.387
                    time: 552.855
                    bugs: 0.154
                  loc:
                    sloc: 29
                    ploc: 29
                    lloc: 14
                    cloc: 0
                    blank: 0
                    sloc_average: 14.5
                    ploc_average: 14.5
                    lloc_average: 7
                    cloc_average: 0
                    blank_average: 0
                    sloc_min: 3
                    sloc_max: 29
                    cloc_min: 0
                    cloc_max: 0
                    ploc_min: 3
                    ploc_max: 29
                    lloc_min: 1
                    lloc_max: 14
                    blank_min: 0
                    blank_max: 0
                  nom:
                    functions: 0
                    closures: 2
                    functions_average: 0
                    closures_average: 1
                    total: 2
                    average: 1
                    functions_min: 0
                    functions_max: 0
                    closures_min: 1
                    closures_max: 1
                  tokens:
                    tokens: 193
                    average: 96.5
                    min: 10
                    max: 183
                  mi:
                    original: 80.873
                    sei: 41.381
                    visual_studio: 47.294
                  abc:
                    assignments: 0
                    branches: 12
                    conditions: 3
                    magnitude: 12.369
                    value: 11.402
                    assignments_average: 0
                    branches_average: 6
                    conditions_average: 1.5
                    assignments_min: 0
                    assignments_max: 0
                    branches_min: 1
                    branches_max: 11
                    conditions_min: 0
                    conditions_max: 3
            metrics:
              nargs:
                function_args: 0
                closure_args: 5
                function_args_average: 0
                closure_args_average: 1.667
                total: 5
                value: 2
                average: 1.667
                function_args_min: 0
                function_args_max: 0
                closure_args_min: 1
                closure_args_max: 2
              nexits:
                sum: 2
                average: 0.667
                min: 0
                max: 1
              cognitive:
                sum: 7
                value: 0
                average: 2.333
                min: 0
                max: 7
              cyclomatic:
                sum: 5
                value: 1
                average: 1.667
                min: 1
                max: 3
                modified:
                  sum: 5
                  value: 1
                  average: 1.6666666666666667
                  min: 1
                  max: 3
              halstead:
                unique_operators: 15
                total_operators: 100
                unique_operands: 36
                total_operands: 69
                length: 169
                estimated_program_length: 244.721
                purity_ratio: 1.448
                vocabulary: 51
                volume: 958.64
                difficulty: 14.375
                level: 0.07
                effort: 13780.448
                time: 765.58
                bugs: 0.192
              loc:
                sloc: 32
                ploc: 32
                lloc: 16
                cloc: 0
                blank: 0
                sloc_average: 10.667
                ploc_average: 10.667
                lloc_average: 5.333
                cloc_average: 0
                blank_average: 0
                sloc_min: 3
                sloc_max: 32
                cloc_min: 0
                cloc_max: 0
                ploc_min: 3
                ploc_max: 32
                lloc_min: 1
                lloc_max: 16
                blank_min: 0
                blank_max: 0
              nom:
                functions: 0
                closures: 3
                functions_average: 0
                closures_average: 1
                total: 3
                average: 1
                functions_min: 0
                functions_max: 0
                closures_min: 1
                closures_max: 1
              tokens:
                tokens: 226
                average: 75.333
                min: 10
                max: 183
              mi:
                original: 78.004
                sei: 37.345
                visual_studio: 45.617
              abc:
                assignments: 0
                branches: 14
                conditions: 3
                magnitude: 14.318
                value: 2
                assignments_average: 0
                branches_average: 4.667
                conditions_average: 1
                assignments_min: 0
                assignments_max: 0
                branches_min: 1
                branches_max: 11
                conditions_min: 0
                conditions_max: 3
        metrics:
          nargs:
            function_args: 0
            closure_args: 5
            function_args_average: 0
            closure_args_average: 1.25
            total: 5
            value: 0
            average: 1.25
            function_args_min: 0
            function_args_max: 0
            closure_args_min: 0
            closure_args_max: 2
          nexits:
            sum: 2
            average: 0.5
            min: 0
            max: 1
          cognitive:
            sum: 7
            value: 0
            average: 1.75
            min: 0
            max: 7
          cyclomatic:
            sum: 6
            value: 1
            average: 1.5
            min: 1
            max: 3
            modified:
              sum: 6
              value: 1
              average: 1.5
              min: 1
              max: 3
          halstead:
            unique_operators: 16
            total_operators: 114
            unique_operands: 43
            total_operands: 78
            length: 192
            estimated_program_length: 297.329
            purity_ratio: 1.549
            vocabulary: 59
            volume: 1129.467
            difficulty: 14.512
            level: 0.069
            effort: 16390.412
            time: 910.578
            bugs: 0.215
          loc:
            sloc: 38
            ploc: 37
            lloc: 18
            cloc: 2
            blank: 0
            sloc_average: 9.5
            ploc_average: 9.25
            lloc_average: 4.5
            cloc_average: 0.5
            blank_average: 0
            sloc_min: 3
            sloc_max: 38
            cloc_min: 0
            cloc_max: 2
            ploc_min: 3
            ploc_max: 37
            lloc_min: 1
            lloc_max: 18
            blank_min: 0
            blank_max: 0
          nom:
            functions: 0
            closures: 4
            functions_average: 0
            closures_average: 1
            total: 4
            average: 1
            functions_min: 0
            functions_max: 0
            closures_min: 1
            closures_max: 1
          tokens:
            tokens: 254
            average: 63.5
            min: 10
            max: 183
          mi:
            original: 74.138
            sei: 11.823
            visual_studio: 43.355
          abc:
            assignments: 2
            branches: 17
            conditions: 3
            magnitude: 17.378
            value: 3.606
            assignments_average: 0.5
            branches_average: 4.25
            conditions_average: 0.75
            assignments_min: 0
            assignments_max: 2
            branches_min: 1
            branches_max: 11
            conditions_min: 0
            conditions_max: 3
      - name: "<anonymous>"
        start_line: 82
        end_line: 85
        kind: function
        spaces: []
        metrics:
          nargs:
            function_args: 0
            closure_args: 0
            function_args_average: 0
            closure_args_average: 0
            total: 0
            value: 0
            average: 0
            function_args_min: 0
            function_args_max: 0
            closure_args_min: 0
            closure_args_max: 0
          nexits:
            sum: 0
            average: 0
            min: 0
            max: 0
          cognitive:
            sum: 0
            value: 0
            average: 0
            min: 0
            max: 0
          cyclomatic:
            sum: 1
            value: 1
            average: 1
            min: 1
            max: 1
            modified:
              sum: 1
              value: 1
              average: 1
              min: 1
              max: 1
          halstead:
            unique_operators: 5
            total_operators: 6
            unique_operands: 2
            total_operands: 2
            length: 8
            estimated_program_length: 13.61
            purity_ratio: 1.701
            vocabulary: 7
            volume: 22.459
            difficulty: 2.5
            level: 0.4
            effort: 56.147
            time: 3.119
            bugs: 0.005
          loc:
            sloc: 4
            ploc: 3
            lloc: 1
            cloc: 1
            blank: 0
            sloc_average: 4
            ploc_average: 3
            lloc_average: 1
            cloc_average: 1
            blank_average: 0
            sloc_min: 4
            sloc_max: 4
            cloc_min: 1
            cloc_max: 1
            ploc_min: 3
            ploc_max: 3
            lloc_min: 1
            lloc_max: 1
            blank_min: 0
            blank_max: 0
          nom:
            functions: 0
            closures: 1
            functions_average: 0
            closures_average: 1
            total: 1
            average: 1
            functions_min: 0
            functions_max: 0
            closures_min: 1
            closures_max: 1
          tokens:
            tokens: 11
            average: 11
            min: 11
            max: 11
          mi:
            original: 132.131
            sei: 164.735
            visual_studio: 77.27
          abc:
            assignments: 0
            branches: 1
            conditions: 0
            magnitude: 1
            value: 1
            assignments_average: 0
            branches_average: 1
            conditions_average: 0
            assignments_min: 0
            assignments_max: 0
            branches_min: 1
            branches_max: 1
            conditions_min: 0
            conditions_max: 0
      - name: "<anonymous>"
        start_line: 87
        end_line: 146
        kind: function
        spaces:
          - name: "<anonymous>"
            start_line: 106
            end_line: 109
            kind: function
            spaces: []
            metrics:
              nargs:
                function_args: 0
                closure_args: 0
                function_args_average: 0
                closure_args_average: 0
                total: 0
                value: 0
                average: 0
                function_args_min: 0
                function_args_max: 0
                closure_args_min: 0
                closure_args_max: 0
              nexits:
                sum: 0
                average: 0
                min: 0
                max: 0
              cognitive:
                sum: 0
                value: 0
                average: 0
                min: 0
                max: 0
              cyclomatic:
                sum: 1
                value: 1
                average: 1
                min: 1
                max: 1
                modified:
                  sum: 1
                  value: 1
                  average: 1
                  min: 1
                  max: 1
              halstead:
                unique_operators: 6
                total_operators: 9
                unique_operands: 5
                total_operands: 6
                length: 15
                estimated_program_length: 27.119
                purity_ratio: 1.808
                vocabulary: 11
                volume: 51.891
                difficulty: 3.6
                level: 0.278
                effort: 186.809
                time: 10.378
                bugs: 0.011
              loc:
                sloc: 4
                ploc: 4
                lloc: 2
                cloc: 0
                blank: 0
                sloc_average: 4
                ploc_average: 4
                lloc_average: 2
                cloc_average: 0
                blank_average: 0
                sloc_min: 4
                sloc_max: 4
                cloc_min: 0
                cloc_max: 0
                ploc_min: 4
                ploc_max: 4
                lloc_min: 2
                lloc_max: 2
                blank_min: 0
                blank_max: 0
              nom:
                functions: 0
                closures: 1
                functions_average: 0
                closures_average: 1
                total: 1
                average: 1
                functions_min: 0
                functions_max: 0
                closures_min: 1
                closures_max: 1
              tokens:
                tokens: 17
                average: 17
                min: 17
                max: 17
              mi:
                original: 127.776
                sei: 108.743
                visual_studio: 74.723
              abc:
                assignments: 2
                branches: 0
                conditions: 0
                magnitude: 2
                value: 2
                assignments_average: 2
                branches_average: 0
                conditions_average: 0
                assignments_min: 2
                assignments_max: 2
                branches_min: 0
                branches_max: 0
                conditions_min: 0
                conditions_max: 0
          - name: "<anonymous>"
            start_line: 112
            end_line: 115
            kind: function
            spaces: []
            metrics:
              nargs:
                function_args: 0
                closure_args: 0
                function_args_average: 0
                closure_args_average: 0
                total: 0
                value: 0
                average: 0
                function_args_min: 0
                function_args_max: 0
                closure_args_min: 0
                closure_args_max: 0
              nexits:
                sum: 0
                average: 0
                min: 0
                max: 0
              cognitive:
                sum: 0
                value: 0
                average: 0
                min: 0
                max: 0
              cyclomatic:
                sum: 1
                value: 1
                average: 1
                min: 1
                max: 1
                modified:
                  sum: 1
                  value: 1
                  average: 1
                  min: 1
                  max: 1
              halstead:
                unique_operators: 6
                total_operators: 9
                unique_operands: 5
                total_operands: 6
                length: 15
                estimated_program_length: 27.119
                purity_ratio: 1.808
                vocabulary: 11
                volume: 51.891
                difficulty: 3.6
                level: 0.278
                effort: 186.809
                time: 10.378
                bugs: 0.011
              loc:
                sloc: 4
                ploc: 4
                lloc: 2
                cloc: 0
                blank: 0
                sloc_average: 4
                ploc_average: 4
                lloc_average: 2
                cloc_average: 0
                blank_average: 0
                sloc_min: 4
                sloc_max: 4
                cloc_min: 0
                cloc_max: 0
                ploc_min: 4
                ploc_max: 4
                lloc_min: 2
                lloc_max: 2
                blank_min: 0
                blank_max: 0
              nom:
                functions: 0
                closures: 1
                functions_average: 0
                closures_average: 1
                total: 1
                average: 1
                functions_min: 0
                functions_max: 0
                closures_min: 1
                closures_max: 1
              tokens:
                tokens: 17
                average: 17
                min: 17
                max: 17
              mi:
                original: 127.776
                sei: 108.743
                visual_studio: 74.723
              abc:
                assignments: 2
                branches: 0
                conditions: 0
                magnitude: 2
                value: 2
                assignments_average: 2
                branches_average: 0
                conditions_average: 0
                assignments_min: 2
                assignments_max: 2
                branches_min: 0
                branches_max: 0
                conditions_min: 0
                conditions_max: 0
          - name: read1
            start_line: 119
            end_line: 127
            kind: function
            spaces:
              - name: "<anonymous>"
                start_line: 120
                end_line: 126
                kind: function
                spaces: []
                metrics:
                  nargs:
                    function_args: 0
                    closure_args: 1
                    function_args_average: 0
                    closure_args_average: 1
                    total: 1
                    value: 1
                    average: 1
                    function_args_min: 0
                    function_args_max: 0
                    closure_args_min: 1
                    closure_args_max: 1
                  nexits:
                    sum: 2
                    average: 2
                    min: 2
                    max: 2
                  cognitive:
                    sum: 2
                    value: 2
                    average: 2
                    min: 2
                    max: 2
                  cyclomatic:
                    sum: 2
                    value: 2
                    average: 2
                    min: 2
                    max: 2
                    modified:
                      sum: 2
                      value: 2
                      average: 2
                      min: 2
                      max: 2
                  halstead:
                    unique_operators: 8
                    total_operators: 16
                    unique_operands: 7
                    total_operands: 9
                    length: 25
                    estimated_program_length: 43.651
                    purity_ratio: 1.746
                    vocabulary: 15
                    volume: 97.672
                    difficulty: 5.143
                    level: 0.194
                    effort: 502.315
                    time: 27.906
                    bugs: 0.021
                  loc:
                    sloc: 7
                    ploc: 7
                    lloc: 4
                    cloc: 0
                    blank: 0
                    sloc_average: 7
                    ploc_average: 7
                    lloc_average: 4
                    cloc_average: 0
                    blank_average: 0
                    sloc_min: 7
                    sloc_max: 7
                    cloc_min: 0
                    cloc_max: 0
                    ploc_min: 7
                    ploc_max: 7
                    lloc_min: 4
                    lloc_max: 4
                    blank_min: 0
                    blank_max: 0
                  nom:
                    functions: 0
                    closures: 1
                    functions_average: 0
                    closures_average: 1
                    total: 1
                    average: 1
                    functions_min: 0
                    functions_max: 0
                    closures_min: 1
                    closures_max: 1
                  tokens:
                    tokens: 30
                    average: 30
                    min: 30
                    max: 30
                  mi:
                    original: 115.192
                    sei: 90.689
                    visual_studio: 67.364
                  abc:
                    assignments: 1
                    branches: 1
                    conditions: 1
                    magnitude: 1.732
                    value: 1.732
                    assignments_average: 1
                    branches_average: 1
                    conditions_average: 1
                    assignments_min: 1
                    assignments_max: 1
                    branches_min: 1
                    branches_max: 1
                    conditions_min: 1
                    conditions_max: 1
            metrics:
              nargs:
                function_args: 0
                closure_args: 1
                function_args_average: 0
                closure_args_average: 1
                total: 1
                value: 0
                average: 0.5
                function_args_min: 0
                function_args_max: 0
                closure_args_min: 0
                closure_args_max: 1
              nexits:
                sum: 3
                average: 1.5
                min: 1
                max: 2
              cognitive:
                sum: 2
                value: 0
                average: 1
                min: 0
                max: 2
              cyclomatic:
                sum: 3
                value: 1
                average: 1.5
                min: 1
                max: 2
                modified:
                  sum: 3
                  value: 1
                  average: 1.5
                  min: 1
                  max: 2
              halstead:
                unique_operators: 8
                total_operators: 25
                unique_operands: 10
                total_operands: 12
                length: 37
                estimated_program_length: 57.219
                purity_ratio: 1.546
                vocabulary: 18
                volume: 154.287
                difficulty: 4.8
                level: 0.208
                effort: 740.579
                time: 41.143
                bugs: 0.027
              loc:
                sloc: 9
                ploc: 9
                lloc: 5
                cloc: 0
                blank: 0
                sloc_average: 4.5
                ploc_average: 4.5
                lloc_average: 2.5
                cloc_average: 0
                blank_average: 0
                sloc_min: 7
                sloc_max: 9
                cloc_min: 0
                cloc_max: 0
                ploc_min: 7
                ploc_max: 9
                lloc_min: 4
                lloc_max: 5
                blank_min: 0
                blank_max: 0
              nom:
                functions: 1
                closures: 1
                functions_average: 0.5
                closures_average: 0.5
                total: 2
                average: 1
                functions_min: 0
                functions_max: 1
                closures_min: 0
                closures_max: 1
              tokens:
                tokens: 46
                average: 23
                min: 16
                max: 30
              mi:
                original: 108.513
                sei: 81.156
                visual_studio: 63.458
              abc:
                assignments: 1
                branches: 3
                conditions: 1
                magnitude: 3.317
                value: 2
                assignments_average: 0.5
                branches_average: 1.5
                conditions_average: 0.5
                assignments_min: 0
                assignments_max: 1
                branches_min: 1
                branches_max: 2
                conditions_min: 0
                conditions_max: 1
          - name: read2
            start_line: 128
            end_line: 136
            kind: function
            spaces:
              - name: "<anonymous>"
                start_line: 129
                end_line: 135
                kind: function
                spaces: []
                metrics:
                  nargs:
                    function_args: 0
                    closure_args: 1
                    function_args_average: 0
                    closure_args_average: 1
                    total: 1
                    value: 1
                    average: 1
                    function_args_min: 0
                    function_args_max: 0
                    closure_args_min: 1
                    closure_args_max: 1
                  nexits:
                    sum: 2
                    average: 2
                    min: 2
                    max: 2
                  cognitive:
                    sum: 2
                    value: 2
                    average: 2
                    min: 2
                    max: 2
                  cyclomatic:
                    sum: 2
                    value: 2
                    average: 2
                    min: 2
                    max: 2
                    modified:
                      sum: 2
                      value: 2
                      average: 2
                      min: 2
                      max: 2
                  halstead:
                    unique_operators: 8
                    total_operators: 16
                    unique_operands: 7
                    total_operands: 9
                    length: 25
                    estimated_program_length: 43.651
                    purity_ratio: 1.746
                    vocabulary: 15
                    volume: 97.672
                    difficulty: 5.143
                    level: 0.194
                    effort: 502.315
                    time: 27.906
                    bugs: 0.021
                  loc:
                    sloc: 7
                    ploc: 7
                    lloc: 4
                    cloc: 0
                    blank: 0
                    sloc_average: 7
                    ploc_average: 7
                    lloc_average: 4
                    cloc_average: 0
                    blank_average: 0
                    sloc_min: 7
                    sloc_max: 7
                    cloc_min: 0
                    cloc_max: 0
                    ploc_min: 7
                    ploc_max: 7
                    lloc_min: 4
                    lloc_max: 4
                    blank_min: 0
                    blank_max: 0
                  nom:
                    functions: 0
                    closures: 1
                    functions_average: 0
                    closures_average: 1
                    total: 1
                    average: 1
                    functions_min: 0
                    functions_max: 0
                    closures_min: 1
                    closures_max: 1
                  tokens:
                    tokens: 30
                    average: 30
                    min: 30
                    max: 30
                  mi:
                    original: 115.192
                    sei: 90.689
                    visual_studio: 67.364
                  abc:
                    assignments: 1
                    branches: 1
                    conditions: 1
                    magnitude: 1.732
                    value: 1.732
                    assignments_average: 1
                    branches_average: 1
                    conditions_average: 1
                    assignments_min: 1
                    assignments_max: 1
                    branches_min: 1
                    branches_max: 1
                    conditions_min: 1
                    conditions_max: 1
            metrics:
              nargs:
                function_args: 0
                closure_args: 1
                function_args_average: 0
                closure_args_average: 1
                total: 1
                value: 0
                average: 0.5
                function_args_min: 0
                function_args_max: 0
                closure_args_min: 0
                closure_args_max: 1
              nexits:
                sum: 3
                average: 1.5
                min: 1
                max: 2
              cognitive:
                sum: 2
                value: 0
                average: 1
                min: 0
                max: 2
              cyclomatic:
                sum: 3
                value: 1
                average: 1.5
                min: 1
                max: 2
                modified:
                  sum: 3
                  value: 1
                  average: 1.5
                  min: 1
                  max: 2
              halstead:
                unique_operators: 8
                total_operators: 25
                unique_operands: 10
                total_operands: 12
                length: 37
                estimated_program_length: 57.219
                purity_ratio: 1.546
                vocabulary: 18
                volume: 154.287
                difficulty: 4.8
                level: 0.208
                effort: 740.579
                time: 41.143
                bugs: 0.027
              loc:
                sloc: 9
                ploc: 9
                lloc: 5
                cloc: 0
                blank: 0
                sloc_average: 4.5
                ploc_average: 4.5
                lloc_average: 2.5
                cloc_average: 0
                blank_average: 0
                sloc_min: 7
                sloc_max: 9
                cloc_min: 0
                cloc_max: 0
                ploc_min: 7
                ploc_max: 9
                lloc_min: 4
                lloc_max: 5
                blank_min: 0
                blank_max: 0
              nom:
                functions: 1
                closures: 1
                functions_average: 0.5
                closures_average: 0.5
                total: 2
                average: 1
                functions_min: 0
                functions_max: 1
                closures_min: 0
                closures_max: 1
              tokens:
                tokens: 46
                average: 23
                min: 16
                max: 30
              mi:
                original: 108.513
                sei: 81.156
                visual_studio: 63.458
              abc:
                assignments: 1
                branches: 3
                conditions: 1
                magnitude: 3.317
                value: 2
                assignments_average: 0.5
                branches_average: 1.5
                conditions_average: 0.5
                assignments_min: 0
                assignments_max: 1
                branches_min: 1
                branches_max: 2
                conditions_min: 0
                conditions_max: 1
        metrics:
          nargs:
            function_args: 0
            closure_args: 2
            function_args_average: 0
            closure_args_average: 0.4
            total: 2
            value: 0
            average: 0.286
            function_args_min: 0
            function_args_max: 0
            closure_args_min: 0
            closure_args_max: 1
          nexits:
            sum: 6
            average: 0.857
            min: 0
            max: 2
          cognitive:
            sum: 4
            value: 0
            average: 0.571
            min: 0
            max: 2
          cyclomatic:
            sum: 9
            value: 1
            average: 1.286
            min: 1
            max: 2
            modified:
              sum: 9
              value: 1
              average: 1.2857142857142858
              min: 1
              max: 2
          halstead:
            unique_operators: 18
            total_operators: 173
            unique_operands: 41
            total_operands: 110
            length: 283
            estimated_program_length: 294.718
            purity_ratio: 1.041
            vocabulary: 59
            volume: 1664.788
            difficulty: 24.146
            level: 0.041
            effort: 40198.539
            time: 2233.252
            bugs: 0.391
          loc:
            sloc: 60
            ploc: 53
            lloc: 32
            cloc: 0
            blank: 7
            sloc_average: 8.571
            ploc_average: 7.571
            lloc_average: 4.571
            cloc_average: 0
            blank_average: 1
            sloc_min: 4
            sloc_max: 60
            cloc_min: 0
            cloc_max: 0
            ploc_min: 4
            ploc_max: 53
            lloc_min: 2
            lloc_max: 32
            blank_min: 0
            blank_max: 7
          nom:
            functions: 2
            closures: 5
            functions_average: 0.286
            closures_average: 0.714
            total: 7
            average: 1
            functions_min: 0
            functions_max: 1
            closures_min: 0
            closures_max: 1
          tokens:
            tokens: 337
            average: 48.143
            min: 16
            max: 211
          mi:
            original: 64.031
            sei: 17.593
            visual_studio: 37.445
          abc:
            assignments: 8
            branches: 27
            conditions: 2
            magnitude: 28.231
            value: 21.095
            assignments_average: 1.143
            branches_average: 3.857
            conditions_average: 0.286
            assignments_min: 0
            assignments_max: 2
            branches_min: 0
            branches_max: 21
            conditions_min: 0
            conditions_max: 1
      - name: "<anonymous>"
        start_line: 148
        end_line: 241
        kind: function
        spaces:
          - name: "<anonymous>"
            start_line: 171
            end_line: 177
            kind: function
            spaces: []
            metrics:
              nargs:
                function_args: 0
                closure_args: 0
                function_args_average: 0
                closure_args_average: 0
                total: 0
                value: 0
                average: 0
                function_args_min: 0
                function_args_max: 0
                closure_args_min: 0
                closure_args_max: 0
              nexits:
                sum: 0
                average: 0
                min: 0
                max: 0
              cognitive:
                sum: 0
                value: 0
                average: 0
                min: 0
                max: 0
              cyclomatic:
                sum: 1
                value: 1
                average: 1
                min: 1
                max: 1
                modified:
                  sum: 1
                  value: 1
                  average: 1
                  min: 1
                  max: 1
              halstead:
                unique_operators: 7
                total_operators: 16
                unique_operands: 10
                total_operands: 12
                length: 28
                estimated_program_length: 52.871
                purity_ratio: 1.888
                vocabulary: 17
                volume: 114.449
                difficulty: 4.2
                level: 0.238
                effort: 480.686
                time: 26.705
                bugs: 0.02
              loc:
                sloc: 7
                ploc: 6
                lloc: 4
                cloc: 1
                blank: 0
                sloc_average: 7
                ploc_average: 6
                lloc_average: 4
                cloc_average: 1
                blank_average: 0
                sloc_min: 7
                sloc_max: 7
                cloc_min: 1
                cloc_max: 1
                ploc_min: 6
                ploc_max: 6
                lloc_min: 4
                lloc_max: 4
                blank_min: 0
                blank_max: 0
              nom:
                functions: 0
                closures: 1
                functions_average: 0
                closures_average: 1
                total: 1
                average: 1
                functions_min: 0
                functions_max: 0
                closures_min: 1
                closures_max: 1
              tokens:
                tokens: 34
                average: 34
                min: 34
                max: 34
              mi:
                original: 114.598
                sei: 68.988
                visual_studio: 67.016
              abc:
                assignments: 3
                branches: 2
                conditions: 0
                magnitude: 3.606
                value: 3.606
                assignments_average: 3
                branches_average: 2
                conditions_average: 0
                assignments_min: 3
                assignments_max: 3
                branches_min: 2
                branches_max: 2
                conditions_min: 0
                conditions_max: 0
          - name: "<anonymous>"
            start_line: 179
            end_line: 184
            kind: function
            spaces: []
            metrics:
              nargs:
                function_args: 0
                closure_args: 0
                function_args_average: 0
                closure_args_average: 0
                total: 0
                value: 0
                average: 0
                function_args_min: 0
                function_args_max: 0
                closure_args_min: 0
                closure_args_max: 0
              nexits:
                sum: 0
                average: 0
                min: 0
                max: 0
              cognitive:
                sum: 0
                value: 0
                average: 0
                min: 0
                max: 0
              cyclomatic:
                sum: 1
                value: 1
                average: 1
                min: 1
                max: 1
                modified:
                  sum: 1
                  value: 1
                  average: 1
                  min: 1
                  max: 1
              halstead:
                unique_operators: 7
                total_operators: 16
                unique_operands: 10
                total_operands: 12
                length: 28
                estimated_program_length: 52.871
                purity_ratio: 1.888
                vocabulary: 17
                volume: 114.449
                difficulty: 4.2
                level: 0.238
                effort: 480.686
                time: 26.705
                bugs: 0.02
              loc:
                sloc: 6
                ploc: 6
                lloc: 4
                cloc: 0
                blank: 0
                sloc_average: 6
                ploc_average: 6
                lloc_average: 4
                cloc_average: 0
                blank_average: 0
                sloc_min: 6
                sloc_max: 6
                cloc_min: 0
                cloc_max: 0
                ploc_min: 6
                ploc_max: 6
                lloc_min: 4
                lloc_max: 4
                blank_min: 0
                blank_max: 0
              nom:
                functions: 0
                closures: 1
                functions_average: 0
                closures_average: 1
                total: 1
                average: 1
                functions_min: 0
                functions_max: 0
                closures_min: 1
                closures_max: 1
              tokens:
                tokens: 34
                average: 34
                min: 34
                max: 34
              mi:
                original: 117.095
                sei: 93.333
                visual_studio: 68.477
              abc:
                assignments: 3
                branches: 2
                conditions: 0
                magnitude: 3.606
                value: 3.606
                assignments_average: 3
                branches_average: 2
                conditions_average: 0
                assignments_min: 3
                assignments_max: 3
                branches_min: 2
                branches_max: 2
                conditions_min: 0
                conditions_max: 0
          - name: read
            start_line: 212
            end_line: 220
            kind: function
            spaces:
              - name: "<anonymous>"
                start_line: 213
                end_line: 219
                kind: function
                spaces: []
                metrics:
                  nargs:
                    function_args: 0
                    closure_args: 1
                    function_args_average: 0
                    closure_args_average: 1
                    total: 1
                    value: 1
                    average: 1
                    function_args_min: 0
                    function_args_max: 0
                    closure_args_min: 1
                    closure_args_max: 1
                  nexits:
                    sum: 2
                    average: 2
                    min: 2
                    max: 2
                  cognitive:
                    sum: 2
                    value: 2
                    average: 2
                    min: 2
                    max: 2
                  cyclomatic:
                    sum: 2
                    value: 2
                    average: 2
                    min: 2
                    max: 2
                    modified:
                      sum: 2
                      value: 2
                      average: 2
                      min: 2
                      max: 2
                  halstead:
                    unique_operators: 9
                    total_operators: 18
                    unique_operands: 8
                    total_operands: 12
                    length: 30
                    estimated_program_length: 52.529
                    purity_ratio: 1.751
                    vocabulary: 17
                    volume: 122.624
                    difficulty: 6.75
                    level: 0.148
                    effort: 827.711
                    time: 45.984
                    bugs: 0.029
                  loc:
                    sloc: 7
                    ploc: 7
                    lloc: 4
                    cloc: 0
                    blank: 0
                    sloc_average: 7
                    ploc_average: 7
                    lloc_average: 4
                    cloc_average: 0
                    blank_average: 0
                    sloc_min: 7
                    sloc_max: 7
                    cloc_min: 0
                    cloc_max: 0
                    ploc_min: 7
                    ploc_max: 7
                    lloc_min: 4
                    lloc_max: 4
                    blank_min: 0
                    blank_max: 0
                  nom:
                    functions: 0
                    closures: 1
                    functions_average: 0
                    closures_average: 1
                    total: 1
                    average: 1
                    functions_min: 0
                    functions_max: 0
                    closures_min: 1
                    closures_max: 1
                  tokens:
                    tokens: 35
                    average: 35
                    min: 35
                    max: 35
                  mi:
                    original: 114.009
                    sei: 88.983
                    visual_studio: 66.672
                  abc:
                    assignments: 1
                    branches: 1
                    conditions: 1
                    magnitude: 1.732
                    value: 1.732
                    assignments_average: 1
                    branches_average: 1
                    conditions_average: 1
                    assignments_min: 1
                    assignments_max: 1
                    branches_min: 1
                    branches_max: 1
                    conditions_min: 1
                    conditions_max: 1
            metrics:
              nargs:
                function_args: 2
                closure_args: 1
                function_args_average: 2
                closure_args_average: 1
                total: 3
                value: 2
                average: 1.5
                function_args_min: 0
                function_args_max: 2
                closure_args_min: 0
                closure_args_max: 1
              nexits:
                sum: 3
                average: 1.5
                min: 1
                max: 2
              cognitive:
                sum: 2
                value: 0
                average: 1
                min: 0
                max: 2
              cyclomatic:
                sum: 3
                value: 1
                average: 1.5
                min: 1
                max: 2
                modified:
                  sum: 3
                  value: 1
                  average: 1.5
                  min: 1
                  max: 2
              halstead:
                unique_operators: 9
                total_operators: 28
                unique_operands: 9
                total_operands: 17
                length: 45
                estimated_program_length: 57.059
                purity_ratio: 1.268
                vocabulary: 18
                volume: 187.647
                difficulty: 8.5
                level: 0.118
                effort: 1594.996
                time: 88.611
                bugs: 0.046
              loc:
                sloc: 9
                ploc: 9
                lloc: 5
                cloc: 0
                blank: 0
                sloc_average: 4.5
                ploc_average: 4.5
                lloc_average: 2.5
                cloc_average: 0
                blank_average: 0
                sloc_min: 7
                sloc_max: 9
                cloc_min: 0
                cloc_max: 0
                ploc_min: 7
                ploc_max: 9
                lloc_min: 4
                lloc_max: 5
                blank_min: 0
                blank_max: 0
              nom:
                functions: 1
                closures: 1
                functions_average: 0.5
                closures_average: 0.5
                total: 2
                average: 1
                functions_min: 0
                functions_max: 1
                closures_min: 0
                closures_max: 1
              tokens:
                tokens: 54
                average: 27
                min: 19
                max: 35
              mi:
                original: 107.495
                sei: 79.687
                visual_studio: 62.863
              abc:
                assignments: 1
                branches: 3
                conditions: 1
                magnitude: 3.317
                value: 2
                assignments_average: 0.5
                branches_average: 1.5
                conditions_average: 0.5
                assignments_min: 0
                assignments_max: 1
                branches_min: 1
                branches_max: 2
                conditions_min: 0
                conditions_max: 1
        metrics:
          nargs:
            function_args: 2
            closure_args: 1
            function_args_average: 2
            closure_args_average: 0.25
            total: 3
            value: 0
            average: 0.6
            function_args_min: 0
            function_args_max: 2
            closure_args_min: 0
            closure_args_max: 1
          nexits:
            sum: 3
            average: 0.6
            min: 0
            max: 2
          cognitive:
            sum: 3
            value: 1
            average: 0.6
            min: 0
            max: 2
          cyclomatic:
            sum: 7
            value: 2
            average: 1.4
            min: 1
            max: 2
            modified:
              sum: 7
              value: 2
              average: 1.4
              min: 1
              max: 2
          halstead:
            unique_operators: 20
            total_operators: 250
            unique_operands: 57
            total_operands: 192
            length: 442
            estimated_program_length: 418.913
            purity_ratio: 0.948
            vocabulary: 77
            volume: 2769.92
            difficulty: 33.684
            level: 0.03
            effort: 93302.557
            time: 5183.475
            bugs: 0.686
          loc:
            sloc: 94
            ploc: 81
            lloc: 41
            cloc: 2
            blank: 11
            sloc_average: 18.8
            ploc_average: 16.2
            lloc_average: 8.2
            cloc_average: 0.4
            blank_average: 2.2
            sloc_min: 6
            sloc_max: 94
            cloc_min: 0
            cloc_max: 2
            ploc_min: 6
            ploc_max: 81
            lloc_min: 4
            lloc_max: 41
            blank_min: 0
            blank_max: 11
          nom:
            functions: 1
            closures: 4
            functions_average: 0.2
            closures_average: 0.8
            total: 5
            average: 1
            functions_min: 0
            functions_max: 1
            closures_min: 0
            closures_max: 1
          tokens:
            tokens: 513
            average: 102.6
            min: 19
            max: 391
          mi:
            original: 54.57
            sei: 42.337
            visual_studio: 31.913
          abc:
            assignments: 7
            branches: 42
            conditions: 3
            magnitude: 42.685
            value: 35.057
            assignments_average: 1.4
            branches_average: 8.4
            conditions_average: 0.6
            assignments_min: 0
            assignments_max: 3
            branches_min: 1
            branches_max: 35
            conditions_min: 0
            conditions_max: 2
    metrics:
      nargs:
        function_args: 2
        closure_args: 8
        function_args_average: 0.667
        closure_args_average: 0.533
        total: 10
        value: 0
        average: 0.556
        function_args_min: 0
        function_args_max: 2
        closure_args_min: 0
        closure_args_max: 2
      nexits:
        sum: 11
        average: 0.611
        min: 0
        max: 2
      cognitive:
        sum: 14
        value: 0
        average: 0.778
        min: 0
        max: 7
      cyclomatic:
        sum: 24
        value: 1
        average: 1.333
        min: 1
        max: 3
        modified:
          sum: 24
          value: 1
          average: 1.3333333333333333
          min: 1
          max: 3
      halstead:
        unique_operators: 24
        total_operators: 578
        unique_operands: 117
        total_operands: 405
        length: 983
        estimated_program_length: 913.872
        purity_ratio: 0.93
        vocabulary: 141
        volume: 7018.179
        difficulty: 41.538
        level: 0.024
        effort: 291524.358
        time: 16195.798
        bugs: 1.466
      loc:
        sloc: 210
        ploc: 184
        lloc: 100
        cloc: 5
        blank: 22
        sloc_average: 11.667
        ploc_average: 10.222
        lloc_average: 5.556
        cloc_average: 0.278
        blank_average: 1.222
        sloc_min: 3
        sloc_max: 210
        cloc_min: 0
        cloc_max: 5
        ploc_min: 3
        ploc_max: 184
        lloc_min: 1
        lloc_max: 100
        blank_min: 0
        blank_max: 22
      nom:
        functions: 3
        closures: 15
        functions_average: 0.167
        closures_average: 0.833
        total: 18
        average: 1
        functions_min: 0
        functions_max: 1
        closures_min: 0
        closures_max: 1
      tokens:
        tokens: 1191
        average: 66.167
        min: 10
        max: 391
      mi:
        original: 32.804
        sei: 8.193
        visual_studio: 19.184
      abc:
        assignments: 19
        branches: 95
        conditions: 8
        magnitude: 97.211
        value: 8.246
        assignments_average: 1.056
        branches_average: 5.278
        conditions_average: 0.444
        assignments_min: 0
        assignments_max: 3
        branches_min: 0
        branches_max: 35
        conditions_min: 0
        conditions_max: 3
metrics:
  nargs:
    function_args: 2
    closure_args: 8
    function_args_average: 0.667
    closure_args_average: 0.533
    total: 10
    value: 0
    average: 0.556
    function_args_min: 0
    function_args_max: 2
    closure_args_min: 0
    closure_args_max: 2
  nexits:
    sum: 12
    average: 0.667
    min: 0
    max: 2
  cognitive:
    sum: 15
    value: 1
    average: 0.833
    min: 0
    max: 7
  cyclomatic:
    sum: 26
    value: 2
    average: 1.444
    min: 1
    max: 3
    modified:
      sum: 26
      value: 2
      average: 1.4444444444444444
      min: 1
      max: 3
  halstead:
    unique_operators: 27
    total_operators: 617
    unique_operands: 130
    total_operands: 428
    length: 1045
    estimated_program_length: 1041.29
    purity_ratio: 0.996
    vocabulary: 157
    volume: 7622.879
    difficulty: 44.446
    level: 0.022
    effort: 338807.639
    time: 18822.647
    bugs: 1.62
  loc:
    sloc: 242
    ploc: 196
    lloc: 110
    cloc: 21
    blank: 26
    sloc_average: 12.737
    ploc_average: 10.316
    lloc_average: 5.789
    cloc_average: 1.105
    blank_average: 1.368
    sloc_min: 3
    sloc_max: 242
    cloc_min: 0
    cloc_max: 21
    ploc_min: 3
    ploc_max: 196
    lloc_min: 1
    lloc_max: 110
    blank_min: 0
    blank_max: 26
  nom:
    functions: 3
    closures: 15
    functions_average: 0.158
    closures_average: 0.789
    total: 18
    average: 0.947
    functions_min: 0
    functions_max: 1
    closures_min: 0
    closures_max: 1
  tokens:
    tokens: 1282
    average: 67.474
    min: 10
    max: 391
  mi:
    original: 29.617
    sei: -79.773
    visual_studio: 17.32
  abc:
    assignments: 19
    branches: 101
    conditions: 9
    magnitude: 103.165
    value: 6.083
    assignments_average: 1
    branches_average: 5.316
    conditions_average: 0.474
    assignments_min: 0
    assignments_max: 3
    branches_min: 0
    branches_max: 35
    conditions_min: 0
    conditions_max: 3
  wmc:
    class_wmc_sum: 0
    interface_wmc_sum: 0
    total: 0
  npm:
    class_npm_sum: 0
    interface_npm_sum: 0
    class_methods: 0
    interface_methods: 0
    class_coa: 0
    interface_coa: 0
    total: 0
    total_methods: 0
    coa: 0
  npa:
    class_npa_sum: 0
    interface_npa_sum: 0
    class_attributes: 0
    interface_attributes: 0
    class_cda: 0
    interface_cda: 0
    total: 0
    total_attributes: 0
    cda: 0
