---
source: tests/common/mod.rs
expression: funcspace_struct
---
name: "[filepath]"
start_line: 1
end_line: 62
kind: unit
spaces:
  - name: "<anonymous>"
    start_line: 24
    end_line: 62
    kind: function
    spaces:
      - name: "<anonymous>"
        start_line: 25
        end_line: 61
        kind: function
        spaces: []
        metrics:
          nargs:
            function_args: 0
            closure_args: 0
            function_args_average: 0
            closure_args_average: 0
            total: 0
            average: 0
            function_args_min: 0
            function_args_max: 0
            closure_args_min: 0
            closure_args_max: 0
          nexits:
            sum: 0
            average: 0
            min: 0
            max: 0
          cognitive:
            sum: 1
            value: 1
            average: 1
            min: 1
            max: 1
          cyclomatic:
            sum: 2
            value: 2
            average: 2
            min: 2
            max: 2
            modified:
              sum: 2
              value: 2
              average: 2
              min: 2
              max: 2
          halstead:
            unique_operators: 15
            total_operators: 78
            unique_operands: 38
            total_operands: 54
            length: 132
            estimated_program_length: 258.025
            purity_ratio: 1.955
            vocabulary: 53
            volume: 756.086
            difficulty: 10.658
            level: 0.094
            effort: 8058.28
            time: 447.682
            bugs: 0.134
          loc:
            sloc: 37
            ploc: 34
            lloc: 10
            cloc: 0
            blank: 3
            sloc_average: 37
            ploc_average: 34
            lloc_average: 10
            cloc_average: 0
            blank_average: 3
            sloc_min: 37
            sloc_max: 37
            cloc_min: 0
            cloc_max: 0
            ploc_min: 34
            ploc_max: 34
            lloc_min: 10
            lloc_max: 10
            blank_min: 3
            blank_max: 3
          nom:
            functions: 0
            closures: 1
            functions_average: 0
            closures_average: 1
            total: 1
            average: 1
            functions_min: 0
            functions_max: 0
            closures_min: 1
            closures_max: 1
          tokens:
            tokens: 185
            average: 185
            min: 185
            max: 185
          mi:
            original: 77.577
            sei: 36.422
            visual_studio: 45.367
          abc:
            assignments: 0
            branches: 12
            conditions: 2
            magnitude: 12.166
            value: 12.166
            assignments_average: 0
            branches_average: 12
            conditions_average: 2
            assignments_min: 0
            assignments_max: 0
            branches_min: 12
            branches_max: 12
            conditions_min: 2
            conditions_max: 2
    metrics:
      nargs:
        function_args: 0
        closure_args: 0
        function_args_average: 0
        closure_args_average: 0
        total: 0
        average: 0
        function_args_min: 0
        function_args_max: 0
        closure_args_min: 0
        closure_args_max: 0
      nexits:
        sum: 0
        average: 0
        min: 0
        max: 0
      cognitive:
        sum: 1
        value: 0
        average: 0.5
        min: 0
        max: 1
      cyclomatic:
        sum: 3
        value: 1
        average: 1.5
        min: 1
        max: 2
        modified:
          sum: 3
          value: 1
          average: 1.5
          min: 1
          max: 2
      halstead:
        unique_operators: 15
        total_operators: 85
        unique_operands: 40
        total_operands: 56
        length: 141
        estimated_program_length: 271.48
        purity_ratio: 1.925
        vocabulary: 55
        volume: 815.172
        difficulty: 10.5
        level: 0.095
        effort: 8559.303
        time: 475.517
        bugs: 0.139
      loc:
        sloc: 39
        ploc: 36
        lloc: 11
        cloc: 0
        blank: 3
        sloc_average: 19.5
        ploc_average: 18
        lloc_average: 5.5
        cloc_average: 0
        blank_average: 1.5
        sloc_min: 37
        sloc_max: 39
        cloc_min: 0
        cloc_max: 0
        ploc_min: 34
        ploc_max: 36
        lloc_min: 10
        lloc_max: 11
        blank_min: 3
        blank_max: 3
      nom:
        functions: 0
        closures: 2
        functions_average: 0
        closures_average: 1
        total: 2
        average: 1
        functions_min: 0
        functions_max: 0
        closures_min: 1
        closures_max: 1
      tokens:
        tokens: 198
        average: 99
        min: 13
        max: 185
      mi:
        original: 76.103
        sei: 34.397
        visual_studio: 44.504
      abc:
        assignments: 0
        branches: 13
        conditions: 2
        magnitude: 13.153
        value: 1
        assignments_average: 0
        branches_average: 6.5
        conditions_average: 1
        assignments_min: 0
        assignments_max: 0
        branches_min: 1
        branches_max: 12
        conditions_min: 0
        conditions_max: 2
metrics:
  nargs:
    function_args: 0
    closure_args: 0
    function_args_average: 0
    closure_args_average: 0
    total: 0
    average: 0
    function_args_min: 0
    function_args_max: 0
    closure_args_min: 0
    closure_args_max: 0
  nexits:
    sum: 0
    average: 0
    min: 0
    max: 0
  cognitive:
    sum: 1
    value: 0
    average: 0.5
    min: 0
    max: 1
  cyclomatic:
    sum: 4
    value: 1
    average: 2
    min: 1
    max: 2
    modified:
      sum: 4
      value: 1
      average: 2
      min: 1
      max: 2
  halstead:
    unique_operators: 17
    total_operators: 106
    unique_operands: 46
    total_operands: 67
    length: 173
    estimated_program_length: 323.571
    purity_ratio: 1.87
    vocabulary: 63
    volume: 1034.069
    difficulty: 12.38
    level: 0.081
    effort: 12802.229
    time: 711.235
    bugs: 0.182
  loc:
    sloc: 62
    ploc: 43
    lloc: 16
    cloc: 14
    blank: 5
    sloc_average: 20.667
    ploc_average: 14.333
    lloc_average: 5.333
    cloc_average: 4.667
    blank_average: 1.667
    sloc_min: 37
    sloc_max: 62
    cloc_min: 0
    cloc_max: 14
    ploc_min: 34
    ploc_max: 43
    lloc_min: 10
    lloc_max: 16
    blank_min: 3
    blank_max: 5
  nom:
    functions: 0
    closures: 2
    functions_average: 0
    closures_average: 0.667
    total: 2
    average: 0.667
    functions_min: 0
    functions_max: 0
    closures_min: 0
    closures_max: 1
  tokens:
    tokens: 245
    average: 81.667
    min: 13
    max: 185
  mi:
    original: 67.126
    sei: 65.61
    visual_studio: 39.255
  abc:
    assignments: 0
    branches: 14
    conditions: 2
    magnitude: 14.142
    value: 1
    assignments_average: 0
    branches_average: 4.667
    conditions_average: 0.667
    assignments_min: 0
    assignments_max: 0
    branches_min: 1
    branches_max: 12
    conditions_min: 0
    conditions_max: 2
  wmc:
    class_wmc_sum: 0
    interface_wmc_sum: 0
    total: 0
  npm:
    class_npm_sum: 0
    interface_npm_sum: 0
    class_methods: 0
    interface_methods: 0
    class_coa: 0
    interface_coa: 0
    total: 0
    total_methods: 0
    coa: 0
  npa:
    class_npa_sum: 0
    interface_npa_sum: 0
    class_attributes: 0
    interface_attributes: 0
    class_cda: 0
    interface_cda: 0
    total: 0
    total_attributes: 0
    cda: 0
